03-06 14:01:37.615  2536  2536 W service : Thread Pool max thread count is 0. Cannot cache binder as linkToDeath cannot be implemented. serviceName: android.hardware.camera.provider.ICameraProvider/internal/0
03-06 14:01:37.615  2536  2536 E IPCThreadState: Binder transaction failure. id: 360130, BR_*: 29201, error: -1 (Operation not permitted)
03-06 14:01:37.615  2536  2536 W service : Thread Pool max thread count is 0. Cannot cache binder as linkToDeath cannot be implemented. serviceName: android.hardware.camera.provider.ICameraProvider/internal/1
03-06 14:01:37.615  2536  2536 E IPCThreadState: Binder transaction failure. id: 360134, BR_*: 29201, error: -1 (Operation not permitted)
03-06 14:01:37.616  2536  2536 W service : Thread Pool max thread count is 0. Cannot cache binder as linkToDeath cannot be implemented. serviceName: android.hardware.cas.IMediaCasService/default
03-06 14:01:37.623  2536  2536 W service : Thread Pool max thread count is 0. Cannot cache binder as linkToDeath cannot be implemented. serviceName: android.hardware.contexthub.IContextHub/default
03-06 14:01:37.623  2536  2536 E IPCThreadState: Binder transaction failure. id: 360147, BR_*: 29201, error: -1 (Operation not permitted)
03-06 14:01:37.623  2536  2536 W service : Thread Pool max thread count is 0. Cannot cache binder as linkToDeath cannot be implemented. serviceName: android.hardware.gatekeeper.IGatekeeper/default
03-06 14:01:37.623  2536  2536 E IPCThreadState: Binder transaction failure. id: 360151, BR_*: 29201, error: -1 (Operation not permitted)
03-06 14:01:37.623  2536  2536 E IPCThreadState: Binder transaction failure. id: 360155, BR_*: 29201, error: -1 (Operation not permitted)
03-06 14:01:37.623  2536  2536 W service : Thread Pool max thread count is 0. Cannot cache binder as linkToDeath cannot be implemented. serviceName: android.hardware.graphics.allocator.IAllocator/default
03-06 14:01:37.624  2536  2536 W service : Thread Pool max thread count is 0. Cannot cache binder as linkToDeath cannot be implemented. serviceName: android.hardware.graphics.composer3.IComposer/default
03-06 14:01:37.624  2536  2536 E IPCThreadState: Binder transaction failure. id: 360164, BR_*: 29201, error: -1 (Operation not permitted)
03-06 14:01:37.624  2536  2536 W service : Thread Pool max thread count is 0. Cannot cache binder as linkToDeath cannot be implemented. serviceName: android.hardware.health.IHealth/default
03-06 14:01:37.624  2536  2536 E IPCThreadState: Binder transaction failure. id: 360168, BR_*: 29201, error: -1 (Operation not permitted)
03-06 14:01:37.624  2536  2536 W service : Thread Pool max thread count is 0. Cannot cache binder as linkToDeath cannot be implemented. serviceName: android.hardware.identity.IIdentityCredentialStore/default
03-06 14:01:37.624  2536  2536 E IPCThreadState: Binder transaction failure. id: 360172, BR_*: 29201, error: -1 (Operation not permitted)
03-06 14:01:37.624  2536  2536 W service : Thread Pool max thread count is 0. Cannot cache binder as linkToDeath cannot be implemented. serviceName: android.hardware.light.ILights/default
03-06 14:01:37.624  2536  2536 E IPCThreadState: Binder transaction failure. id: 360176, BR_*: 29201, error: -1 (Operation not permitted)
03-06 14:01:37.624  2536  2536 W service : Thread Pool max thread count is 0. Cannot cache binder as linkToDeath cannot be implemented. serviceName: android.hardware.media.c2.IComponentStore/software
03-06 14:01:37.627   685   709 W ActivityTaskManager: Unable to send transaction to client proc io.github.eucsoh.android: no app thread
03-06 14:01:37.639  2536  2536 W service : Thread Pool max thread count is 0. Cannot cache binder as linkToDeath cannot be implemented. serviceName: android.hardware.neuralnetworks.IDevice/nnapi-sample_all
03-06 14:01:37.651  2536  2536 W service : Thread Pool max thread count is 0. Cannot cache binder as linkToDeath cannot be implemented. serviceName: android.hardware.neuralnetworks.IDevice/nnapi-sample_quant
03-06 14:01:37.658  1414  1421 W droid.launcher3: Reducing the number of considered missed Gc histogram windows from 141 to 100
03-06 14:01:37.659  2536  2536 W service : Thread Pool max thread count is 0. Cannot cache binder as linkToDeath cannot be implemented. serviceName: android.hardware.neuralnetworks.IDevice/nnapi-sample_sl_shim
03-06 14:01:37.659  2536  2536 W service : Thread Pool max thread count is 0. Cannot cache binder as linkToDeath cannot be implemented. serviceName: android.hardware.power.IPower/default
03-06 14:01:37.660  2536  2536 E IPCThreadState: Binder transaction failure. id: 360244, BR_*: 29201, error: -1 (Operation not permitted)
03-06 14:01:37.661  2536  2536 W service : Thread Pool max thread count is 0. Cannot cache binder as linkToDeath cannot be implemented. serviceName: android.hardware.power.stats.IPowerStats/default
03-06 14:01:37.661  2536  2536 E IPCThreadState: Binder transaction failure. id: 360249, BR_*: 29201, error: -1 (Operation not permitted)
03-06 14:01:37.661  2536  2536 W service : Thread Pool max thread count is 0. Cannot cache binder as linkToDeath cannot be implemented. serviceName: android.hardware.radio.config.IRadioConfig/default
03-06 14:01:37.661  2536  2536 E IPCThreadState: Binder transaction failure. id: 360253, BR_*: 29201, error: -1 (Operation not permitted)
03-06 14:01:37.662  2536  2536 W service : Thread Pool max thread count is 0. Cannot cache binder as linkToDeath cannot be implemented. serviceName: android.hardware.radio.data.IRadioData/slot1
03-06 14:01:37.662  2536  2536 E IPCThreadState: Binder transaction failure. id: 360257, BR_*: 29201, error: -1 (Operation not permitted)
03-06 14:01:37.662  2536  2536 W service : Thread Pool max thread count is 0. Cannot cache binder as linkToDeath cannot be implemented. serviceName: android.hardware.radio.ims.IRadioIms/slot1
03-06 14:01:37.662  2536  2536 E IPCThreadState: Binder transaction failure. id: 360261, BR_*: 29201, error: -1 (Operation not permitted)
03-06 14:01:37.663  2536  2536 W service : Thread Pool max thread count is 0. Cannot cache binder as linkToDeath cannot be implemented. serviceName: android.hardware.radio.ims.media.IImsMedia/default
03-06 14:01:37.663  2536  2536 E IPCThreadState: Binder transaction failure. id: 360265, BR_*: 29201, error: -1 (Operation not permitted)
03-06 14:01:37.664  2536  2536 W service : Thread Pool max thread count is 0. Cannot cache binder as linkToDeath cannot be implemented. serviceName: android.hardware.radio.messaging.IRadioMessaging/slot1
03-06 14:01:37.665  2536  2536 E IPCThreadState: Binder transaction failure. id: 360271, BR_*: 29201, error: -1 (Operation not permitted)
03-06 14:01:37.666  2536  2536 W service : Thread Pool max thread count is 0. Cannot cache binder as linkToDeath cannot be implemented. serviceName: android.hardware.radio.modem.IRadioModem/slot1
03-06 14:01:37.666  2536  2536 E IPCThreadState: Binder transaction failure. id: 360275, BR_*: 29201, error: -1 (Operation not permitted)
03-06 14:01:37.666  2536  2536 W service : Thread Pool max thread count is 0. Cannot cache binder as linkToDeath cannot be implemented. serviceName: android.hardware.radio.network.IRadioNetwork/slot1
03-06 14:01:37.666  2536  2536 E IPCThreadState: Binder transaction failure. id: 360279, BR_*: 29201, error: -1 (Operation not permitted)
03-06 14:01:37.666  2536  2536 W service : Thread Pool max thread count is 0. Cannot cache binder as linkToDeath cannot be implemented. serviceName: android.hardware.radio.sap.ISap/slot1
03-06 14:01:37.667  2536  2536 E IPCThreadState: Binder transaction failure. id: 360283, BR_*: 29201, error: -1 (Operation not permitted)
03-06 14:01:37.667  2536  2536 W service : Thread Pool max thread count is 0. Cannot cache binder as linkToDeath cannot be implemented. serviceName: android.hardware.radio.sim.IRadioSim/slot1
03-06 14:01:37.667  2536  2536 E IPCThreadState: Binder transaction failure. id: 360287, BR_*: 29201, error: -1 (Operation not permitted)
03-06 14:01:37.667  2536  2536 W service : Thread Pool max thread count is 0. Cannot cache binder as linkToDeath cannot be implemented. serviceName: android.hardware.radio.voice.IRadioVoice/slot1
03-06 14:01:37.667  2536  2536 E IPCThreadState: Binder transaction failure. id: 360291, BR_*: 29201, error: -1 (Operation not permitted)
03-06 14:01:37.667  2536  2536 W service : Thread Pool max thread count is 0. Cannot cache binder as linkToDeath cannot be implemented. serviceName: android.hardware.rebootescrow.IRebootEscrow/default
03-06 14:01:37.667  2536  2536 E IPCThreadState: Binder transaction failure. id: 360296, BR_*: 29201, error: -1 (Operation not permitted)
03-06 14:01:37.669  2536  2536 W service : Thread Pool max thread count is 0. Cannot cache binder as linkToDeath cannot be implemented. serviceName: android.hardware.security.keymint.IRemotelyProvisionedComponent/default
03-06 14:01:37.671  2536  2536 W service : Thread Pool max thread count is 0. Cannot cache binder as linkToDeath cannot be implemented. serviceName: android.hardware.security.sharedsecret.ISharedSecret/gatekeeper
03-06 14:01:37.672  2536  2536 E IPCThreadState: Binder transaction failure. id: 360315, BR_*: 29201, error: -1 (Operation not permitted)
03-06 14:01:37.672  2536  2536 W service : Thread Pool max thread count is 0. Cannot cache binder as linkToDeath cannot be implemented. serviceName: android.hardware.sensors.ISensors/default
03-06 14:01:37.672  2536  2536 E IPCThreadState: Binder transaction failure. id: 360319, BR_*: 29201, error: -1 (Operation not permitted)
03-06 14:01:37.672  2536  2536 W service : Thread Pool max thread count is 0. Cannot cache binder as linkToDeath cannot be implemented. serviceName: android.hardware.thermal.IThermal/default
03-06 14:01:37.672  2536  2536 E IPCThreadState: Binder transaction failure. id: 360323, BR_*: 29201, error: -1 (Operation not permitted)
03-06 14:01:37.672  2536  2536 W service : Thread Pool max thread count is 0. Cannot cache binder as linkToDeath cannot be implemented. serviceName: android.hardware.threadnetwork.IThreadChip/chip0
03-06 14:01:37.672  2536  2536 E IPCThreadState: Binder transaction failure. id: 360327, BR_*: 29201, error: -1 (Operation not permitted)
03-06 14:01:37.728     0     0 E SELinux : avc:  denied  { find } for pid=2536 uid=2000 name=android.hardware.security.keymint.IKeyMintDevice/default scontext=u:r:shell:s0 tcontext=u:object_r:hal_keymint_service:s0 tclass=service_manager permissive=0
03-06 14:01:37.729     0     0 E SELinux : avc:  denied  { find } for pid=2536 uid=2000 name=android.hardware.security.secureclock.ISecureClock/default scontext=u:r:shell:s0 tcontext=u:object_r:hal_secureclock_service:s0 tclass=service_manager permissive=0
03-06 14:01:37.731     0     0 E SELinux : avc:  denied  { find } for pid=2536 uid=2000 name=android.hardware.security.sharedsecret.ISharedSecret/default scontext=u:r:shell:s0 tcontext=u:object_r:hal_sharedsecret_service:s0 tclass=service_manager permissive=0
03-06 14:01:37.672  2536  2536 W service : Thread Pool max thread count is 0. Cannot cache binder as linkToDeath cannot be implemented. serviceName: android.hardware.usb.IUsb/default
03-06 14:01:37.672  2536  2536 E IPCThreadState: Binder transaction failure. id: 360331, BR_*: 29201, error: -1 (Operation not permitted)
03-06 14:01:37.673  2536  2536 W service : Thread Pool max thread count is 0. Cannot cache binder as linkToDeath cannot be implemented. serviceName: android.hardware.uwb.IUwb/default
03-06 14:01:37.673  2536  2536 E IPCThreadState: Binder transaction failure. id: 360337, BR_*: 29201, error: -1 (Operation not permitted)
03-06 14:01:37.673  2536  2536 W service : Thread Pool max thread count is 0. Cannot cache binder as linkToDeath cannot be implemented. serviceName: android.hardware.vibrator.IVibrator/default
03-06 14:01:37.673  2536  2536 E IPCThreadState: Binder transaction failure. id: 360341, BR_*: 29201, error: -1 (Operation not permitted)
03-06 14:01:37.673  2536  2536 W service : Thread Pool max thread count is 0. Cannot cache binder as linkToDeath cannot be implemented. serviceName: android.hardware.vibrator.IVibratorManager/default
03-06 14:01:37.673  2536  2536 E IPCThreadState: Binder transaction failure. id: 360345, BR_*: 29201, error: -1 (Operation not permitted)
03-06 14:01:37.674  2536  2536 W service : Thread Pool max thread count is 0. Cannot cache binder as linkToDeath cannot be implemented. serviceName: android.hardware.wifi.IWifi/default
03-06 14:01:37.674  2536  2536 E IPCThreadState: Binder transaction failure. id: 360349, BR_*: 29201, error: -1 (Operation not permitted)
03-06 14:01:37.674  2536  2536 W service : Thread Pool max thread count is 0. Cannot cache binder as linkToDeath cannot be implemented. serviceName: android.hardware.wifi.supplicant.ISupplicant/default
03-06 14:01:37.674  2536  2536 E IPCThreadState: Binder transaction failure. id: 360353, BR_*: 29201, error: -1 (Operation not permitted)
03-06 14:01:37.674  2536  2536 W service : Thread Pool max thread count is 0. Cannot cache binder as linkToDeath cannot be implemented. serviceName: android.security.apc
03-06 14:01:37.679  2536  2536 W service : Thread Pool max thread count is 0. Cannot cache binder as linkToDeath cannot be implemented. serviceName: android.security.authorization
03-06 14:01:37.681  2536  2536 W service : Thread Pool max thread count is 0. Cannot cache binder as linkToDeath cannot be implemented. serviceName: android.security.compat
03-06 14:01:37.681  2536  2536 W service : Thread Pool max thread count is 0. Cannot cache binder as linkToDeath cannot be implemented. serviceName: android.security.identity
03-06 14:01:37.682  2536  2536 W service : Thread Pool max thread count is 0. Cannot cache binder as linkToDeath cannot be implemented. serviceName: android.security.legacykeystore
03-06 14:01:37.682  2536  2536 W service : Thread Pool max thread count is 0. Cannot cache binder as linkToDeath cannot be implemented. serviceName: android.security.maintenance
03-06 14:01:37.682  2536  2536 W service : Thread Pool max thread count is 0. Cannot cache binder as linkToDeath cannot be implemented. serviceName: android.security.metrics
03-06 14:01:37.684  2536  2536 W service : Thread Pool max thread count is 0. Cannot cache binder as linkToDeath cannot be implemented. serviceName: android.system.keystore2.IKeystoreService/default
03-06 14:01:37.685  2536  2536 W service : Thread Pool max thread count is 0. Cannot cache binder as linkToDeath cannot be implemented. serviceName: android.system.net.netd.INetd/default
03-06 14:01:37.685  2536  2536 E IPCThreadState: Binder transaction failure. id: 360412, BR_*: 29201, error: -1 (Operation not permitted)
03-06 14:01:37.685  2536  2536 W service : Thread Pool max thread count is 0. Cannot cache binder as linkToDeath cannot be implemented. serviceName: android.system.suspend.ISystemSuspend/default
03-06 14:01:37.685  2536  2536 E IPCThreadState: Binder transaction failure. id: 360416, BR_*: 29201, error: -1 (Operation not permitted)
03-06 14:01:37.686  2536  2536 W service : Thread Pool max thread count is 0. Cannot cache binder as linkToDeath cannot be implemented. serviceName: android.system.vold.IVold/default
03-06 14:01:37.686  2536  2536 E IPCThreadState: Binder transaction failure. id: 360420, BR_*: 29201, error: -1 (Operation not permitted)
03-06 14:01:37.686  2536  2536 W service : Thread Pool max thread count is 0. Cannot cache binder as linkToDeath cannot be implemented. serviceName: app_binding
03-06 14:01:37.687  2536  2536 E Parcel  : Reading a NULL string not supported here.
03-06 14:01:37.687  2536  2536 W service : Thread Pool max thread count is 0. Cannot cache binder as linkToDeath cannot be implemented. serviceName: app_function
03-06 14:01:37.687  2536  2536 W service : Thread Pool max thread count is 0. Cannot cache binder as linkToDeath cannot be implemented. serviceName: app_hibernation
03-06 14:01:37.688  2536  2536 W service : Thread Pool max thread count is 0. Cannot cache binder as linkToDeath cannot be implemented. serviceName: app_integrity
03-06 14:01:37.688  2536  2536 W service : Thread Pool max thread count is 0. Cannot cache binder as linkToDeath cannot be implemented. serviceName: app_search
03-06 14:01:37.742     0     0 E SELinux : avc:  denied  { find } for pid=2536 uid=2000 name=android.service.gatekeeper.IGateKeeperService scontext=u:r:shell:s0 tcontext=u:object_r:gatekeeper_service:s0 tclass=service_manager permissive=0
03-06 14:01:37.688  2536  2536 W service : Thread Pool max thread count is 0. Cannot cache binder as linkToDeath cannot be implemented. serviceName: appops
03-06 14:01:37.688  2536  2536 W service : Thread Pool max thread count is 0. Cannot cache binder as linkToDeath cannot be implemented. serviceName: appwidget
03-06 14:01:37.689  2536  2536 W service : Thread Pool max thread count is 0. Cannot cache binder as linkToDeath cannot be implemented. serviceName: attestation_verification
03-06 14:01:37.689  2536  2536 W service : Thread Pool max thread count is 0. Cannot cache binder as linkToDeath cannot be implemented. serviceName: audio
03-06 14:01:37.690  2536  2536 W service : Thread Pool max thread count is 0. Cannot cache binder as linkToDeath cannot be implemented. serviceName: auth
03-06 14:01:37.690  2536  2536 W service : Thread Pool max thread count is 0. Cannot cache binder as linkToDeath cannot be implemented. serviceName: authentication_policy
03-06 14:01:37.690  2536  2536 W service : Thread Pool max thread count is 0. Cannot cache binder as linkToDeath cannot be implemented. serviceName: autofill
03-06 14:01:37.691  2536  2536 W service : Thread Pool max thread count is 0. Cannot cache binder as linkToDeath cannot be implemented. serviceName: background_install_control
03-06 14:01:37.691  2536  2536 W service : Thread Pool max thread count is 0. Cannot cache binder as linkToDeath cannot be implemented. serviceName: backup
03-06 14:01:37.691  2536  2536 W service : Thread Pool max thread count is 0. Cannot cache binder as linkToDeath cannot be implemented. serviceName: battery
03-06 14:01:37.691  2536  2536 E Parcel  : Reading a NULL string not supported here.
03-06 14:01:37.691  2536  2536 W service : Thread Pool max thread count is 0. Cannot cache binder as linkToDeath cannot be implemented. serviceName: batteryproperties
03-06 14:01:37.691  2536  2536 W service : Thread Pool max thread count is 0. Cannot cache binder as linkToDeath cannot be implemented. serviceName: batterystats
03-06 14:01:37.691  2536  2536 W service : Thread Pool max thread count is 0. Cannot cache binder as linkToDeath cannot be implemented. serviceName: binder_calls_stats
03-06 14:01:37.691  2536  2536 E Parcel  : Reading a NULL string not supported here.
03-06 14:01:37.691  2536  2536 W service : Thread Pool max thread count is 0. Cannot cache binder as linkToDeath cannot be implemented. serviceName: biometric
03-06 14:01:37.691  2536  2536 W service : Thread Pool max thread count is 0. Cannot cache binder as linkToDeath cannot be implemented. serviceName: blob_store
03-06 14:01:37.692  2536  2536 W service : Thread Pool max thread count is 0. Cannot cache binder as linkToDeath cannot be implemented. serviceName: bluetooth_manager
03-06 14:01:37.692  2536  2536 W service : Thread Pool max thread count is 0. Cannot cache binder as linkToDeath cannot be implemented. serviceName: bugreport
03-06 14:01:37.692  2536  2536 W service : Thread Pool max thread count is 0. Cannot cache binder as linkToDeath cannot be implemented. serviceName: cacheinfo
03-06 14:01:37.692  2536  2536 E Parcel  : Reading a NULL string not supported here.
03-06 14:01:37.692  2536  2536 W service : Thread Pool max thread count is 0. Cannot cache binder as linkToDeath cannot be implemented. serviceName: carrier_config
03-06 14:01:37.692  2536  2536 W service : Thread Pool max thread count is 0. Cannot cache binder as linkToDeath cannot be implemented. serviceName: clipboard
03-06 14:01:37.692  2536  2536 W service : Thread Pool max thread count is 0. Cannot cache binder as linkToDeath cannot be implemented. serviceName: color_display
03-06 14:01:37.692  2536  2536 W service : Thread Pool max thread count is 0. Cannot cache binder as linkToDeath cannot be implemented. serviceName: companiondevice
03-06 14:01:37.693  2536  2536 W service : Thread Pool max thread count is 0. Cannot cache binder as linkToDeath cannot be implemented. serviceName: connectivity
03-06 14:01:37.693  2536  2536 W service : Thread Pool max thread count is 0. Cannot cache binder as linkToDeath cannot be implemented. serviceName: connectivity_native
03-06 14:01:37.693  2536  2536 W service : Thread Pool max thread count is 0. Cannot cache binder as linkToDeath cannot be implemented. serviceName: connmetrics
03-06 14:01:37.693  2536  2536 W service : Thread Pool max thread count is 0. Cannot cache binder as linkToDeath cannot be implemented. serviceName: content
03-06 14:01:37.693  2536  2536 W service : Thread Pool max thread count is 0. Cannot cache binder as linkToDeath cannot be implemented. serviceName: contexthub
03-06 14:01:37.693  2536  2536 W service : Thread Pool max thread count is 0. Cannot cache binder as linkToDeath cannot be implemented. serviceName: country_detector
03-06 14:01:37.693  2536  2536 W service : Thread Pool max thread count is 0. Cannot cache binder as linkToDeath cannot be implemented. serviceName: cpu_monitor
03-06 14:01:37.693  2536  2536 E Parcel  : Reading a NULL string not supported here.
03-06 14:01:37.693  2536  2536 W service : Thread Pool max thread count is 0. Cannot cache binder as linkToDeath cannot be implemented. serviceName: cpuinfo
03-06 14:01:37.693  2536  2536 E Parcel  : Reading a NULL string not supported here.
03-06 14:01:37.693  2536  2536 W service : Thread Pool max thread count is 0. Cannot cache binder as linkToDeath cannot be implemented. serviceName: credential
03-06 14:01:37.694  2536  2536 W service : Thread Pool max thread count is 0. Cannot cache binder as linkToDeath cannot be implemented. serviceName: crossprofileapps
03-06 14:01:37.694  2536  2536 W service : Thread Pool max thread count is 0. Cannot cache binder as linkToDeath cannot be implemented. serviceName: dataloader_manager
03-06 14:01:37.694  2536  2536 W service : Thread Pool max thread count is 0. Cannot cache binder as linkToDeath cannot be implemented. serviceName: dbinfo
03-06 14:01:37.694  2536  2536 E Parcel  : Reading a NULL string not supported here.
03-06 14:01:37.694  2536  2536 W service : Thread Pool max thread count is 0. Cannot cache binder as linkToDeath cannot be implemented. serviceName: device_config
03-06 14:01:37.694  2536  2536 E Parcel  : Reading a NULL string not supported here.
03-06 14:01:37.694  2536  2536 W service : Thread Pool max thread count is 0. Cannot cache binder as linkToDeath cannot be implemented. serviceName: device_identifiers
03-06 14:01:37.694  2536  2536 W service : Thread Pool max thread count is 0. Cannot cache binder as linkToDeath cannot be implemented. serviceName: device_lock
03-06 14:01:37.694  2536  2536 W service : Thread Pool max thread count is 0. Cannot cache binder as linkToDeath cannot be implemented. serviceName: device_policy
03-06 14:01:37.695  2536  2536 W service : Thread Pool max thread count is 0. Cannot cache binder as linkToDeath cannot be implemented. serviceName: device_state
03-06 14:01:37.695  2536  2536 W service : Thread Pool max thread count is 0. Cannot cache binder as linkToDeath cannot be implemented. serviceName: deviceidle
03-06 14:01:37.695  2536  2536 W service : Thread Pool max thread count is 0. Cannot cache binder as linkToDeath cannot be implemented. serviceName: devicestoragemonitor
03-06 14:01:37.695  2536  2536 E Parcel  : Reading a NULL string not supported here.
03-06 14:01:37.695  2536  2536 W service : Thread Pool max thread count is 0. Cannot cache binder as linkToDeath cannot be implemented. serviceName: diskstats
03-06 14:01:37.695  2536  2536 E Parcel  : Reading a NULL string not supported here.
03-06 14:01:37.695  2536  2536 W service : Thread Pool max thread count is 0. Cannot cache binder as linkToDeath cannot be implemented. serviceName: display
03-06 14:01:37.697  2536  2536 W service : Thread Pool max thread count is 0. Cannot cache binder as linkToDeath cannot be implemented. serviceName: domain_verification
03-06 14:01:37.697  2536  2536 W service : Thread Pool max thread count is 0. Cannot cache binder as linkToDeath cannot be implemented. serviceName: dreams
03-06 14:01:37.697  2536  2536 W service : Thread Pool max thread count is 0. Cannot cache binder as linkToDeath cannot be implemented. serviceName: dropbox
03-06 14:01:37.698  2536  2536 W service : Thread Pool max thread count is 0. Cannot cache binder as linkToDeath cannot be implemented. serviceName: dynamic_instrumentation
03-06 14:01:37.755     0     0 E SELinux : avc:  denied  { find } for pid=2536 uid=2000 name=dnsresolver scontext=u:r:shell:s0 tcontext=u:object_r:dnsresolver_service:s0 tclass=service_manager permissive=0
03-06 14:01:37.701  2536  2536 W service : Thread Pool max thread count is 0. Cannot cache binder as linkToDeath cannot be implemented. serviceName: dynamic_system
03-06 14:01:37.702  2536  2536 W service : Thread Pool max thread count is 0. Cannot cache binder as linkToDeath cannot be implemented. serviceName: ecm_enhanced_confirmation
03-06 14:01:37.702  2536  2536 W service : Thread Pool max thread count is 0. Cannot cache binder as linkToDeath cannot be implemented. serviceName: emergency_affordance
03-06 14:01:37.702  2536  2536 E Parcel  : Reading a NULL string not supported here.
03-06 14:01:37.703  2536  2536 W service : Thread Pool max thread count is 0. Cannot cache binder as linkToDeath cannot be implemented. serviceName: external_vibrator_service
03-06 14:01:37.703  2536  2536 W service : Thread Pool max thread count is 0. Cannot cache binder as linkToDeath cannot be implemented. serviceName: feature_flags
03-06 14:01:37.703  2536  2536 W service : Thread Pool max thread count is 0. Cannot cache binder as linkToDeath cannot be implemented. serviceName: file_integrity
03-06 14:01:37.703  2536  2536 W service : Thread Pool max thread count is 0. Cannot cache binder as linkToDeath cannot be implemented. serviceName: fingerprint
03-06 14:01:37.704  2536  2536 W service : Thread Pool max thread count is 0. Cannot cache binder as linkToDeath cannot be implemented. serviceName: font
03-06 14:01:37.704  2536  2536 W service : Thread Pool max thread count is 0. Cannot cache binder as linkToDeath cannot be implemented. serviceName: game
03-06 14:01:37.705  2536  2536 W service : Thread Pool max thread count is 0. Cannot cache binder as linkToDeath cannot be implemented. serviceName: gfxinfo
03-06 14:01:37.705  2536  2536 E Parcel  : Reading a NULL string not supported here.
03-06 14:01:37.705  2536  2536 W service : Thread Pool max thread count is 0. Cannot cache binder as linkToDeath cannot be implemented. serviceName: gpu
03-06 14:01:37.705  2536  2536 W service : Thread Pool max thread count is 0. Cannot cache binder as linkToDeath cannot be implemented. serviceName: grammatical_inflection
03-06 14:01:37.706  2536  2536 W service : Thread Pool max thread count is 0. Cannot cache binder as linkToDeath cannot be implemented. serviceName: graphicsstats
03-06 14:01:37.706  2536  2536 W service : Thread Pool max thread count is 0. Cannot cache binder as linkToDeath cannot be implemented. serviceName: hardware_properties
03-06 14:01:37.706  2536  2536 W service : Thread Pool max thread count is 0. Cannot cache binder as linkToDeath cannot be implemented. serviceName: healthconnect
03-06 14:01:37.706  2536  2536 W service : Thread Pool max thread count is 0. Cannot cache binder as linkToDeath cannot be implemented. serviceName: imms
03-06 14:01:37.707  2536  2536 W service : Thread Pool max thread count is 0. Cannot cache binder as linkToDeath cannot be implemented. serviceName: incidentcompanion
03-06 14:01:37.707  2536  2536 W service : Thread Pool max thread count is 0. Cannot cache binder as linkToDeath cannot be implemented. serviceName: incremental
03-06 14:01:37.708  2536  2536 W service : Thread Pool max thread count is 0. Cannot cache binder as linkToDeath cannot be implemented. serviceName: input
03-06 14:01:37.708  2536  2536 W service : Thread Pool max thread count is 0. Cannot cache binder as linkToDeath cannot be implemented. serviceName: input_method
03-06 14:01:37.708  2536  2536 W service : Thread Pool max thread count is 0. Cannot cache binder as linkToDeath cannot be implemented. serviceName: inputflinger
03-06 14:01:37.766     0     0 E SELinux : avc:  denied  { find } for pid=2536 uid=2000 name=incident scontext=u:r:shell:s0 tcontext=u:object_r:incident_service:s0 tclass=service_manager permissive=0
03-06 14:01:37.768     0     0 E SELinux : avc:  denied  { find } for pid=2536 uid=2000 name=installd scontext=u:r:shell:s0 tcontext=u:object_r:installd_service:s0 tclass=service_manager permissive=0
03-06 14:01:37.709  2536  2536 W service : Thread Pool max thread count is 0. Cannot cache binder as linkToDeath cannot be implemented. serviceName: intrusion_detection
03-06 14:01:37.709  2536  2536 W service : Thread Pool max thread count is 0. Cannot cache binder as linkToDeath cannot be implemented. serviceName: ions
03-06 14:01:37.709  2536  2536 W service : Thread Pool max thread count is 0. Cannot cache binder as linkToDeath cannot be implemented. serviceName: iphonesubinfo
03-06 14:01:37.709  2536  2536 W service : Thread Pool max thread count is 0. Cannot cache binder as linkToDeath cannot be implemented. serviceName: ipsec
03-06 14:01:37.709  2536  2536 W service : Thread Pool max thread count is 0. Cannot cache binder as linkToDeath cannot be implemented. serviceName: isms
03-06 14:01:37.709  2536  2536 W service : Thread Pool max thread count is 0. Cannot cache binder as linkToDeath cannot be implemented. serviceName: isub
03-06 14:01:37.710  2536  2536 W service : Thread Pool max thread count is 0. Cannot cache binder as linkToDeath cannot be implemented. serviceName: jobscheduler
03-06 14:01:37.710  2536  2536 W service : Thread Pool max thread count is 0. Cannot cache binder as linkToDeath cannot be implemented. serviceName: launcherapps
03-06 14:01:37.710  2536  2536 W service : Thread Pool max thread count is 0. Cannot cache binder as linkToDeath cannot be implemented. serviceName: legacy_permission
03-06 14:01:37.710  2536  2536 W service : Thread Pool max thread count is 0. Cannot cache binder as linkToDeath cannot be implemented. serviceName: lights
03-06 14:01:37.710  2536  2536 W service : Thread Pool max thread count is 0. Cannot cache binder as linkToDeath cannot be implemented. serviceName: locale
03-06 14:01:37.710  2536  2536 W service : Thread Pool max thread count is 0. Cannot cache binder as linkToDeath cannot be implemented. serviceName: location
03-06 14:01:37.710  2536  2536 W service : Thread Pool max thread count is 0. Cannot cache binder as linkToDeath cannot be implemented. serviceName: location_time_zone_manager
03-06 14:01:37.710  2536  2536 E Parcel  : Reading a NULL string not supported here.
03-06 14:01:37.710  2536  2536 W service : Thread Pool max thread count is 0. Cannot cache binder as linkToDeath cannot be implemented. serviceName: lock_settings
03-06 14:01:37.711  2536  2536 W service : Thread Pool max thread count is 0. Cannot cache binder as linkToDeath cannot be implemented. serviceName: logcat
03-06 14:01:37.711  2536  2536 W service : Thread Pool max thread count is 0. Cannot cache binder as linkToDeath cannot be implemented. serviceName: looper_stats
03-06 14:01:37.714  2536  2536 E Parcel  : Reading a NULL string not supported here.
03-06 14:01:37.714  2536  2536 W service : Thread Pool max thread count is 0. Cannot cache binder as linkToDeath cannot be implemented. serviceName: manager
03-06 14:01:37.774     0     0 E SELinux : avc:  denied  { find } for pid=2536 uid=2000 name=mdns scontext=u:r:shell:s0 tcontext=u:object_r:mdns_service:s0 tclass=service_manager permissive=0
03-06 14:01:37.717  2536  2536 W service : Thread Pool max thread count is 0. Cannot cache binder as linkToDeath cannot be implemented. serviceName: media.audio_flinger
03-06 14:01:37.718  2536  2536 W service : Thread Pool max thread count is 0. Cannot cache binder as linkToDeath cannot be implemented. serviceName: media.audio_policy
03-06 14:01:37.718  2536  2536 W service : Thread Pool max thread count is 0. Cannot cache binder as linkToDeath cannot be implemented. serviceName: media.camera
03-06 14:01:37.718  2536  2536 W service : Thread Pool max thread count is 0. Cannot cache binder as linkToDeath cannot be implemented. serviceName: media.camera.proxy
03-06 14:01:37.718  2536  2536 W service : Thread Pool max thread count is 0. Cannot cache binder as linkToDeath cannot be implemented. serviceName: media.extractor
03-06 14:01:37.719  2536  2536 W service : Thread Pool max thread count is 0. Cannot cache binder as linkToDeath cannot be implemented. serviceName: media.metrics
03-06 14:01:37.719  2536  2536 W service : Thread Pool max thread count is 0. Cannot cache binder as linkToDeath cannot be implemented. serviceName: media.player
03-06 14:01:37.719  2536  2536 W service : Thread Pool max thread count is 0. Cannot cache binder as linkToDeath cannot be implemented. serviceName: media.resource_manager
03-06 14:01:37.719  2536  2536 W service : Thread Pool max thread count is 0. Cannot cache binder as linkToDeath cannot be implemented. serviceName: media.resource_observer
03-06 14:01:37.720  2536  2536 W service : Thread Pool max thread count is 0. Cannot cache binder as linkToDeath cannot be implemented. serviceName: media_communication
03-06 14:01:37.720  2536  2536 W service : Thread Pool max thread count is 0. Cannot cache binder as linkToDeath cannot be implemented. serviceName: media_metrics
03-06 14:01:37.721  2536  2536 W service : Thread Pool max thread count is 0. Cannot cache binder as linkToDeath cannot be implemented. serviceName: media_projection
03-06 14:01:37.722  2536  2536 W service : Thread Pool max thread count is 0. Cannot cache binder as linkToDeath cannot be implemented. serviceName: media_resource_monitor
03-06 14:01:37.722  2536  2536 W service : Thread Pool max thread count is 0. Cannot cache binder as linkToDeath cannot be implemented. serviceName: media_router
03-06 14:01:37.722  2536  2536 W service : Thread Pool max thread count is 0. Cannot cache binder as linkToDeath cannot be implemented. serviceName: media_session
03-06 14:01:37.723  2536  2536 W service : Thread Pool max thread count is 0. Cannot cache binder as linkToDeath cannot be implemented. serviceName: meminfo
03-06 14:01:37.723  2536  2536 E Parcel  : Reading a NULL string not supported here.
03-06 14:01:37.723  2536  2536 W service : Thread Pool max thread count is 0. Cannot cache binder as linkToDeath cannot be implemented. serviceName: memtrack.proxy
03-06 14:01:37.723  2536  2536 W service : Thread Pool max thread count is 0. Cannot cache binder as linkToDeath cannot be implemented. serviceName: midi
03-06 14:01:37.724  2536  2536 W service : Thread Pool max thread count is 0. Cannot cache binder as linkToDeath cannot be implemented. serviceName: mount
03-06 14:01:37.724  2536  2536 W service : Thread Pool max thread count is 0. Cannot cache binder as linkToDeath cannot be implemented. serviceName: nearby
03-06 14:01:37.784     0     0 E SELinux : avc:  denied  { find } for pid=2536 uid=2000 name=netd scontext=u:r:shell:s0 tcontext=u:object_r:netd_service:s0 tclass=service_manager permissive=0
03-06 14:01:37.729  2536  2536 W service : Thread Pool max thread count is 0. Cannot cache binder as linkToDeath cannot be implemented. serviceName: netd_listener
03-06 14:01:37.729  2536  2536 W service : Thread Pool max thread count is 0. Cannot cache binder as linkToDeath cannot be implemented. serviceName: netpolicy
03-06 14:01:37.731  2536  2536 W service : Thread Pool max thread count is 0. Cannot cache binder as linkToDeath cannot be implemented. serviceName: netstats
03-06 14:01:37.731  2536  2536 W service : Thread Pool max thread count is 0. Cannot cache binder as linkToDeath cannot be implemented. serviceName: network_management
03-06 14:01:37.731  2536  2536 W service : Thread Pool max thread count is 0. Cannot cache binder as linkToDeath cannot be implemented. serviceName: network_score
03-06 14:01:37.731  2536  2536 W service : Thread Pool max thread count is 0. Cannot cache binder as linkToDeath cannot be implemented. serviceName: network_stack
03-06 14:01:37.732  2536  2536 W service : Thread Pool max thread count is 0. Cannot cache binder as linkToDeath cannot be implemented. serviceName: network_time_update_service
03-06 14:01:37.732  2536  2536 E Parcel  : Reading a NULL string not supported here.
03-06 14:01:37.732  2536  2536 W service : Thread Pool max thread count is 0. Cannot cache binder as linkToDeath cannot be implemented. serviceName: network_watchlist
03-06 14:01:37.732  2536  2536 W service : Thread Pool max thread count is 0. Cannot cache binder as linkToDeath cannot be implemented. serviceName: notification
03-06 14:01:37.732  2536  2536 W service : Thread Pool max thread count is 0. Cannot cache binder as linkToDeath cannot be implemented. serviceName: on_device_intelligence
03-06 14:01:37.732  2536  2536 W service : Thread Pool max thread count is 0. Cannot cache binder as linkToDeath cannot be implemented. serviceName: ondevicepersonalization_system_service
03-06 14:01:37.733  2536  2536 E IPCThreadState: Binder transaction failure. id: 361085, BR_*: 29201, error: -1 (Operation not permitted)
03-06 14:01:37.733  2536  2536 W service : Thread Pool max thread count is 0. Cannot cache binder as linkToDeath cannot be implemented. serviceName: otadexopt
03-06 14:01:37.733  2536  2536 W service : Thread Pool max thread count is 0. Cannot cache binder as linkToDeath cannot be implemented. serviceName: overlay
03-06 14:01:37.733  2536  2536 W service : Thread Pool max thread count is 0. Cannot cache binder as linkToDeath cannot be implemented. serviceName: pac_proxy
03-06 14:01:37.733  2536  2536 W service : Thread Pool max thread count is 0. Cannot cache binder as linkToDeath cannot be implemented. serviceName: package
03-06 14:01:37.733  2536  2536 W service : Thread Pool max thread count is 0. Cannot cache binder as linkToDeath cannot be implemented. serviceName: package_native
03-06 14:01:37.733  2536  2536 W service : Thread Pool max thread count is 0. Cannot cache binder as linkToDeath cannot be implemented. serviceName: people
03-06 14:01:37.734  2536  2536 W service : Thread Pool max thread count is 0. Cannot cache binder as linkToDeath cannot be implemented. serviceName: performance_hint
03-06 14:01:37.734  2536  2536 W service : Thread Pool max thread count is 0. Cannot cache binder as linkToDeath cannot be implemented. serviceName: permission
03-06 14:01:37.734  2536  2536 W service : Thread Pool max thread count is 0. Cannot cache binder as linkToDeath cannot be implemented. serviceName: permission_checker
03-06 14:01:37.734  2536  2536 W service : Thread Pool max thread count is 0. Cannot cache binder as linkToDeath cannot be implemented. serviceName: permissionmgr
03-06 14:01:37.734  2536  2536 W service : Thread Pool max thread count is 0. Cannot cache binder as linkToDeath cannot be implemented. serviceName: phone
03-06 14:01:37.737  2536  2536 W service : Thread Pool max thread count is 0. Cannot cache binder as linkToDeath cannot be implemented. serviceName: pinner
03-06 14:01:37.737  2536  2536 W service : Thread Pool max thread count is 0. Cannot cache binder as linkToDeath cannot be implemented. serviceName: platform_compat
03-06 14:01:37.737  2536  2536 W service : Thread Pool max thread count is 0. Cannot cache binder as linkToDeath cannot be implemented. serviceName: platform_compat_native
03-06 14:01:37.737  2536  2536 W service : Thread Pool max thread count is 0. Cannot cache binder as linkToDeath cannot be implemented. serviceName: power
03-06 14:01:37.737  2536  2536 W service : Thread Pool max thread count is 0. Cannot cache binder as linkToDeath cannot be implemented. serviceName: powerstats
03-06 14:01:37.738  2536  2536 W service : Thread Pool max thread count is 0. Cannot cache binder as linkToDeath cannot be implemented. serviceName: print
03-06 14:01:37.738  2536  2536 W service : Thread Pool max thread count is 0. Cannot cache binder as linkToDeath cannot be implemented. serviceName: processinfo
03-06 14:01:37.738  2536  2536 W service : Thread Pool max thread count is 0. Cannot cache binder as linkToDeath cannot be implemented. serviceName: procstats
03-06 14:01:37.738  2536  2536 W service : Thread Pool max thread count is 0. Cannot cache binder as linkToDeath cannot be implemented. serviceName: profiling_service
03-06 14:01:37.738  2536  2536 W service : Thread Pool max thread count is 0. Cannot cache binder as linkToDeath cannot be implemented. serviceName: ranging
03-06 14:01:37.738  2536  2536 W service : Thread Pool max thread count is 0. Cannot cache binder as linkToDeath cannot be implemented. serviceName: reboot_readiness
03-06 14:01:37.739  2536  2536 W service : Thread Pool max thread count is 0. Cannot cache binder as linkToDeath cannot be implemented. serviceName: recovery
03-06 14:01:37.739  2536  2536 W service : Thread Pool max thread count is 0. Cannot cache binder as linkToDeath cannot be implemented. serviceName: remote_provisioning
03-06 14:01:37.739  2536  2536 W service : Thread Pool max thread count is 0. Cannot cache binder as linkToDeath cannot be implemented. serviceName: resources
03-06 14:01:37.739  2536  2536 W service : Thread Pool max thread count is 0. Cannot cache binder as linkToDeath cannot be implemented. serviceName: restrictions
03-06 14:01:37.739  2536  2536 W service : Thread Pool max thread count is 0. Cannot cache binder as linkToDeath cannot be implemented. serviceName: role
03-06 14:01:37.744  2536  2536 W service : Thread Pool max thread count is 0. Cannot cache binder as linkToDeath cannot be implemented. serviceName: rollback
03-06 14:01:37.746  2536  2536 W service : Thread Pool max thread count is 0. Cannot cache binder as linkToDeath cannot be implemented. serviceName: runtime
03-06 14:01:37.752  2536  2536 E Parcel  : Reading a NULL string not supported here.
03-06 14:01:37.754  2536  2536 W service : Thread Pool max thread count is 0. Cannot cache binder as linkToDeath cannot be implemented. serviceName: safety_center
03-06 14:01:37.755  2536  2536 W service : Thread Pool max thread count is 0. Cannot cache binder as linkToDeath cannot be implemented. serviceName: scheduling_policy
03-06 14:01:37.756  2536  2536 W service : Thread Pool max thread count is 0. Cannot cache binder as linkToDeath cannot be implemented. serviceName: sdk_sandbox
03-06 14:01:37.756  2536  2536 W service : Thread Pool max thread count is 0. Cannot cache binder as linkToDeath cannot be implemented. serviceName: search
03-06 14:01:37.757  2536  2536 W service : Thread Pool max thread count is 0. Cannot cache binder as linkToDeath cannot be implemented. serviceName: sec_key_att_app_id_provider
03-06 14:01:37.757  2536  2536 W service : Thread Pool max thread count is 0. Cannot cache binder as linkToDeath cannot be implemented. serviceName: secure_element
03-06 14:01:37.757  2536  2536 W service : Thread Pool max thread count is 0. Cannot cache binder as linkToDeath cannot be implemented. serviceName: security_state
03-06 14:01:37.757  2536  2536 W service : Thread Pool max thread count is 0. Cannot cache binder as linkToDeath cannot be implemented. serviceName: sensitive_content_protection_service
03-06 14:01:37.757  2536  2536 W service : Thread Pool max thread count is 0. Cannot cache binder as linkToDeath cannot be implemented. serviceName: sensor_privacy
03-06 14:01:37.758  2536  2536 W service : Thread Pool max thread count is 0. Cannot cache binder as linkToDeath cannot be implemented. serviceName: sensorservice
03-06 14:01:37.758  2536  2536 W service : Thread Pool max thread count is 0. Cannot cache binder as linkToDeath cannot be implemented. serviceName: serial
03-06 14:01:37.758  2536  2536 W service : Thread Pool max thread count is 0. Cannot cache binder as linkToDeath cannot be implemented. serviceName: servicediscovery
03-06 14:01:37.758  2536  2536 W service : Thread Pool max thread count is 0. Cannot cache binder as linkToDeath cannot be implemented. serviceName: settings
03-06 14:01:37.758  2536  2536 E Parcel  : Reading a NULL string not supported here.
03-06 14:01:37.758  2536  2536 W service : Thread Pool max thread count is 0. Cannot cache binder as linkToDeath cannot be implemented. serviceName: shortcut
03-06 14:01:37.758  2536  2536 W service : Thread Pool max thread count is 0. Cannot cache binder as linkToDeath cannot be implemented. serviceName: simphonebook
03-06 14:01:37.760  2536  2536 W service : Thread Pool max thread count is 0. Cannot cache binder as linkToDeath cannot be implemented. serviceName: slice
03-06 14:01:37.760  2536  2536 W service : Thread Pool max thread count is 0. Cannot cache binder as linkToDeath cannot be implemented. serviceName: soundtrigger
03-06 14:01:37.760  2536  2536 W service : Thread Pool max thread count is 0. Cannot cache binder as linkToDeath cannot be implemented. serviceName: soundtrigger_middleware
03-06 14:01:37.760  2536  2536 W service : Thread Pool max thread count is 0. Cannot cache binder as linkToDeath cannot be implemented. serviceName: speech_recognition
03-06 14:01:37.760  2536  2536 W service : Thread Pool max thread count is 0. Cannot cache binder as linkToDeath cannot be implemented. serviceName: stats
03-06 14:01:37.761  2536  2536 W service : Thread Pool max thread count is 0. Cannot cache binder as linkToDeath cannot be implemented. serviceName: statsbootstrap
03-06 14:01:37.761  2536  2536 W service : Thread Pool max thread count is 0. Cannot cache binder as linkToDeath cannot be implemented. serviceName: statscompanion
03-06 14:01:37.761  2536  2536 W service : Thread Pool max thread count is 0. Cannot cache binder as linkToDeath cannot be implemented. serviceName: statsmanager
03-06 14:01:37.761  2536  2536 W service : Thread Pool max thread count is 0. Cannot cache binder as linkToDeath cannot be implemented. serviceName: statusbar
03-06 14:01:37.762  2536  2536 W service : Thread Pool max thread count is 0. Cannot cache binder as linkToDeath cannot be implemented. serviceName: storaged
03-06 14:01:37.764  2536  2536 W service : Thread Pool max thread count is 0. Cannot cache binder as linkToDeath cannot be implemented. serviceName: storaged_pri
03-06 14:01:37.764  2536  2536 W service : Thread Pool max thread count is 0. Cannot cache binder as linkToDeath cannot be implemented. serviceName: storagestats
03-06 14:01:37.765  2536  2536 W service : Thread Pool max thread count is 0. Cannot cache binder as linkToDeath cannot be implemented. serviceName: supervision
03-06 14:01:37.768  2536  2536 W service : Thread Pool max thread count is 0. Cannot cache binder as linkToDeath cannot be implemented. serviceName: system_config
03-06 14:01:37.768  2536  2536 W service : Thread Pool max thread count is 0. Cannot cache binder as linkToDeath cannot be implemented. serviceName: system_server_dumper
03-06 14:01:37.825     0     0 E SELinux : avc:  denied  { find } for pid=2536 uid=2000 name=suspend_control scontext=u:r:shell:s0 tcontext=u:object_r:system_suspend_control_service:s0 tclass=service_manager permissive=0
03-06 14:01:37.827     0     0 E SELinux : avc:  denied  { find } for pid=2536 uid=2000 name=suspend_control_internal scontext=u:r:shell:s0 tcontext=u:object_r:system_suspend_control_internal_service:s0 tclass=service_manager permissive=0
03-06 14:01:37.768  2536  2536 E Parcel  : Reading a NULL string not supported here.
03-06 14:01:37.768  2536  2536 W service : Thread Pool max thread count is 0. Cannot cache binder as linkToDeath cannot be implemented. serviceName: system_update
03-06 14:01:37.769  2536  2536 W service : Thread Pool max thread count is 0. Cannot cache binder as linkToDeath cannot be implemented. serviceName: telecom
03-06 14:01:37.769  2536  2536 W service : Thread Pool max thread count is 0. Cannot cache binder as linkToDeath cannot be implemented. serviceName: telephony.registry
03-06 14:01:37.769  2536  2536 W service : Thread Pool max thread count is 0. Cannot cache binder as linkToDeath cannot be implemented. serviceName: telephony_ims
03-06 14:01:37.769  2536  2536 W service : Thread Pool max thread count is 0. Cannot cache binder as linkToDeath cannot be implemented. serviceName: testharness
03-06 14:01:37.769  2536  2536 E Parcel  : Reading a NULL string not supported here.
03-06 14:01:37.770  2536  2536 W service : Thread Pool max thread count is 0. Cannot cache binder as linkToDeath cannot be implemented. serviceName: tethering
03-06 14:01:37.770  2536  2536 W service : Thread Pool max thread count is 0. Cannot cache binder as linkToDeath cannot be implemented. serviceName: textclassification
03-06 14:01:37.770  2536  2536 W service : Thread Pool max thread count is 0. Cannot cache binder as linkToDeath cannot be implemented. serviceName: textservices
03-06 14:01:37.770  2536  2536 W service : Thread Pool max thread count is 0. Cannot cache binder as linkToDeath cannot be implemented. serviceName: texttospeech
03-06 14:01:37.770  2536  2536 W service : Thread Pool max thread count is 0. Cannot cache binder as linkToDeath cannot be implemented. serviceName: thermalservice
03-06 14:01:37.770  2536  2536 W service : Thread Pool max thread count is 0. Cannot cache binder as linkToDeath cannot be implemented. serviceName: thread_network
