03-06 14:01:38.013  2546  2546 W service : Thread Pool max thread count is 0. Cannot cache binder as linkToDeath cannot be implemented. serviceName: network_score
03-06 14:01:38.013  2546  2546 W service : Thread Pool max thread count is 0. Cannot cache binder as linkToDeath cannot be implemented. serviceName: network_stack
03-06 14:01:38.013  2546  2546 W service : Thread Pool max thread count is 0. Cannot cache binder as linkToDeath cannot be implemented. serviceName: network_time_update_service
03-06 14:01:38.013  2546  2546 E Parcel  : Reading a NULL string not supported here.
03-06 14:01:38.013  2546  2546 W service : Thread Pool max thread count is 0. Cannot cache binder as linkToDeath cannot be implemented. serviceName: network_watchlist
03-06 14:01:38.014  2546  2546 W service : Thread Pool max thread count is 0. Cannot cache binder as linkToDeath cannot be implemented. serviceName: notification
03-06 14:01:38.015  2546  2546 W service : Thread Pool max thread count is 0. Cannot cache binder as linkToDeath cannot be implemented. serviceName: on_device_intelligence
03-06 14:01:38.015  2546  2546 W service : Thread Pool max thread count is 0. Cannot cache binder as linkToDeath cannot be implemented. serviceName: ondevicepersonalization_system_service
03-06 14:01:38.016  2546  2546 E IPCThreadState: Binder transaction failure. id: 362759, BR_*: 29201, error: -1 (Operation not permitted)
03-06 14:01:38.016  2546  2546 W service : Thread Pool max thread count is 0. Cannot cache binder as linkToDeath cannot be implemented. serviceName: otadexopt
03-06 14:01:38.016  2546  2546 W service : Thread Pool max thread count is 0. Cannot cache binder as linkToDeath cannot be implemented. serviceName: overlay
03-06 14:01:38.016  2546  2546 W service : Thread Pool max thread count is 0. Cannot cache binder as linkToDeath cannot be implemented. serviceName: pac_proxy
03-06 14:01:38.016  2546  2546 W service : Thread Pool max thread count is 0. Cannot cache binder as linkToDeath cannot be implemented. serviceName: package
03-06 14:01:38.016  2546  2546 W service : Thread Pool max thread count is 0. Cannot cache binder as linkToDeath cannot be implemented. serviceName: package_native
03-06 14:01:38.016  2546  2546 W service : Thread Pool max thread count is 0. Cannot cache binder as linkToDeath cannot be implemented. serviceName: people
03-06 14:01:38.016  2546  2546 W service : Thread Pool max thread count is 0. Cannot cache binder as linkToDeath cannot be implemented. serviceName: performance_hint
03-06 14:01:38.017  2546  2546 W service : Thread Pool max thread count is 0. Cannot cache binder as linkToDeath cannot be implemented. serviceName: permission
03-06 14:01:38.017  2546  2546 W service : Thread Pool max thread count is 0. Cannot cache binder as linkToDeath cannot be implemented. serviceName: permission_checker
03-06 14:01:38.017  2546  2546 W service : Thread Pool max thread count is 0. Cannot cache binder as linkToDeath cannot be implemented. serviceName: permissionmgr
03-06 14:01:38.017  2546  2546 W service : Thread Pool max thread count is 0. Cannot cache binder as linkToDeath cannot be implemented. serviceName: phone
03-06 14:01:38.017  2546  2546 W service : Thread Pool max thread count is 0. Cannot cache binder as linkToDeath cannot be implemented. serviceName: pinner
03-06 14:01:38.017  2546  2546 W service : Thread Pool max thread count is 0. Cannot cache binder as linkToDeath cannot be implemented. serviceName: platform_compat
03-06 14:01:38.018  2546  2546 W service : Thread Pool max thread count is 0. Cannot cache binder as linkToDeath cannot be implemented. serviceName: platform_compat_native
03-06 14:01:38.018  2546  2546 W service : Thread Pool max thread count is 0. Cannot cache binder as linkToDeath cannot be implemented. serviceName: power
03-06 14:01:38.019  2546  2546 W service : Thread Pool max thread count is 0. Cannot cache binder as linkToDeath cannot be implemented. serviceName: powerstats
03-06 14:01:38.020  2546  2546 W service : Thread Pool max thread count is 0. Cannot cache binder as linkToDeath cannot be implemented. serviceName: print
03-06 14:01:38.020  2546  2546 W service : Thread Pool max thread count is 0. Cannot cache binder as linkToDeath cannot be implemented. serviceName: processinfo
03-06 14:01:38.020  2546  2546 W service : Thread Pool max thread count is 0. Cannot cache binder as linkToDeath cannot be implemented. serviceName: procstats
03-06 14:01:38.020  2546  2546 W service : Thread Pool max thread count is 0. Cannot cache binder as linkToDeath cannot be implemented. serviceName: profiling_service
03-06 14:01:38.021  2546  2546 W service : Thread Pool max thread count is 0. Cannot cache binder as linkToDeath cannot be implemented. serviceName: ranging
03-06 14:01:38.022  2546  2546 W service : Thread Pool max thread count is 0. Cannot cache binder as linkToDeath cannot be implemented. serviceName: reboot_readiness
03-06 14:01:38.026  2546  2546 W service : Thread Pool max thread count is 0. Cannot cache binder as linkToDeath cannot be implemented. serviceName: recovery
03-06 14:01:38.026  2546  2546 W service : Thread Pool max thread count is 0. Cannot cache binder as linkToDeath cannot be implemented. serviceName: remote_provisioning
03-06 14:01:38.026  2546  2546 W service : Thread Pool max thread count is 0. Cannot cache binder as linkToDeath cannot be implemented. serviceName: resources
03-06 14:01:38.027  2546  2546 W service : Thread Pool max thread count is 0. Cannot cache binder as linkToDeath cannot be implemented. serviceName: restrictions
03-06 14:01:38.027  2546  2546 W service : Thread Pool max thread count is 0. Cannot cache binder as linkToDeath cannot be implemented. serviceName: role
03-06 14:01:38.027  2546  2546 W service : Thread Pool max thread count is 0. Cannot cache binder as linkToDeath cannot be implemented. serviceName: rollback
03-06 14:01:38.027  2546  2546 W service : Thread Pool max thread count is 0. Cannot cache binder as linkToDeath cannot be implemented. serviceName: runtime
03-06 14:01:38.028  2546  2546 E Parcel  : Reading a NULL string not supported here.
03-06 14:01:38.028  2546  2546 W service : Thread Pool max thread count is 0. Cannot cache binder as linkToDeath cannot be implemented. serviceName: safety_center
03-06 14:01:38.028  2546  2546 W service : Thread Pool max thread count is 0. Cannot cache binder as linkToDeath cannot be implemented. serviceName: scheduling_policy
03-06 14:01:38.028  2546  2546 W service : Thread Pool max thread count is 0. Cannot cache binder as linkToDeath cannot be implemented. serviceName: sdk_sandbox
03-06 14:01:38.029  2546  2546 W service : Thread Pool max thread count is 0. Cannot cache binder as linkToDeath cannot be implemented. serviceName: search
03-06 14:01:38.029  2546  2546 W service : Thread Pool max thread count is 0. Cannot cache binder as linkToDeath cannot be implemented. serviceName: sec_key_att_app_id_provider
03-06 14:01:38.029  2546  2546 W service : Thread Pool max thread count is 0. Cannot cache binder as linkToDeath cannot be implemented. serviceName: secure_element
03-06 14:01:38.029  2546  2546 W service : Thread Pool max thread count is 0. Cannot cache binder as linkToDeath cannot be implemented. serviceName: security_state
03-06 14:01:38.029  2546  2546 W service : Thread Pool max thread count is 0. Cannot cache binder as linkToDeath cannot be implemented. serviceName: sensitive_content_protection_service
03-06 14:01:38.030  2546  2546 W service : Thread Pool max thread count is 0. Cannot cache binder as linkToDeath cannot be implemented. serviceName: sensor_privacy
03-06 14:01:38.030  2546  2546 W service : Thread Pool max thread count is 0. Cannot cache binder as linkToDeath cannot be implemented. serviceName: sensorservice
03-06 14:01:38.030  2546  2546 W service : Thread Pool max thread count is 0. Cannot cache binder as linkToDeath cannot be implemented. serviceName: serial
03-06 14:01:38.030  2546  2546 W service : Thread Pool max thread count is 0. Cannot cache binder as linkToDeath cannot be implemented. serviceName: servicediscovery
03-06 14:01:38.030  2546  2546 W service : Thread Pool max thread count is 0. Cannot cache binder as linkToDeath cannot be implemented. serviceName: settings
03-06 14:01:38.030  2546  2546 E Parcel  : Reading a NULL string not supported here.
03-06 14:01:38.030  2546  2546 W service : Thread Pool max thread count is 0. Cannot cache binder as linkToDeath cannot be implemented. serviceName: shortcut
03-06 14:01:38.031  2546  2546 W service : Thread Pool max thread count is 0. Cannot cache binder as linkToDeath cannot be implemented. serviceName: simphonebook
03-06 14:01:38.031  2546  2546 W service : Thread Pool max thread count is 0. Cannot cache binder as linkToDeath cannot be implemented. serviceName: slice
03-06 14:01:38.031  2546  2546 W service : Thread Pool max thread count is 0. Cannot cache binder as linkToDeath cannot be implemented. serviceName: soundtrigger
03-06 14:01:38.031  2546  2546 W service : Thread Pool max thread count is 0. Cannot cache binder as linkToDeath cannot be implemented. serviceName: soundtrigger_middleware
03-06 14:01:38.031  2546  2546 W service : Thread Pool max thread count is 0. Cannot cache binder as linkToDeath cannot be implemented. serviceName: speech_recognition
03-06 14:01:38.031  2546  2546 W service : Thread Pool max thread count is 0. Cannot cache binder as linkToDeath cannot be implemented. serviceName: stats
03-06 14:01:38.032  2546  2546 W service : Thread Pool max thread count is 0. Cannot cache binder as linkToDeath cannot be implemented. serviceName: statsbootstrap
03-06 14:01:38.032  2546  2546 W service : Thread Pool max thread count is 0. Cannot cache binder as linkToDeath cannot be implemented. serviceName: statscompanion
03-06 14:01:38.032  2546  2546 W service : Thread Pool max thread count is 0. Cannot cache binder as linkToDeath cannot be implemented. serviceName: statsmanager
03-06 14:01:38.032  2546  2546 W service : Thread Pool max thread count is 0. Cannot cache binder as linkToDeath cannot be implemented. serviceName: statusbar
03-06 14:01:38.032  2546  2546 W service : Thread Pool max thread count is 0. Cannot cache binder as linkToDeath cannot be implemented. serviceName: storaged
03-06 14:01:38.032  2546  2546 W service : Thread Pool max thread count is 0. Cannot cache binder as linkToDeath cannot be implemented. serviceName: storaged_pri
03-06 14:01:38.032  2546  2546 W service : Thread Pool max thread count is 0. Cannot cache binder as linkToDeath cannot be implemented. serviceName: storagestats
03-06 14:01:38.032  2546  2546 W service : Thread Pool max thread count is 0. Cannot cache binder as linkToDeath cannot be implemented. serviceName: supervision
03-06 14:01:38.035  2546  2546 W service : Thread Pool max thread count is 0. Cannot cache binder as linkToDeath cannot be implemented. serviceName: system_config
03-06 14:01:38.035  2546  2546 W service : Thread Pool max thread count is 0. Cannot cache binder as linkToDeath cannot be implemented. serviceName: system_server_dumper
03-06 14:01:38.035  2546  2546 E Parcel  : Reading a NULL string not supported here.
03-06 14:01:38.035  2546  2546 W service : Thread Pool max thread count is 0. Cannot cache binder as linkToDeath cannot be implemented. serviceName: system_update
03-06 14:01:38.035  2546  2546 W service : Thread Pool max thread count is 0. Cannot cache binder as linkToDeath cannot be implemented. serviceName: telecom
03-06 14:01:38.035  2546  2546 W service : Thread Pool max thread count is 0. Cannot cache binder as linkToDeath cannot be implemented. serviceName: telephony.registry
03-06 14:01:38.035  2546  2546 W service : Thread Pool max thread count is 0. Cannot cache binder as linkToDeath cannot be implemented. serviceName: telephony_ims
03-06 14:01:38.036  2546  2546 W service : Thread Pool max thread count is 0. Cannot cache binder as linkToDeath cannot be implemented. serviceName: testharness
03-06 14:01:38.036  2546  2546 E Parcel  : Reading a NULL string not supported here.
03-06 14:01:38.036  2546  2546 W service : Thread Pool max thread count is 0. Cannot cache binder as linkToDeath cannot be implemented. serviceName: tethering
03-06 14:01:38.036  2546  2546 W service : Thread Pool max thread count is 0. Cannot cache binder as linkToDeath cannot be implemented. serviceName: textclassification
03-06 14:01:38.036  2546  2546 W service : Thread Pool max thread count is 0. Cannot cache binder as linkToDeath cannot be implemented. serviceName: textservices
03-06 14:01:38.092     0     0 E SELinux : avc:  denied  { find } for pid=2546 uid=2000 name=suspend_control scontext=u:r:shell:s0 tcontext=u:object_r:system_suspend_control_service:s0 tclass=service_manager permissive=0
03-06 14:01:38.094     0     0 E SELinux : avc:  denied  { find } for pid=2546 uid=2000 name=suspend_control_internal scontext=u:r:shell:s0 tcontext=u:object_r:system_suspend_control_internal_service:s0 tclass=service_manager permissive=0
03-06 14:01:38.036  2546  2546 W service : Thread Pool max thread count is 0. Cannot cache binder as linkToDeath cannot be implemented. serviceName: texttospeech
03-06 14:01:38.036  2546  2546 W service : Thread Pool max thread count is 0. Cannot cache binder as linkToDeath cannot be implemented. serviceName: thermalservice
03-06 14:01:38.037  2546  2546 W service : Thread Pool max thread count is 0. Cannot cache binder as linkToDeath cannot be implemented. serviceName: thread_network
03-06 14:01:38.037  2546  2546 W service : Thread Pool max thread count is 0. Cannot cache binder as linkToDeath cannot be implemented. serviceName: time_detector
03-06 14:01:38.037  2546  2546 W service : Thread Pool max thread count is 0. Cannot cache binder as linkToDeath cannot be implemented. serviceName: time_zone_detector
03-06 14:01:38.037  2546  2546 W service : Thread Pool max thread count is 0. Cannot cache binder as linkToDeath cannot be implemented. serviceName: tracing.proxy
03-06 14:01:38.037  2546  2546 W service : Thread Pool max thread count is 0. Cannot cache binder as linkToDeath cannot be implemented. serviceName: tradeinmode
03-06 14:01:38.037  2546  2546 W service : Thread Pool max thread count is 0. Cannot cache binder as linkToDeath cannot be implemented. serviceName: transparency
03-06 14:01:38.038  2546  2546 W service : Thread Pool max thread count is 0. Cannot cache binder as linkToDeath cannot be implemented. serviceName: trust
03-06 14:01:38.038  2546  2546 W service : Thread Pool max thread count is 0. Cannot cache binder as linkToDeath cannot be implemented. serviceName: uimode
03-06 14:01:38.038  2546  2546 W service : Thread Pool max thread count is 0. Cannot cache binder as linkToDeath cannot be implemented. serviceName: updatelock
03-06 14:01:38.038  2546  2546 W service : Thread Pool max thread count is 0. Cannot cache binder as linkToDeath cannot be implemented. serviceName: uri_grants
03-06 14:01:38.038  2546  2546 W service : Thread Pool max thread count is 0. Cannot cache binder as linkToDeath cannot be implemented. serviceName: usagestats
03-06 14:01:38.038  2546  2546 W service : Thread Pool max thread count is 0. Cannot cache binder as linkToDeath cannot be implemented. serviceName: usb
03-06 14:01:38.039  2546  2546 W service : Thread Pool max thread count is 0. Cannot cache binder as linkToDeath cannot be implemented. serviceName: user
03-06 14:01:38.039  2546  2546 W service : Thread Pool max thread count is 0. Cannot cache binder as linkToDeath cannot be implemented. serviceName: uwb
03-06 14:01:38.039  2546  2546 W service : Thread Pool max thread count is 0. Cannot cache binder as linkToDeath cannot be implemented. serviceName: vcn_management
03-06 14:01:38.039  2546  2546 W service : Thread Pool max thread count is 0. Cannot cache binder as linkToDeath cannot be implemented. serviceName: vibrator_manager
03-06 14:01:38.039  2546  2546 W service : Thread Pool max thread count is 0. Cannot cache binder as linkToDeath cannot be implemented. serviceName: virtualdevice
03-06 14:01:38.039  2546  2546 W service : Thread Pool max thread count is 0. Cannot cache binder as linkToDeath cannot be implemented. serviceName: virtualdevice_native
03-06 14:01:38.039  2546  2546 W service : Thread Pool max thread count is 0. Cannot cache binder as linkToDeath cannot be implemented. serviceName: voiceinteraction
03-06 14:01:38.040  2546  2546 W service : Thread Pool max thread count is 0. Cannot cache binder as linkToDeath cannot be implemented. serviceName: vpn_management
03-06 14:01:38.040  2546  2546 W service : Thread Pool max thread count is 0. Cannot cache binder as linkToDeath cannot be implemented. serviceName: wallpaper
03-06 14:01:38.041  2546  2546 W service : Thread Pool max thread count is 0. Cannot cache binder as linkToDeath cannot be implemented. serviceName: wearable_sensing
03-06 14:01:38.041  2546  2546 W service : Thread Pool max thread count is 0. Cannot cache binder as linkToDeath cannot be implemented. serviceName: webviewupdate
03-06 14:01:38.041  2546  2546 W service : Thread Pool max thread count is 0. Cannot cache binder as linkToDeath cannot be implemented. serviceName: wifi
03-06 14:01:38.041  2546  2546 W service : Thread Pool max thread count is 0. Cannot cache binder as linkToDeath cannot be implemented. serviceName: wifinl80211
03-06 14:01:38.041  2546  2546 E IPCThreadState: Binder transaction failure. id: 363245, BR_*: 29201, error: -1 (Operation not permitted)
03-06 14:01:38.041  2546  2546 W service : Thread Pool max thread count is 0. Cannot cache binder as linkToDeath cannot be implemented. serviceName: wifip2p
03-06 14:01:38.041  2546  2546 W service : Thread Pool max thread count is 0. Cannot cache binder as linkToDeath cannot be implemented. serviceName: wifiscanner
03-06 14:01:38.041  2546  2546 W service : Thread Pool max thread count is 0. Cannot cache binder as linkToDeath cannot be implemented. serviceName: window
03-06 14:01:38.099     0     0 E SELinux : avc:  denied  { find } for pid=2546 uid=2000 name=vold scontext=u:r:shell:s0 tcontext=u:object_r:vold_service:s0 tclass=service_manager permissive=0
03-06 14:01:38.079   685   901 W ActivityTaskManager: callingPackage for (uid=2000, pid=2550) has no WPC
03-06 14:01:38.080   685   901 V GrammaticalInflectionUtils: AttributionSource: AttributionSource { uid = 10150, packageName = null, attributionTag = null, token = android.os.Binder@41ad868, deviceId = 0, next = null } does not have READ_SYSTEM_GRAMMATICAL_GENDER permission.
03-06 14:01:38.081   685   901 W OptProp : Cannot read opt property android.window.PROPERTY_COMPAT_ALLOW_RESIZEABLE_ACTIVITY_OVERRIDES
03-06 14:01:38.081   685   901 W OptProp : Cannot read opt property android.window.PROPERTY_COMPAT_ALLOW_MIN_ASPECT_RATIO_OVERRIDE
03-06 14:01:38.084   685   901 W OptProp : Cannot read opt property android.window.PROPERTY_COMPAT_ALLOW_ORIENTATION_OVERRIDE
03-06 14:01:38.085   685   901 V SplashScreenExceptionList: SplashScreen checking exception for package io.github.eucsoh.android (target sdk:34) -> false
03-06 14:01:38.089   685   901 I ActivityTaskManager: START u0 {act=android.intent.action.MAIN cat=[android.intent.category.LAUNCHER] flg=0x10000000 xflg=0x4 cmp=io.github.eucsoh.android/.MainActivity} with LAUNCH_MULTIPLE from uid 2000 (BAL_ALLOW_PERMISSION) result code=0
03-06 14:01:38.089   931  1044 V WindowManagerShell: Transition requested (#11): android.os.BinderProxy@4db8f0 TransitionRequestInfo { type = OPEN, triggerTask = TaskInfo{userId=0 taskId=16 effectiveUid=10150 displayId=0 isRunning=true baseIntent=Intent { act=android.intent.action.MAIN cat=[android.intent.category.LAUNCHER] flg=0x10000000 cmp=io.github.eucsoh.android/.MainActivity } baseActivity=ComponentInfo{io.github.eucsoh.android/io.github.eucsoh.android.MainActivity} topActivity=ComponentInfo{io.github.eucsoh.android/io.github.eucsoh.android.MainActivity} origActivity=null realActivity=ComponentInfo{io.github.eucsoh.android/io.github.eucsoh.android.MainActivity} numActivities=1 lastActiveTime=2396819 supportsMultiWindow=true resizeMode=1 isResizeable=true minWidth=-1 minHeight=-1 defaultMinSize=220 token=WCT{android.window.IWindowContainerToken$Stub$Proxy@9110e69} topActivityType=1 pictureInPictureParams=null shouldDockBigOverlays=false launchIntoPipHostTaskId=-1 lastParentTaskIdBeforePip=-1 displayCutoutSafeInsets=Rect(0, 0 - 0, 0) topActivityInfo=ActivityInfo{cdd50ee io.github.eucsoh.android.MainActivity} launchCookies=[] positionInParent=Point(0, 0) parentTaskId=-1 isFocused=false isVisible=false isVisibleRequested=false isTopActivityNoDisplay=false isSleeping=false locusId=null displayAreaFeatureId=1 isTopActivityTransparent=false isActivityStackTransparent=false lastNonFullscreenBounds=Rect(277, 628 - 804, 1708) capturedLink=null capturedLinkTimestamp=0 requestedVisibleTypes=-9 topActivityRequestOpenInBrowserEducationTimestamp=0 appCompatTaskInfo=AppCompatTaskInfo { topActivityInSizeCompat=false eligibleForLetterboxEducation= false isLetterboxEducationEnabled= false isLetterboxDoubleTapEnabled= false eligibleForUserAspectRatioButton= false topActivityBoundsLetterboxed= false isFromLetterboxDoubleTap= false topActivityLetterboxVerticalPosition= -1 topActivityLetterboxHorizontalPosition= -1 topActivityLetterboxWidth=-1 topActivityLetterboxHeight=-1 topActivityAppBounds=Rect(0, 0 - 1080, 2274) isUserFullscreenOverrideEnabled=false isSystemFullscreenOverrideEnabled=false hasMinAspectRatioOverride=false topActivityLetterboxBounds=null cameraCompatTaskInfo=CameraCompatTaskInfo { freeformCameraCompatMode=inactive}} topActivityMainWindowFrame=null}, pipChange = null, remoteTransition = null, displayChange = null, flags = 0, debugId = 11 }
03-06 14:01:38.091   931  1109 W HWUI    : Image decoding logging dropped!
03-06 14:01:38.092   931  1109 D SplashScreenView: Build android.window.SplashScreenView{5d18dfa V.E...... ......ID 0,0-0,0}
03-06 14:01:38.092   931  1109 D SplashScreenView: Icon: view: android.widget.ImageView{cd7cfab V.ED..... ......I. 0,0-0,0 #1020542 android:id/splashscreen_icon_view} drawable: com.android.wm.shell.startingsurface.SplashscreenIconDrawableFactory$ImmobileIconDrawable@26bb608 size: 420
03-06 14:01:38.092   931  1109 D SplashScreenView: Branding: view: android.view.View{b8321a1 G.ED..... ......I. 0,0-0,0 #1020541 android:id/splashscreen_branding_view} drawable: null size w: 0 h: 0
03-06 14:01:38.093   931  1044 D ShellSplitScreen: logExit: no-op, mLoggerSessionId is null
03-06 14:01:38.104   685   708 V GrammaticalInflectionUtils: AttributionSource: AttributionSource { uid = 10150, packageName = null, attributionTag = null, token = android.os.Binder@41ad868, deviceId = 0, next = null } does not have READ_SYSTEM_GRAMMATICAL_GENDER permission.
03-06 14:01:38.105  1414  1414 W SplitSelectStateCtor: Missing session instanceIds
03-06 14:01:38.105  1414  1414 D StatsLog: LAUNCHER_SPLIT_SELECTION_EXIT_INTERRUPTED
03-06 14:01:38.106   523   523 I BpBinder: onLastStrongRef automatically unlinking death recipients: 
03-06 14:01:38.112   685   699 D CoreBackPreview: Window{1a8560d u0 Splash Screen io.github.eucsoh.android}: Setting back callback OnBackInvokedCallbackInfo{mCallback=android.window.IOnBackInvokedCallback$Stub$Proxy@6938b10, mPriority=0, mIsAnimationCallback=false, mOverrideBehavior=0}
03-06 14:01:38.119   685   864 I AppWidgetServiceImpl: Received broadcast: android.intent.action.PACKAGE_UNSTOPPED on user 0
03-06 14:01:38.119   685   864 I AppWidgetServiceImpl: Updating package stopped masked state for uid 10150 package io.github.eucsoh.android isStopped false
03-06 14:01:38.121   685   884 D BackgroundInstallControlService: Package event received: 0
03-06 14:01:38.129   463   463 D Zygote  : Forked child process 2554
03-06 14:01:38.130   685   716 I ActivityManager: Start proc 2554:io.github.eucsoh.android/u0a150 for next-top-activity {io.github.eucsoh.android/io.github.eucsoh.android.MainActivity}
03-06 14:01:38.130   685   716 I ActivityManager: ProcessObserver broadcast disabled
03-06 14:01:38.151  1414  1414 W FrameTracker: Missed App frame:UNKNOWN: 3, 148932, 34923037, CUJ=J<LAUNCHER_APP_CLOSE_TO_HOME>
03-06 14:01:38.152  1414  1414 W FrameTracker: Missed SF frame:UNKNOWN: 3, 148932, 34923037, CUJ=J<LAUNCHER_APP_CLOSE_TO_HOME>
03-06 14:01:38.152  1414  1414 W FrameTracker: Missed App frame:UNKNOWN: 3, 148969, 57230710, CUJ=J<LAUNCHER_APP_CLOSE_TO_HOME>
03-06 14:01:38.152  1414  1414 W FrameTracker: Missed SF frame:UNKNOWN: 3, 148969, 57230710, CUJ=J<LAUNCHER_APP_CLOSE_TO_HOME>
03-06 14:01:38.152  1414  1414 W FrameTracker: Missed SF frame:JANK_COMPOSER, 148991, 40613535, CUJ=J<LAUNCHER_APP_CLOSE_TO_HOME>
03-06 14:01:38.152  1414  1414 W FrameTracker: Missed SF frame:JANK_COMPOSER, 149006, 50184321, CUJ=J<LAUNCHER_APP_CLOSE_TO_HOME>
03-06 14:01:38.152  1414  1414 W FrameTracker: Missed SF frame:JANK_COMPOSER, 149021, 66890812, CUJ=J<LAUNCHER_APP_CLOSE_TO_HOME>
03-06 14:01:38.152  1414  1414 W FrameTracker: Missed SF frame:JANK_COMPOSER, 149044, 45763861, CUJ=J<LAUNCHER_APP_CLOSE_TO_HOME>
03-06 14:01:38.152  1414  1414 W FrameTracker: Missed SF frame:JANK_COMPOSER, 149059, 49243728, CUJ=J<LAUNCHER_APP_CLOSE_TO_HOME>
03-06 14:01:38.152  1414  1414 W FrameTracker: Missed App frame:UNKNOWN: 3, 149067, 52403099, CUJ=J<LAUNCHER_APP_CLOSE_TO_HOME>
03-06 14:01:38.152  1414  1414 W FrameTracker: Missed SF frame:UNKNOWN: 3, 149067, 52403099, CUJ=J<LAUNCHER_APP_CLOSE_TO_HOME>
03-06 14:01:38.152  1414  1414 W FrameTracker: Missed App frame:UNKNOWN: 3, 149091, 66842476, CUJ=J<LAUNCHER_APP_CLOSE_TO_HOME>
03-06 14:01:38.152  1414  1414 W FrameTracker: Missed SF frame:UNKNOWN: 3, 149091, 66842476, CUJ=J<LAUNCHER_APP_CLOSE_TO_HOME>
03-06 14:01:38.152  1414  1414 W FrameTracker: Missed App frame:UNKNOWN: 3, 149099, 83884623, CUJ=J<LAUNCHER_APP_CLOSE_TO_HOME>
03-06 14:01:38.152  1414  1414 W FrameTracker: Missed SF frame:UNKNOWN: 3, 149099, 83884623, CUJ=J<LAUNCHER_APP_CLOSE_TO_HOME>
03-06 14:01:38.152  1414  1414 W FrameTracker: Missed SF frame:JANK_COMPOSER, 149107, 83573273, CUJ=J<LAUNCHER_APP_CLOSE_TO_HOME>
03-06 14:01:38.152  1414  1414 W FrameTracker: Missed App frame:UNKNOWN: 3, 149123, 66796289, CUJ=J<LAUNCHER_APP_CLOSE_TO_HOME>
03-06 14:01:38.152  1414  1414 W FrameTracker: Missed SF frame:UNKNOWN: 3, 149123, 66796289, CUJ=J<LAUNCHER_APP_CLOSE_TO_HOME>
03-06 14:01:38.152  1414  1414 W FrameTracker: Missed App frame:UNKNOWN: 3, 149131, 67429419, CUJ=J<LAUNCHER_APP_CLOSE_TO_HOME>
03-06 14:01:38.153  1414  1414 W FrameTracker: Missed SF frame:UNKNOWN: 3, 149131, 67429419, CUJ=J<LAUNCHER_APP_CLOSE_TO_HOME>
03-06 14:01:38.153  1414  1414 W FrameTracker: Missed SF frame:JANK_COMPOSER, 149153, 59082096, CUJ=J<LAUNCHER_APP_CLOSE_TO_HOME>
03-06 14:01:38.153  1414  1414 W FrameTracker: Missed SF frame:JANK_COMPOSER, 149169, 66898454, CUJ=J<LAUNCHER_APP_CLOSE_TO_HOME>
03-06 14:01:38.153  1414  1414 W FrameTracker: Missed App frame:UNKNOWN: 3, 149178, 58751432, CUJ=J<LAUNCHER_APP_CLOSE_TO_HOME>
03-06 14:01:38.153  1414  1414 W FrameTracker: Missed SF frame:UNKNOWN: 3, 149178, 58751432, CUJ=J<LAUNCHER_APP_CLOSE_TO_HOME>
03-06 14:01:38.153  1414  1414 W FrameTracker: Missed SF frame:JANK_COMPOSER, 149186, 66867343, CUJ=J<LAUNCHER_APP_CLOSE_TO_HOME>
03-06 14:01:38.153  1414  1414 W FrameTracker: Missed SF frame:JANK_COMPOSER, 149194, 66795567, CUJ=J<LAUNCHER_APP_CLOSE_TO_HOME>
03-06 14:01:38.154  1414  1430 V PerfettoTrigger: Not triggering com.android.telemetry.interaction-jank-monitor-9 - not enough time since last trigger
03-06 14:01:38.154  2554  2554 I .eucsoh.android: Late-enabling -Xcheck:jni
03-06 14:01:38.155   931  1142 V WindowManagerShell: onTransitionReady(transaction=2942052598243)
03-06 14:01:38.156   685   705 V WindowManager: Sent Transition (#11) createdAt=03-06 14:01:38.081 via request=TransitionRequestInfo { type = OPEN, triggerTask = TaskInfo{userId=0 taskId=16 effectiveUid=10150 displayId=0 isRunning=true baseIntent=Intent { act=android.intent.action.MAIN cat=[android.intent.category.LAUNCHER] flg=0x10000000 cmp=io.github.eucsoh.android/.MainActivity } baseActivity=ComponentInfo{io.github.eucsoh.android/io.github.eucsoh.android.MainActivity} topActivity=ComponentInfo{io.github.eucsoh.android/io.github.eucsoh.android.MainActivity} origActivity=null realActivity=ComponentInfo{io.github.eucsoh.android/io.github.eucsoh.android.MainActivity} numActivities=1 lastActiveTime=2396819 supportsMultiWindow=true resizeMode=1 isResizeable=true minWidth=-1 minHeight=-1 defaultMinSize=220 token=WCT{RemoteToken{79ead41 Task{a7add1 #16 type=standard A=10150:io.github.eucsoh.android}}} topActivityType=1 pictureInPictureParams=null shouldDockBigOverlays=false launchIntoPipHostTaskId=-1 lastParentTaskIdBeforePip=-1 displayCutoutSafeInsets=Rect(0, 0 - 0, 0) topActivityInfo=ActivityInfo{a2d62d4 io.github.eucsoh.android.MainActivity} launchCookies=[] positionInParent=Point(0, 0) parentTaskId=-1 isFocused=false isVisible=false isVisibleRequested=false isTopActivityNoDisplay=false isSleeping=false locusId=null displayAreaFeatureId=1 isTopActivityTransparent=false isActivityStackTransparent=false lastNonFullscreenBounds=Rect(277, 628 - 804, 1708) capturedLink=null capturedLinkTimestamp=0 requestedVisibleTypes=-9 topActivityRequestOpenInBrowserEducationTimestamp=0 appCompatTaskInfo=AppCompatTaskInfo { topActivityInSizeCompat=false eligibleForLetterboxEducation= false isLetterboxEducationEnabled= false isLetterboxDoubleTapEnabled= false eligibleForUserAspectRatioButton= false topActivityBoundsLetterboxed= false isFromLetterboxDoubleTap= false topActivityLetterboxVerticalPosition= -1 topActivityLetterboxHorizontalPosition= -1 topActivityLetterboxWidth=-1 topActivityLetterboxHeight=-1 topActivityAppBounds=Rect(0, 0 - 1080, 2274) isUserFullscreenOverrideEnabled=false isSystemFullscreenOverrideEnabled=false hasMinAspectRatioOverride=false topActivityLetterboxBounds=null cameraCompatTaskInfo=CameraCompatTaskInfo { freeformCameraCompatMode=inactive}} topActivityMainWindowFrame=null}, pipChange = null, remoteTransition = null, displayChange = null, flags = 0, debugId = 11 }
03-06 14:01:38.156   685   705 V WindowManager:     startWCT=WindowContainerTransaction { changes= {} hops= [] errorCallbackToken=null taskFragmentOrganizer=null }
03-06 14:01:38.156   685   705 V WindowManager:     info={id=11 t=OPEN f=0x0 trk=0 r=[0@Point(0, 0)] c=[
03-06 14:01:38.156   685   705 V WindowManager:         {WCT{RemoteToken{79ead41 Task{a7add1 #16 type=standard A=10150:io.github.eucsoh.android}}} m=OPEN f=NONE leash=Surface(name=Task=16)/@0xff54a4b sb=Rect(0, 0 - 1080, 2400) eb=Rect(0, 0 - 1080, 2400) epz=Point(1080, 2400) d=0 taskParent=-1},
03-06 14:01:38.156   685   705 V WindowManager:         {WCT{RemoteToken{9ae4204 Task{1841eff #1 type=home}}} m=TO_BACK f=SHOW_WALLPAPER leash=Surface(name=Task=1)/@0xfa4a1f sb=Rect(0, 0 - 1080, 2400) eb=Rect(0, 0 - 1080, 2400) epz=Point(1080, 2400) d=0 taskParent=-1},
03-06 14:01:38.156   685   705 V WindowManager:         {m=TO_BACK f=IS_WALLPAPER leash=Surface(name=WallpaperWindowToken{8de1d06 showWhenLocked=false})/@0x3a859be sb=Rect(0, 0 - 1080, 2400) eb=Rect(0, 0 - 1080, 2400) epz=Point(1080, 2400) d=0}
03-06 14:01:38.156   685   705 V WindowManager:     ]}
03-06 14:01:38.161   931  1044 V WindowManagerShell: onTransitionReady (#11) android.os.BinderProxy@4db8f0: {id=11 t=OPEN f=0x0 trk=0 r=[0@Point(0, 0)] c=[
03-06 14:01:38.161   931  1044 V WindowManagerShell:         {m=OPEN f=NONE leash=Surface(name=Task=16)/@0xdcff99b sb=Rect(0, 0 - 1080, 2400) eb=Rect(0, 0 - 1080, 2400) epz=Point(1080, 2400) d=0 taskParent=-1},
03-06 14:01:38.161   931  1044 V WindowManagerShell:         {m=TO_BACK f=SHOW_WALLPAPER leash=Surface(name=Task=1)/@0x87cb138 sb=Rect(0, 0 - 1080, 2400) eb=Rect(0, 0 - 1080, 2400) epz=Point(1080, 2400) d=0 taskParent=-1},
03-06 14:01:38.161   931  1044 V WindowManagerShell:         {m=TO_BACK f=IS_WALLPAPER leash=Surface(name=WallpaperWindowToken{8de1d06 showWhenLocked=false})/@0x466b511 sb=Rect(0, 0 - 1080, 2400) eb=Rect(0, 0 - 1080, 2400) epz=Point(1080, 2400) d=0}
03-06 14:01:38.161   931  1044 V WindowManagerShell:     ]}
03-06 14:01:38.164   931  1044 V WindowManagerShell: Playing animation for (#11) android.os.BinderProxy@4db8f0@0
03-06 14:01:38.165   931  1044 V ShellRecents: RecentsTransitionHandler.startAnimation: no controller found
03-06 14:01:38.165   931  1044 V WindowManagerShell: Transition doesn't have explicit remote, search filters for match for {id=11 t=OPEN f=0x0 trk=0 r=[0@Point(0, 0)] c=[{m=OPEN f=NONE leash=Surface(name=Task=16)/@0xdcff99b sb=Rect(0, 0 - 1080, 2400) eb=Rect(0, 0 - 1080, 2400) epz=Point(1080, 2400) d=0 taskParent=-1},{m=TO_BACK f=SHOW_WALLPAPER leash=Surface(name=Task=1)/@0x87cb138 sb=Rect(0, 0 - 1080, 2400) eb=Rect(0, 0 - 1080, 2400) epz=Point(1080, 2400) d=0 taskParent=-1},{m=TO_BACK f=IS_WALLPAPER leash=Surface(name=WallpaperWindowToken{8de1d06 showWhenLocked=false})/@0x466b511 sb=Rect(0, 0 - 1080, 2400) eb=Rect(0, 0 - 1080, 2400) epz=Point(1080, 2400) d=0}]}
03-06 14:01:38.165   931  1044 V WindowManagerShell:  Checking filter Pair{{types=[] flags=0x0] notFlags=0x100 checks=[{atype=home independent=true modes=[OPEN,TO_FRONT] flags=NONE mustBeTask=false order=TOP topActivity=ComponentInfo{com.android.launcher3/com.android.launcher3.uioverrides.QuickstepLauncher} launchCookie=null windowingMode=undefined},{atype=standard independent=true modes=[CLOSE,TO_BACK] flags=NONE mustBeTask=false order=ANY topActivity=null launchCookie=null windowingMode=undefined},{NOT atype=undefined independent=true modes=[] flags=NONE mustBeTask=true order=ANY topActivity=null launchCookie=null customAnim=true windowingMode=undefined}]} RemoteTransition { remoteTransition = android.window.IRemoteTransition$Stub$Proxy@5cf9f0, appThread = android.app.IApplicationThread$Stub$Proxy@b5dbb69, debugName = QuickstepLaunchHome }}
03-06 14:01:38.165   931  1044 V WindowManagerShell:  Delegate animation for (#11) to null
03-06 14:01:38.165   931  1044 V WindowManagerShell: start default transition animation, info = {id=11 t=OPEN f=0x0 trk=0 r=[0@Point(0, 0)] c=[{m=OPEN f=NONE leash=Surface(name=Task=16)/@0xdcff99b sb=Rect(0, 0 - 1080, 2400) eb=Rect(0, 0 - 1080, 2400) epz=Point(1080, 2400) d=0 taskParent=-1},{m=TO_BACK f=SHOW_WALLPAPER leash=Surface(name=Task=1)/@0x87cb138 sb=Rect(0, 0 - 1080, 2400) eb=Rect(0, 0 - 1080, 2400) epz=Point(1080, 2400) d=0 taskParent=-1},{m=TO_BACK f=IS_WALLPAPER leash=Surface(name=WallpaperWindowToken{8de1d06 showWhenLocked=false})/@0x466b511 sb=Rect(0, 0 - 1080, 2400) eb=Rect(0, 0 - 1080, 2400) epz=Point(1080, 2400) d=0}]}
03-06 14:01:38.165   931  1044 V WindowManagerShell: loadAnimation: anim=android.view.animation.AnimationSet@9e7a8e4 animAttr=0x13 type=OPEN isEntrance=false
03-06 14:01:38.166   931  1044 V WindowManagerShell: loadAnimation: anim=android.view.animation.AnimationSet@170914d animAttr=0x12 type=OPEN isEntrance=true
03-06 14:01:38.168   931  1044 V WindowManagerShell:  animated by com.android.wm.shell.transition.DefaultTransitionHandler@4ad87d7
03-06 14:01:38.185  2554  2554 I .eucsoh.android: Using CollectorTypeCMC GC.
03-06 14:01:38.186  2554  2554 W .eucsoh.android: Unexpected CPU variant for x86: x86_64.
03-06 14:01:38.186  2554  2554 W .eucsoh.android: Known variants: atom, sandybridge, silvermont, goldmont, goldmont-plus, goldmont-without-sha-xsaves, tremont, kabylake, alderlake, default
03-06 14:01:38.190   543   560 I adbd    : jdwp connection from 2554
03-06 14:01:38.199  2554  2554 D nativeloader: Load libframework-connectivity-tiramisu-jni.so using APEX ns com_android_tethering for caller /apex/com.android.tethering/javalib/framework-connectivity-t.jar: ok
03-06 14:01:38.222   685   884 D BackgroundInstallControlService: Package event received: 0
03-06 14:01:38.229  2554  2554 D nativeloader: Load /data/user/0/io.github.eucsoh.android/code_cache/startup_agents/4d42d08a-agent.so using system ns (caller=<unknown>): ok
03-06 14:01:38.229  2554  2554 V studio.deploy: Startup agent attached to VM
03-06 14:01:38.230  2554  2554 V studio.deploy: No existing instrumentation found. Loading instrumentation from instruments-855ca6dc.jar
03-06 14:01:38.236  2554  2554 W .eucsoh.android: hiddenapi: DexFile /data/data/io.github.eucsoh.android/code_cache/.studio/instruments-855ca6dc.jar is in boot class path but is not in a known location
03-06 14:01:38.246  2554  2554 V studio.deploy: Applying transforms with cached classes
03-06 14:01:38.330   685   829 D WifiClientModeImpl[10579:wlan0]: updateLinkLayerStatsRssiSpeedFrequencyCapabilities rssi=-50 TxLinkspeed=1 freq=2447 RxLinkSpeed=2
03-06 14:01:38.330   685   829 D WifiDataStall: tx tput in kbps: 11000
03-06 14:01:38.330   685   829 D WifiDataStall: rx tput in kbps: 11000
03-06 14:01:38.330   685   829 V WifiConfigManager: Updating scan detail cache freq=2447 BSSID=00:13:10:85:fe:01 RSSI=-50 for "AndroidWifi"NONE
03-06 14:01:38.330   685   829 D WifiThroughputPredictor:  utilization (LLS) 80 isBluetoothConnected: false final utilization: 80
03-06 14:01:38.330   685   829 D WifiThroughputPredictor:  BW: 0 RSSI: -50 Nss: 1 Mode: 1 symDur: 4000 snrDb 30 bitPerTone: 4500 rate: 54 throughput: 11
03-06 14:01:38.330   685   829 D WifiThroughputPredictor:  utilization (LLS) 80 isBluetoothConnected: false final utilization: 80
03-06 14:01:38.330   685   829 D WifiThroughputPredictor:  BW: 0 RSSI: -50 Nss: 1 Mode: 1 symDur: 4000 snrDb 30 bitPerTone: 4500 rate: 54 throughput: 11
03-06 14:01:38.331   685   829 D WifiThroughputPredictor:  utilization (LLS) 80 isBluetoothConnected: false final utilization: 80
03-06 14:01:38.331   685   829 D WifiThroughputPredictor:  BW: 0 RSSI: -50 Nss: 1 Mode: 1 symDur: 4000 snrDb 30 bitPerTone: 4500 rate: 54 throughput: 11
03-06 14:01:38.331   685   829 D WifiThroughputPredictor:  utilization (LLS) 80 isBluetoothConnected: false final utilization: 80
03-06 14:01:38.331   685   829 D WifiThroughputPredictor:  BW: 0 RSSI: -50 Nss: 1 Mode: 1 symDur: 4000 snrDb 30 bitPerTone: 4500 rate: 54 throughput: 11
03-06 14:01:38.331   685   829 D WifiScoreCard: BSSID update SIGNAL_POLL ID: 1112605923 SSID: "AndroidWifi", BSSID: 00:13:10:85:fe:01, MAC: 02:15:b2:00:00:00, IP: /10.0.2.16, Security type: 0, Supplicant state: COMPLETED, Wi-Fi standard: legacy, RSSI: -50, Link speed: 1Mbps, Tx Link speed: 1Mbps, Max Supported Tx Link speed: 11Mbps, Rx Link speed: 2Mbps, Max Supported Rx Link speed: 11Mbps, Frequency: 2447MHz, Net ID: 0, Metered hint: false, score: 60, isUsable: true, CarrierMerged: false, SubscriptionId: -1, IsPrimary: 1, Trusted: true, Restricted: false, Ephemeral: false, OEM paid: false, OEM private: false, OSU AP: false, FQDN: <none>, Provider friendly name: <none>, Requesting package name: <none>"AndroidWifi"openMLO Information: , Is TID-To-Link negotiation supported by the AP: false, AP MLD Address: <none>, AP MLO Link Id: <none>, AP MLO Affiliated links: <none>, Vendor Data: <none>
03-06 14:01:38.331   685   829 D WifiScoreCard: txRate: 0 txSpeed: 1
03-06 14:01:38.331   685   829 D WifiScoreCard: network update SIGNAL_POLL "AndroidWifi" ID: 588763177 RSSI -50 txSpeed -1
03-06 14:01:38.331   685   829 D WifiClientModeImpl[10579:wlan0]:  ClientModeImpl$L2ConnectedState screen=on 1 0 "AndroidWifi" 00:13:10:85:fe:01 rssi=-50 f=2447 sc=60 link=1 tx=0.0, 0.0, 0.0 rx=0.0 bcn=0 [on:0 tx:0 rx:0 period:3004] from screen [on:0 period:-1019394917] score=60
03-06 14:01:38.392  2554  2554 W .eucsoh.android: Redefining intrinsic method java.lang.Thread java.lang.Thread.currentThread(). This may cause the unexpected use of the original definition of java.lang.Thread java.lang.Thread.currentThread()in methods that have already been compiled.
03-06 14:01:38.392  2554  2554 W .eucsoh.android: Redefining intrinsic method boolean java.lang.Thread.interrupted(). This may cause the unexpected use of the original definition of boolean java.lang.Thread.interrupted()in methods that have already been compiled.
03-06 14:01:38.394  2554  2554 I studio.deploy: Registering DispatchJNI
03-06 14:01:38.394  2554  2554 I studio.deploy: Found com/android/tools/deploy/interpreter/JNI
03-06 14:01:38.401  2554  2554 D CompatChangeReporter: Compat change id reported: 242716250; UID 10150; state: ENABLED
03-06 14:01:38.458   931  1044 V WindowManagerShell: Transition animation finished (aborted=false), notifying core (#11) android.os.BinderProxy@4db8f0@0
03-06 14:01:38.461   685   705 V WindowManager: Finish Transition (#11): created at 03-06 14:01:38.081 collect-started=0.026ms request-sent=6.938ms started=19.368ms ready=71.3ms sent=73.367ms commit=18.736ms finished=378.082ms
03-06 14:01:38.462   931  1044 V WindowManagerShell: Track 0 became idle
03-06 14:01:38.462   931  1044 V WindowManagerShell: All active transition animations finished
03-06 14:01:38.464  1414  1414 D VRI[QuickstepLauncher]: visibilityChanged oldVisibility=true newVisibility=false
03-06 14:01:38.859  2554  2554 D nativeloader: Configuring clns-9 for other apk /data/app/~~6KSWaWMAoxPEanMVPG2stA==/io.github.eucsoh.android-eO7sJ0_6XS-jlmPxsT8iQg==/base.apk. target_sdk_version=34, uses_libraries=, library_path=/data/app/~~6KSWaWMAoxPEanMVPG2stA==/io.github.eucsoh.android-eO7sJ0_6XS-jlmPxsT8iQg==/lib/x86_64:/data/app/~~6KSWaWMAoxPEanMVPG2stA==/io.github.eucsoh.android-eO7sJ0_6XS-jlmPxsT8iQg==/base.apk!/lib/x86_64, permitted_path=/data:/mnt/expand:/data/user/0/io.github.eucsoh.android
03-06 14:01:38.863  2554  2554 I .eucsoh.android: AssetManager2(0x74072cd885d8) locale list changing from [] to [en-US]
03-06 14:01:38.865  2554  2554 I .eucsoh.android: AssetManager2(0x74072cd7e358) locale list changing from [] to [en-US]
03-06 14:01:38.869  2554  2554 V GraphicsEnvironment: Currently set values for:
03-06 14:01:38.869  2554  2554 V GraphicsEnvironment:   angle_gl_driver_selection_pkgs=[]
03-06 14:01:38.869  2554  2554 V GraphicsEnvironment:   angle_gl_driver_selection_values=[]
03-06 14:01:38.869  2554  2554 V GraphicsEnvironment: io.github.eucsoh.android is not listed in per-application setting
03-06 14:01:38.869  2554  2554 V GraphicsEnvironment: ANGLE allowlist from config: 
03-06 14:01:38.869  2554  2554 V GraphicsEnvironment: io.github.eucsoh.android is not listed in ANGLE allowlist or settings, returning default
03-06 14:01:38.869  2554  2554 V GraphicsEnvironment: Neither updatable production driver nor prerelease driver is supported.
03-06 14:01:38.892   685   884 D BackgroundInstallControlService: Package event received: 0
03-06 14:01:38.892   685   884 D BackgroundInstallControlService: Package event received: 0
03-06 14:01:38.894  2554  2568 I DisplayManager: Choreographer implicitly registered for the refresh rate.
03-06 14:01:38.895  2554  2554 I .eucsoh.android: AssetManager2(0x74072cd824f8) locale list changing from [] to [en-US]
03-06 14:01:38.913  2554  2554 E ashmem  : Pinning is deprecated since Android Q. Please use trim or other methods.
03-06 14:01:38.917  2554  2568 I EGL_emulation: Opening libGLESv1_CM_emulation.so
03-06 14:01:38.917  2554  2568 I EGL_emulation: Opening libGLESv2_emulation.so
03-06 14:01:38.925  2554  2568 W HWUI    : Failed to initialize 101010-2 format, error = EGL_SUCCESS
03-06 14:01:38.927  2554  2554 D DesktopModeFlags: Toggle override initialized to: OVERRIDE_UNSET
03-06 14:01:38.951  2554  2554 W HWUI    : Unknown dataspace 0
03-06 14:01:39.011     0     0 I servicemanager: Caller(pid=2554,uid=10150,sid=u:r:untrusted_app:s0:c150,c256,c512,c768) Found android.hardware.graphics.allocator.IAllocator/default in device VINTF manifest.
03-06 14:01:39.013     0     0 I servicemanager: Caller(pid=2554,uid=10150,sid=u:r:untrusted_app:s0:c150,c256,c512,c768) Found android.hardware.graphics.allocator.IAllocator/default in device VINTF manifest.
03-06 14:01:39.014     0     0 I servicemanager: Caller(pid=2554,uid=10150,sid=u:r:untrusted_app:s0:c150,c256,c512,c768) Found mapper/ranchu in device VINTF manifest.
03-06 14:01:39.141  2554  2554 D SohViewModel: ViewModel initialized
03-06 14:01:39.141  2554  2554 D SohViewModel: Current scan path: URI: content://com.android.externalstorage.documents/tree/0000-0000%3ADownloads
03-06 14:01:39.141  2554  2554 D SohViewModel: Starting wheel scan (forceRefresh=false)
03-06 14:01:39.144  2554  2575 D WheelRepository: getWheels called: forceRefresh=false
03-06 14:01:39.162  2554  2575 D WheelRepository: Cache contains 8 wheels
03-06 14:01:39.162  2554  2575 D WheelRepository: Cache age: 21 minutes, expired=false
03-06 14:01:39.162  2554  2575 D WheelRepository: Using cached data
03-06 14:01:39.164   685   901 D CoreBackPreview: Window{841d170 u0 io.github.eucsoh.android/io.github.eucsoh.android.MainActivity}: Setting back callback OnBackInvokedCallbackInfo{mCallback=android.window.IOnBackInvokedCallback$Stub$Proxy@24a949c, mPriority=0, mIsAnimationCallback=false, mOverrideBehavior=0}
03-06 14:01:39.213  2554  2558 I .eucsoh.android: Compiler allocated 5042KB to compile void android.view.ViewRootImpl.performTraversals()
03-06 14:01:39.279  1056  1253 D SatelliteController: iisInCarrierRoamingNbIotNtn: satellite is disabled
03-06 14:01:39.523  2554  2554 I Choreographer: Skipped 30 frames!  The application may be doing too much work on its main thread.
03-06 14:01:39.525   685   705 I ActivityTaskManager: Displayed io.github.eucsoh.android/.MainActivity for user 0: +1s441ms
03-06 14:01:39.525  2554  2554 D SohViewModel: Scan complete: 8 wheels found
03-06 14:01:39.525  2554  2554 D SohViewModel:   - 88:25:84:F0:2F:99: 88:25:84:F0:2F:99 (9 files)
03-06 14:01:39.525  2554  2554 D SohViewModel:   - C2:C5:C3:01:E1:F3: C2:C5:C3:01:E1:F3 (18 files)
03-06 14:01:39.525  2554  2554 D SohViewModel:   - C9:1D:0D:1A:9E:BE: C9:1D:0D:1A:9E:BE (12 files)
03-06 14:01:39.525  2554  2554 D SohViewModel:   - 18:7A:3E:9C:56:FC: GotWay_002767 (12 files)
03-06 14:01:39.525  2554  2554 D SohViewModel:   - 18:7A:3E:9C:74:01: GotWay_002933 (14 files)
03-06 14:01:39.525  2554  2554 D SohViewModel:   - 88:25:84:F0:38:D3: GotWay_69594 (23 files)
03-06 14:01:39.525  2554  2554 D SohViewModel:   - C0:0E:BB:6A:90:16: P6-60021909 (5 files)
03-06 14:01:39.525  2554  2554 D SohViewModel:   - EB:56:EB:9A:4E:F3: V9-600183A4 (9 files)
03-06 14:01:39.538  1414  1414 D BaseDepthController: setSurface:
03-06 14:01:39.538  1414  1414 D BaseDepthController: 	mWaitingOnSurfaceValidity: false
03-06 14:01:39.538  1414  1414 D BaseDepthController: 	mBaseSurface: null
03-06 14:01:39.543  1414  1414 D BaseDepthController: mSurface is null and mCurrentBlur is: 23
03-06 14:01:39.544  1414  1414 D StatsLog: LAUNCHER_ONSTOP
03-06 14:01:39.555  2554  2554 W .eucsoh.android: Method boolean androidx.compose.runtime.snapshots.SnapshotStateList.conditionalUpdate(boolean, kotlin.jvm.functions.Function1) failed lock verification and will run slower.
03-06 14:01:39.555  2554  2554 W .eucsoh.android: Common causes for lock verification issues are non-optimized dex code
03-06 14:01:39.555  2554  2554 W .eucsoh.android: and incorrect proguard optimizations.
03-06 14:01:39.555  2554  2554 W .eucsoh.android: Method boolean androidx.compose.runtime.snapshots.SnapshotStateList.conditionalUpdate$default(androidx.compose.runtime.snapshots.SnapshotStateList, boolean, kotlin.jvm.functions.Function1, int, java.lang.Object) failed lock verification and will run slower.
03-06 14:01:39.556  2554  2554 W .eucsoh.android: Method java.lang.Object androidx.compose.runtime.snapshots.SnapshotStateList.mutate(kotlin.jvm.functions.Function1) failed lock verification and will run slower.
03-06 14:01:39.556  2554  2554 W .eucsoh.android: Method void androidx.compose.runtime.snapshots.SnapshotStateList.update(boolean, kotlin.jvm.functions.Function1) failed lock verification and will run slower.
03-06 14:01:39.556  2554  2554 W .eucsoh.android: Method void androidx.compose.runtime.snapshots.SnapshotStateList.update$default(androidx.compose.runtime.snapshots.SnapshotStateList, boolean, kotlin.jvm.functions.Function1, int, java.lang.Object) failed lock verification and will run slower.
03-06 14:01:39.559   685   884 D BackgroundInstallControlService: Package event received: 0
03-06 14:01:39.564   460   535 I netd    : tetherGetStats() -> {[]} <1.41ms>
03-06 14:01:39.737   685   802 I ImeTracker: io.github.eucsoh.android:5686c5ec: onRequestHide at ORIGIN_SERVER reason HIDE_UNSPECIFIED_WINDOW fromUser false
03-06 14:01:39.746  2554  2554 D InsetsController: hide(ime(), fromIme=false)
03-06 14:01:39.747  2554  2554 I ImeTracker: io.github.eucsoh.android:5686c5ec: onCancelled at PHASE_CLIENT_ALREADY_HIDDEN
03-06 14:01:39.752   685   699 I ImeTracker: system_server:831e7543: onRequestHide at ORIGIN_SERVER reason IME_REQUESTED_CHANGED_LISTENER fromUser false
03-06 14:01:39.753   685   708 I ImeTracker: system_server:831e7543: onCancelled at PHASE_SERVER_SHOULD_HIDE
03-06 14:01:39.916   931  1108 W WindowOnBackDispatcher: sendCancelIfRunning: isInProgress=false callback=android.view.ViewRootImpl$$ExternalSyntheticLambda13@d793e20
03-06 14:01:39.916   685   901 D CoreBackPreview: Window{1a8560d u0 Splash Screen io.github.eucsoh.android EXITING}: Setting back callback null
03-06 14:01:41.134  1414  1414 D TaskbarManager: dispatchTouchEvent:  displayId=0 isDefaultDisplay=true
03-06 14:01:41.334   685   829 D WifiClientModeImpl[10579:wlan0]: updateLinkLayerStatsRssiSpeedFrequencyCapabilities rssi=-50 TxLinkspeed=1 freq=2447 RxLinkSpeed=2
03-06 14:01:41.334   685   829 D WifiDataStall: tx tput in kbps: 11000
03-06 14:01:41.334   685   829 D WifiDataStall: rx tput in kbps: 11000
03-06 14:01:41.334   685   829 V WifiConfigManager: Updating scan detail cache freq=2447 BSSID=00:13:10:85:fe:01 RSSI=-50 for "AndroidWifi"NONE
03-06 14:01:41.335   685   829 D WifiThroughputPredictor:  utilization (LLS) 80 isBluetoothConnected: false final utilization: 80
