03-06 14:01:41.335   685   829 D WifiThroughputPredictor:  BW: 0 RSSI: -50 Nss: 1 Mode: 1 symDur: 4000 snrDb 30 bitPerTone: 4500 rate: 54 throughput: 11
03-06 14:01:41.335   685   829 D WifiThroughputPredictor:  utilization (LLS) 80 isBluetoothConnected: false final utilization: 80
03-06 14:01:41.335   685   829 D WifiThroughputPredictor:  BW: 0 RSSI: -50 Nss: 1 Mode: 1 symDur: 4000 snrDb 30 bitPerTone: 4500 rate: 54 throughput: 11
03-06 14:01:41.335   685   829 D WifiThroughputPredictor:  utilization (LLS) 80 isBluetoothConnected: false final utilization: 80
03-06 14:01:41.335   685   829 D WifiThroughputPredictor:  BW: 0 RSSI: -50 Nss: 1 Mode: 1 symDur: 4000 snrDb 30 bitPerTone: 4500 rate: 54 throughput: 11
03-06 14:01:41.335   685   829 D WifiThroughputPredictor:  utilization (LLS) 80 isBluetoothConnected: false final utilization: 80
03-06 14:01:41.335   685   829 D WifiThroughputPredictor:  BW: 0 RSSI: -50 Nss: 1 Mode: 1 symDur: 4000 snrDb 30 bitPerTone: 4500 rate: 54 throughput: 11
03-06 14:01:41.335   685   829 D WifiScoreCard: BSSID update SIGNAL_POLL ID: 1112605923 SSID: "AndroidWifi", BSSID: 00:13:10:85:fe:01, MAC: 02:15:b2:00:00:00, IP: /10.0.2.16, Security type: 0, Supplicant state: COMPLETED, Wi-Fi standard: legacy, RSSI: -50, Link speed: 1Mbps, Tx Link speed: 1Mbps, Max Supported Tx Link speed: 11Mbps, Rx Link speed: 2Mbps, Max Supported Rx Link speed: 11Mbps, Frequency: 2447MHz, Net ID: 0, Metered hint: false, score: 60, isUsable: true, CarrierMerged: false, SubscriptionId: -1, IsPrimary: 1, Trusted: true, Restricted: false, Ephemeral: false, OEM paid: false, OEM private: false, OSU AP: false, FQDN: <none>, Provider friendly name: <none>, Requesting package name: <none>"AndroidWifi"openMLO Information: , Is TID-To-Link negotiation supported by the AP: false, AP MLD Address: <none>, AP MLO Link Id: <none>, AP MLO Affiliated links: <none>, Vendor Data: <none>
03-06 14:01:41.335   685   829 D WifiScoreCard: txRate: 0 txSpeed: 1
03-06 14:01:41.335   685   829 D WifiScoreCard: network update SIGNAL_POLL "AndroidWifi" ID: 588763177 RSSI -50 txSpeed -1
03-06 14:01:41.336   685   829 D WifiClientModeImpl[10579:wlan0]:  ClientModeImpl$L2ConnectedState screen=on 1 0 "AndroidWifi" 00:13:10:85:fe:01 rssi=-50 f=2447 sc=60 link=1 tx=0.0, 0.0, 0.0 rx=0.0 bcn=0 [on:0 tx:0 rx:0 period:3005] from screen [on:0 period:-1019391912] score=60
03-06 14:01:41.900   685  1593 E TaskPersister: File error accessing recents directory (directory doesn't exist?).
03-06 14:01:42.755  1414  1414 D TaskbarManager: dispatchTouchEvent:  displayId=0 isDefaultDisplay=true
03-06 14:01:42.813  2554  2554 D SohViewModel: Wheel selected: GotWay_69594
03-06 14:01:42.914  1414  1414 D TaskbarManager: dispatchTouchEvent:  displayId=0 isDefaultDisplay=true
03-06 14:01:42.998  2554  2554 D SohViewModel: Wheel selected: GotWay_69594
03-06 14:01:44.132  2554  2585 D ProfileInstaller: Installing profile for io.github.eucsoh.android
03-06 14:01:44.274  1414  1414 D TaskbarManager: dispatchTouchEvent:  displayId=0 isDefaultDisplay=true
03-06 14:01:44.339   685   829 D WifiClientModeImpl[10579:wlan0]: updateLinkLayerStatsRssiSpeedFrequencyCapabilities rssi=-50 TxLinkspeed=1 freq=2447 RxLinkSpeed=2
03-06 14:01:44.340   685   829 D WifiDataStall: tx tput in kbps: 11000
03-06 14:01:44.340   685   829 D WifiDataStall: rx tput in kbps: 11000
03-06 14:01:44.340   685   829 V WifiConfigManager: Updating scan detail cache freq=2447 BSSID=00:13:10:85:fe:01 RSSI=-50 for "AndroidWifi"NONE
03-06 14:01:44.340   685   829 D WifiThroughputPredictor:  utilization (LLS) 80 isBluetoothConnected: false final utilization: 80
03-06 14:01:44.340   685   829 D WifiThroughputPredictor:  BW: 0 RSSI: -50 Nss: 1 Mode: 1 symDur: 4000 snrDb 30 bitPerTone: 4500 rate: 54 throughput: 11
03-06 14:01:44.340   685   829 D WifiThroughputPredictor:  utilization (LLS) 80 isBluetoothConnected: false final utilization: 80
03-06 14:01:44.340   685   829 D WifiThroughputPredictor:  BW: 0 RSSI: -50 Nss: 1 Mode: 1 symDur: 4000 snrDb 30 bitPerTone: 4500 rate: 54 throughput: 11
03-06 14:01:44.340   685   829 D WifiThroughputPredictor:  utilization (LLS) 80 isBluetoothConnected: false final utilization: 80
03-06 14:01:44.340   685   829 D WifiThroughputPredictor:  BW: 0 RSSI: -50 Nss: 1 Mode: 1 symDur: 4000 snrDb 30 bitPerTone: 4500 rate: 54 throughput: 11
03-06 14:01:44.340   685   829 D WifiThroughputPredictor:  utilization (LLS) 80 isBluetoothConnected: false final utilization: 80
03-06 14:01:44.340   685   829 D WifiThroughputPredictor:  BW: 0 RSSI: -50 Nss: 1 Mode: 1 symDur: 4000 snrDb 30 bitPerTone: 4500 rate: 54 throughput: 11
03-06 14:01:44.340   685   829 D WifiScoreCard: BSSID update SIGNAL_POLL ID: 1112605923 SSID: "AndroidWifi", BSSID: 00:13:10:85:fe:01, MAC: 02:15:b2:00:00:00, IP: /10.0.2.16, Security type: 0, Supplicant state: COMPLETED, Wi-Fi standard: legacy, RSSI: -50, Link speed: 1Mbps, Tx Link speed: 1Mbps, Max Supported Tx Link speed: 11Mbps, Rx Link speed: 2Mbps, Max Supported Rx Link speed: 11Mbps, Frequency: 2447MHz, Net ID: 0, Metered hint: false, score: 60, isUsable: true, CarrierMerged: false, SubscriptionId: -1, IsPrimary: 1, Trusted: true, Restricted: false, Ephemeral: false, OEM paid: false, OEM private: false, OSU AP: false, FQDN: <none>, Provider friendly name: <none>, Requesting package name: <none>"AndroidWifi"openMLO Information: , Is TID-To-Link negotiation supported by the AP: false, AP MLD Address: <none>, AP MLO Link Id: <none>, AP MLO Affiliated links: <none>, Vendor Data: <none>
03-06 14:01:44.340   685   829 D WifiScoreCard: txRate: 0 txSpeed: 1
03-06 14:01:44.340   685   829 D WifiScoreCard: network update SIGNAL_POLL "AndroidWifi" ID: 588763177 RSSI -50 txSpeed -1
03-06 14:01:44.340   685   829 D WifiClientModeImpl[10579:wlan0]:  ClientModeImpl$L2ConnectedState screen=on 1 0 "AndroidWifi" 00:13:10:85:fe:01 rssi=-50 f=2447 sc=60 link=1 tx=0.0, 0.0, 0.0 rx=0.0 bcn=0 [on:0 tx:0 rx:0 period:3004] from screen [on:0 period:-1019388908] score=60
03-06 14:01:44.381  2554  2554 D SohViewModel: Starting analysis
03-06 14:01:44.382  2554  2554 D SohViewModel: Analyzing 23 files:
03-06 14:01:44.382  2554  2554 D SohViewModel:   Parallel processing: false
03-06 14:01:44.382  2554  2554 D SohViewModel:   [0] content://com.android.externalstorage.documents/tree/0000-0000%3ADownloads/document/0000-0000%3ADownloads%2FWheelLog%2F88_25_84_F0_38_D3%2F2026_02_24_08_35_21.csv
03-06 14:01:44.382  2554  2554 D SohViewModel:   [1] content://com.android.externalstorage.documents/tree/0000-0000%3ADownloads/document/0000-0000%3ADownloads%2FWheelLog%2F88_25_84_F0_38_D3%2F2026_01_31_15_17_15.csv
03-06 14:01:44.382  2554  2554 D SohViewModel:   [2] content://com.android.externalstorage.documents/tree/0000-0000%3ADownloads/document/0000-0000%3ADownloads%2FWheelLog%2F88_25_84_F0_38_D3%2F2026_01_17_14_29_52.csv
03-06 14:01:44.382  2554  2554 D SohViewModel:   [3] content://com.android.externalstorage.documents/tree/0000-0000%3ADownloads/document/0000-0000%3ADownloads%2FWheelLog%2F88_25_84_F0_38_D3%2F2026_03_03_07_59_25.csv
03-06 14:01:44.382  2554  2554 D SohViewModel:   [4] content://com.android.externalstorage.documents/tree/0000-0000%3ADownloads/document/0000-0000%3ADownloads%2FWheelLog%2F88_25_84_F0_38_D3%2F2024_09_17_17_37_05.csv
03-06 14:01:44.382  2554  2554 D SohViewModel:   [5] content://com.android.externalstorage.documents/tree/0000-0000%3ADownloads/document/0000-0000%3ADownloads%2FWheelLog%2F88_25_84_F0_38_D3%2F2026_01_31_15_51_11.csv
03-06 14:01:44.382  2554  2554 D SohViewModel:   [6] content://com.android.externalstorage.documents/tree/0000-0000%3ADownloads/document/0000-0000%3ADownloads%2FWheelLog%2F88_25_84_F0_38_D3%2F2026_03_03_11_36_58.csv
03-06 14:01:44.382  2554  2554 D SohViewModel:   [7] content://com.android.externalstorage.documents/tree/0000-0000%3ADownloads/document/0000-0000%3ADownloads%2FWheelLog%2F88_25_84_F0_38_D3%2F2024_10_04_17_15_53.csv
03-06 14:01:44.382  2554  2554 D SohViewModel:   [8] content://com.android.externalstorage.documents/tree/0000-0000%3ADownloads/document/0000-0000%3ADownloads%2FWheelLog%2F88_25_84_F0_38_D3%2F2026_02_08_14_43_03.csv
03-06 14:01:44.382  2554  2554 D SohViewModel:   [9] content://com.android.externalstorage.documents/tree/0000-0000%3ADownloads/document/0000-0000%3ADownloads%2FEUC%20World%2FJournal%20des%20donn%C3%A9es%20EUC%20-%20Begode%20Master%20Pro%20(GotWay_69594)%20-%202025-05-27%20165242.csv
03-06 14:01:44.382  2554  2554 D SohViewModel:   [10] content://com.android.externalstorage.documents/tree/0000-0000%3ADownloads/document/0000-0000%3ADownloads%2FEUC%20World%2FJournal%20des%20donn%C3%A9es%20EUC%20-%20Begode%20Master%20Pro%20(GotWay_69594)%20-%202025-07-18%20161409.csv
03-06 14:01:44.382  2554  2554 D SohViewModel:   [11] content://com.android.externalstorage.documents/tree/0000-0000%3ADownloads/document/0000-0000%3ADownloads%2FEUC%20World%2FJournal%20des%20donn%C3%A9es%20EUC%20-%20Begode%20Master%20Pro%20(GotWay_69594)%20-%202025-07-25%20082020.csv
03-06 14:01:44.382  2554  2554 D SohViewModel:   [12] content://com.android.externalstorage.documents/tree/0000-0000%3ADownloads/document/0000-0000%3ADownloads%2FEUC%20World%2FJournal%20des%20donn%C3%A9es%20EUC%20-%20Begode%20Master%20Pro%20(GotWay_69594)%20-%202025-05-20%20171415.csv
03-06 14:01:44.382  2554  2554 D SohViewModel:   [13] content://com.android.externalstorage.documents/tree/0000-0000%3ADownloads/document/0000-0000%3ADownloads%2FEUC%20World%2FJournal%20des%20donn%C3%A9es%20EUC%20-%20Begode%20Master%20Pro%20(GotWay_69594)%20-%202025-07-15%20165628.csv
03-06 14:01:44.382  2554  2554 D SohViewModel:   [14] content://com.android.externalstorage.documents/tree/0000-0000%3ADownloads/document/0000-0000%3ADownloads%2FEUC%20World%2FJournal%20des%20donn%C3%A9es%20EUC%20-%20Begode%20Master%20Pro%20(GotWay_69594)%20-%202025-10-24%20110914.csv
03-06 14:01:44.382  2554  2554 D SohViewModel:   [15] content://com.android.externalstorage.documents/tree/0000-0000%3ADownloads/document/0000-0000%3ADownloads%2FEUC%20World%2FJournal%20des%20donn%C3%A9es%20EUC%20-%20Begode%20Master%20Pro%20(GotWay_69594)%20-%202025-10-27%20165416.csv
03-06 14:01:44.382  2554  2554 D SohViewModel:   [16] content://com.android.externalstorage.documents/tree/0000-0000%3ADownloads/document/0000-0000%3ADownloads%2FEUC%20World%2FJournal%20des%20donn%C3%A9es%20EUC%20-%20Begode%20Master%20Pro%20(GotWay_69594)%20-%202025-07-15%20083013.csv
03-06 14:01:44.382  2554  2554 D SohViewModel:   [17] content://com.android.externalstorage.documents/tree/0000-0000%3ADownloads/document/0000-0000%3ADownloads%2FEUC%20World%2FJournal%20des%20donn%C3%A9es%20EUC%20-%20Begode%20Master%20Pro%20(GotWay_69594)%20-%202025-10-24%20080950.csv
03-06 14:01:44.382  2554  2554 D SohViewModel:   [18] content://com.android.externalstorage.documents/tree/0000-0000%3ADownloads/document/0000-0000%3ADownloads%2FEUC%20World%2FJournal%20des%20donn%C3%A9es%20EUC%20-%20Begode%20Master%20Pro%20(GotWay_69594)%20-%202025-09-25%20184951.csv
03-06 14:01:44.382  2554  2554 D SohViewModel:   [19] content://com.android.externalstorage.documents/tree/0000-0000%3ADownloads/document/0000-0000%3ADownloads%2FEUC%20World%2FJournal%20des%20donn%C3%A9es%20EUC%20-%20Begode%20Master%20Pro%20(GotWay_69594)%20-%202025-07-25%20174421.csv
03-06 14:01:44.382  2554  2554 D SohViewModel:   [20] content://com.android.externalstorage.documents/tree/0000-0000%3ADownloads/document/0000-0000%3ADownloads%2FEUC%20World%2FJournal%20des%20donn%C3%A9es%20EUC%20-%20Begode%20Master%20Pro%20(GotWay_69594)%20-%202025-09-27%20143437.csv
03-06 14:01:44.382  2554  2554 D SohViewModel:   [21] content://com.android.externalstorage.documents/tree/0000-0000%3ADownloads/document/0000-0000%3ADownloads%2FEUC%20World%2FJournal%20des%20donn%C3%A9es%20EUC%20-%20Begode%20Master%20Pro%20(GotWay_69594)%20-%202025-09-25%20185136.csv
03-06 14:01:44.382  2554  2554 D SohViewModel:   [22] content://com.android.externalstorage.documents/tree/0000-0000%3ADownloads/document/0000-0000%3ADownloads%2FEUC%20World%2FJournal%20des%20donn%C3%A9es%20EUC%20-%20Begode%20Master%20Pro%20(GotWay_69594)%20-%202025-07-08%20172940.csv
03-06 14:01:44.393  2554  2575 D SohViewModel: Calling analyzer.analyzeFolderForReq()...
03-06 14:01:44.395  2554  2575 D SohAnalyzer: Starting analysis of 23 files
03-06 14:01:44.395  2554  2575 D SohAnalyzer: Pass 1: Ea calibration
03-06 14:01:44.396  2554  2575 D SohAnalyzer:   Processing [0/23] 0000-0000%3ADownloads%2FWheelLog%2F88_25_84_F0_38_D3%2F2026_02_24_08_35_21.csv
03-06 14:01:44.402   685   901 D ActivityManager: sync unfroze 2198 com.android.externalstorage for 7
03-06 14:01:44.404   685   884 D BackgroundInstallControlService: Package event received: 0
03-06 14:01:44.421  1550  1775 I MediaProvider: Open with lower FS for /storage/0000-0000/Downloads/WheelLog/88_25_84_F0_38_D3/2026_02_24_08_35_21.csv. Uid: 10066
03-06 14:01:44.426   460   535 I netd    : tetherGetStats() -> {[]} <0.73ms>
03-06 14:01:47.344   685   829 D WifiClientModeImpl[10579:wlan0]: updateLinkLayerStatsRssiSpeedFrequencyCapabilities rssi=-50 TxLinkspeed=1 freq=2447 RxLinkSpeed=2
03-06 14:01:47.345   685   829 D WifiDataStall: tx tput in kbps: 11000
03-06 14:01:47.345   685   829 D WifiDataStall: rx tput in kbps: 11000
03-06 14:01:47.345   685   829 V WifiConfigManager: Updating scan detail cache freq=2447 BSSID=00:13:10:85:fe:01 RSSI=-50 for "AndroidWifi"NONE
03-06 14:01:47.345   685   829 D WifiThroughputPredictor:  utilization (LLS) 80 isBluetoothConnected: false final utilization: 80
03-06 14:01:47.345   685   829 D WifiThroughputPredictor:  BW: 0 RSSI: -50 Nss: 1 Mode: 1 symDur: 4000 snrDb 30 bitPerTone: 4500 rate: 54 throughput: 11
03-06 14:01:47.345   685   829 D WifiThroughputPredictor:  utilization (LLS) 80 isBluetoothConnected: false final utilization: 80
03-06 14:01:47.345   685   829 D WifiThroughputPredictor:  BW: 0 RSSI: -50 Nss: 1 Mode: 1 symDur: 4000 snrDb 30 bitPerTone: 4500 rate: 54 throughput: 11
03-06 14:01:47.345   685   829 D WifiThroughputPredictor:  utilization (LLS) 80 isBluetoothConnected: false final utilization: 80
03-06 14:01:47.345   685   829 D WifiThroughputPredictor:  BW: 0 RSSI: -50 Nss: 1 Mode: 1 symDur: 4000 snrDb 30 bitPerTone: 4500 rate: 54 throughput: 11
03-06 14:01:47.345   685   829 D WifiThroughputPredictor:  utilization (LLS) 80 isBluetoothConnected: false final utilization: 80
03-06 14:01:47.345   685   829 D WifiThroughputPredictor:  BW: 0 RSSI: -50 Nss: 1 Mode: 1 symDur: 4000 snrDb 30 bitPerTone: 4500 rate: 54 throughput: 11
03-06 14:01:47.345   685   829 D WifiScoreCard: BSSID update SIGNAL_POLL ID: 1112605923 SSID: "AndroidWifi", BSSID: 00:13:10:85:fe:01, MAC: 02:15:b2:00:00:00, IP: /10.0.2.16, Security type: 0, Supplicant state: COMPLETED, Wi-Fi standard: legacy, RSSI: -50, Link speed: 1Mbps, Tx Link speed: 1Mbps, Max Supported Tx Link speed: 11Mbps, Rx Link speed: 2Mbps, Max Supported Rx Link speed: 11Mbps, Frequency: 2447MHz, Net ID: 0, Metered hint: false, score: 60, isUsable: true, CarrierMerged: false, SubscriptionId: -1, IsPrimary: 1, Trusted: true, Restricted: false, Ephemeral: false, OEM paid: false, OEM private: false, OSU AP: false, FQDN: <none>, Provider friendly name: <none>, Requesting package name: <none>"AndroidWifi"openMLO Information: , Is TID-To-Link negotiation supported by the AP: false, AP MLD Address: <none>, AP MLO Link Id: <none>, AP MLO Affiliated links: <none>, Vendor Data: <none>
03-06 14:01:47.345   685   829 D WifiScoreCard: txRate: 0 txSpeed: 1
03-06 14:01:47.345   685   829 D WifiScoreCard: network update SIGNAL_POLL "AndroidWifi" ID: 588763177 RSSI -50 txSpeed -1
03-06 14:01:47.345   685   829 D WifiClientModeImpl[10579:wlan0]:  ClientModeImpl$L2ConnectedState screen=on 1 0 "AndroidWifi" 00:13:10:85:fe:01 rssi=-50 f=2447 sc=60 link=1 tx=0.0, 0.0, 0.0 rx=0.0 bcn=0 [on:0 tx:0 rx:0 period:3005] from screen [on:0 period:-1019385903] score=60
03-06 14:01:47.374  2554  2558 I .eucsoh.android: Compiler allocated 4254KB to compile io.github.eucsoh.analysis.ReqStatsComputer$FileStats io.github.eucsoh.analysis.ReqStatsComputer.computeReqStatsForFile(java.lang.String, io.github.eucsoh.CsvSource, double, double, io.github.eucsoh.model.MOSFETParams, java.lang.Double)
03-06 14:01:47.581  2554  2558 I .eucsoh.android: Compiler allocated 4795KB to compile io.github.eucsoh.analysis.ReqStatsComputer$FileStats io.github.eucsoh.analysis.ReqStatsComputer.computeReqStatsForFile(java.lang.String, io.github.eucsoh.CsvSource, double, double, io.github.eucsoh.model.MOSFETParams, java.lang.Double)
03-06 14:01:47.890  2554  2575 D SohAnalyzer:   [0] SUCCESS: 5748 points, req=0.07288629737609378
03-06 14:01:47.890  2554  2575 D SohAnalyzer:   Processing [1/23] 0000-0000%3ADownloads%2FWheelLog%2F88_25_84_F0_38_D3%2F2026_01_31_15_17_15.csv
03-06 14:01:47.898  1550  1775 I MediaProvider: Open with lower FS for /storage/0000-0000/Downloads/WheelLog/88_25_84_F0_38_D3/2026_01_31_15_17_15.csv. Uid: 10066
03-06 14:01:48.049     0     0 W healthd : battery l=100 v=5000 t=25.0 h=2 st=4 c=900000 fc=3000000 cc=10 chg=
03-06 14:01:48.143   995  1122 D ApfFilter: (wlan0): Adding RA fe80::2 -> ff02::1 1800s fec0::/64 86400s/14400s 
03-06 14:01:48.149   685   725 I WifiService: isFeatureSupported uid=1000 returns [WIFI_FEATURE_INFRA, WIFI_FEATURE_P2P, WIFI_FEATURE_MOBILE_HOTSPOT, WIFI_FEATURE_WPA3_SAE, WIFI_FEATURE_WPA3_SUITE_B, WIFI_FEATURE_OWE, WIFI_FEATURE_DPP, WIFI_FEATURE_AP_RAND_MAC, WIFI_FEATURE_MBO, WIFI_FEATURE_FILS_SHA256, WIFI_FEATURE_FILS_SHA384, WIFI_FEATURE_SAE_PK, WIFI_FEATURE_DPP_ENROLLEE_RESPONDER, WIFI_FEATURE_PASSPOINT_TERMS_AND_CONDITIONS, WIFI_FEATURE_WFD_R2, WIFI_FEATURE_DECORATED_IDENTITY, WIFI_FEATURE_TRUST_ON_FIRST_USE, WIFI_FEATURE_SET_TLS_MINIMUM_VERSION, WIFI_FEATURE_TLS_V1_3, WIFI_FEATURE_WEP, WIFI_FEATURE_WPA_PERSONAL]
03-06 14:01:48.152   685   829 D WifiVendorHal: installPacketFilter filter length 1844
03-06 14:01:48.153   685   829 D WifiClientModeImpl[10579:wlan0]:  ClientModeImpl$ConnectableState screen=on len=1844
03-06 14:01:48.478  2554  2575 D SohAnalyzer:   [1] SUCCESS: 1675 points, req=0.13015373864430438
03-06 14:01:48.478  2554  2575 D SohAnalyzer:   Processing [2/23] 0000-0000%3ADownloads%2FWheelLog%2F88_25_84_F0_38_D3%2F2026_01_17_14_29_52.csv
03-06 14:01:48.485  1550  1775 I MediaProvider: Open with lower FS for /storage/0000-0000/Downloads/WheelLog/88_25_84_F0_38_D3/2026_01_17_14_29_52.csv. Uid: 10066
03-06 14:01:48.497  1550  1575 W FuseDaemon: Reducing the number of considered missed Gc histogram windows from 118 to 100
03-06 14:01:49.277  1056  1253 D SatelliteController: iisInCarrierRoamingNbIotNtn: satellite is disabled
03-06 14:01:49.405  2554  2575 D SohAnalyzer:   [2] SUCCESS: 3831 points, req=0.14120449132357965
03-06 14:01:49.406  2554  2575 D SohAnalyzer:   Processing [3/23] 0000-0000%3ADownloads%2FWheelLog%2F88_25_84_F0_38_D3%2F2026_03_03_07_59_25.csv
03-06 14:01:49.413  1550  1775 I MediaProvider: Open with lower FS for /storage/0000-0000/Downloads/WheelLog/88_25_84_F0_38_D3/2026_03_03_07_59_25.csv. Uid: 10066
03-06 14:01:50.164   931  1108 E FrameTracker: force finish cuj, time out: J<SPLASHSCREEN_EXIT_ANIM>
03-06 14:01:50.164   931  1108 W FrameTracker: Missed App frame:UNKNOWN: 3, 149674, 17126074, CUJ=J<SPLASHSCREEN_EXIT_ANIM>
03-06 14:01:50.164   931  1108 W FrameTracker: Missed SF frame:UNKNOWN: 3, 149674, 17126074, CUJ=J<SPLASHSCREEN_EXIT_ANIM>
03-06 14:01:50.164   931  1108 W FrameTracker: Missed SF frame:JANK_COMPOSER, 149695, 33597656, CUJ=J<SPLASHSCREEN_EXIT_ANIM>
03-06 14:01:50.164   931  1108 W FrameTracker: Missed SF frame:JANK_COMPOSER, 149724, 33775907, CUJ=J<SPLASHSCREEN_EXIT_ANIM>
03-06 14:01:50.164   931  1108 W FrameTracker: Missed App frame:UNKNOWN: 3, 149739, 34322862, CUJ=J<SPLASHSCREEN_EXIT_ANIM>
03-06 14:01:50.164   931  1108 W FrameTracker: Missed SF frame:UNKNOWN: 3, 149739, 34322862, CUJ=J<SPLASHSCREEN_EXIT_ANIM>
03-06 14:01:50.164   931  1108 W FrameTracker: Missed SF frame:JANK_COMPOSER, 149747, 33616923, CUJ=J<SPLASHSCREEN_EXIT_ANIM>
03-06 14:01:50.164   931  1108 W FrameTracker: Missed SF frame:JANK_COMPOSER, 149755, 33493779, CUJ=J<SPLASHSCREEN_EXIT_ANIM>
03-06 14:01:50.164   931  1108 W FrameTracker: Missed App frame:UNKNOWN: 3, 149763, 46569041, CUJ=J<SPLASHSCREEN_EXIT_ANIM>
03-06 14:01:50.164   931  1108 W FrameTracker: Missed SF frame:UNKNOWN: 3, 149763, 46569041, CUJ=J<SPLASHSCREEN_EXIT_ANIM>
03-06 14:01:50.164   931  1108 W FrameTracker: Missed SF frame:JANK_COMPOSER, 149771, 29917065, CUJ=J<SPLASHSCREEN_EXIT_ANIM>
03-06 14:01:50.164   931  1108 W FrameTracker: Missed App frame:UNKNOWN: 3, 149786, 59387741, CUJ=J<SPLASHSCREEN_EXIT_ANIM>
03-06 14:01:50.164   931  1108 W FrameTracker: Missed SF frame:UNKNOWN: 3, 149786, 59387741, CUJ=J<SPLASHSCREEN_EXIT_ANIM>
03-06 14:01:50.164   931  1108 W FrameTracker: Missed SF frame:JANK_COMPOSER, 149794, 66901427, CUJ=J<SPLASHSCREEN_EXIT_ANIM>
03-06 14:01:50.164   931  1108 W FrameTracker: Missed App frame:UNKNOWN: 3, 149802, 79500119, CUJ=J<SPLASHSCREEN_EXIT_ANIM>
03-06 14:01:50.164   931  1108 W FrameTracker: Missed SF frame:UNKNOWN: 3, 149802, 79500119, CUJ=J<SPLASHSCREEN_EXIT_ANIM>
03-06 14:01:50.164   931  1108 W FrameTracker: Missed SF frame:JANK_COMPOSER, 149824, 46253599, CUJ=J<SPLASHSCREEN_EXIT_ANIM>
03-06 14:01:50.164   931  1108 W FrameTracker: Missed SF frame:JANK_COMPOSER, 149846, 66814290, CUJ=J<SPLASHSCREEN_EXIT_ANIM>
03-06 14:01:50.164   931  1108 W FrameTracker: Missed App frame:UNKNOWN: 3, 149854, 66834320, CUJ=J<SPLASHSCREEN_EXIT_ANIM>
03-06 14:01:50.164   931  1108 W FrameTracker: Missed SF frame:UNKNOWN: 3, 149854, 66834320, CUJ=J<SPLASHSCREEN_EXIT_ANIM>
03-06 14:01:50.164   931  1108 W FrameTracker: Missed SF frame:JANK_COMPOSER, 149862, 55300830, CUJ=J<SPLASHSCREEN_EXIT_ANIM>
03-06 14:01:50.164   931  1108 W FrameTracker: Missed App frame:UNKNOWN: 3, 149870, 83552474, CUJ=J<SPLASHSCREEN_EXIT_ANIM>
03-06 14:01:50.164   931  1108 W FrameTracker: Missed SF frame:UNKNOWN: 3, 149870, 83552474, CUJ=J<SPLASHSCREEN_EXIT_ANIM>
03-06 14:01:50.168   931  1091 V PerfettoTrigger: Not triggering com.android.telemetry.interaction-jank-monitor-39 - not enough time since last trigger
03-06 14:01:50.349   685   829 D WifiClientModeImpl[10579:wlan0]: updateLinkLayerStatsRssiSpeedFrequencyCapabilities rssi=-50 TxLinkspeed=1 freq=2447 RxLinkSpeed=2
03-06 14:01:50.349   685   829 D WifiDataStall: tx tput in kbps: 11000
03-06 14:01:50.349   685   829 D WifiDataStall: rx tput in kbps: 11000
03-06 14:01:50.349   685   829 V WifiConfigManager: Updating scan detail cache freq=2447 BSSID=00:13:10:85:fe:01 RSSI=-50 for "AndroidWifi"NONE
03-06 14:01:50.349   685   829 D WifiThroughputPredictor:  utilization (LLS) 80 isBluetoothConnected: false final utilization: 80
03-06 14:01:50.349   685   829 D WifiThroughputPredictor:  BW: 0 RSSI: -50 Nss: 1 Mode: 1 symDur: 4000 snrDb 30 bitPerTone: 4500 rate: 54 throughput: 11
03-06 14:01:50.349   685   829 D WifiThroughputPredictor:  utilization (LLS) 80 isBluetoothConnected: false final utilization: 80
03-06 14:01:50.349   685   829 D WifiThroughputPredictor:  BW: 0 RSSI: -50 Nss: 1 Mode: 1 symDur: 4000 snrDb 30 bitPerTone: 4500 rate: 54 throughput: 11
03-06 14:01:50.350   685   829 D WifiThroughputPredictor:  utilization (LLS) 80 isBluetoothConnected: false final utilization: 80
03-06 14:01:50.350   685   829 D WifiThroughputPredictor:  BW: 0 RSSI: -50 Nss: 1 Mode: 1 symDur: 4000 snrDb 30 bitPerTone: 4500 rate: 54 throughput: 11
03-06 14:01:50.350   685   829 D WifiThroughputPredictor:  utilization (LLS) 80 isBluetoothConnected: false final utilization: 80
03-06 14:01:50.350   685   829 D WifiThroughputPredictor:  BW: 0 RSSI: -50 Nss: 1 Mode: 1 symDur: 4000 snrDb 30 bitPerTone: 4500 rate: 54 throughput: 11
03-06 14:01:50.351   685   829 D WifiScoreCard: BSSID update SIGNAL_POLL ID: 1112605923 SSID: "AndroidWifi", BSSID: 00:13:10:85:fe:01, MAC: 02:15:b2:00:00:00, IP: /10.0.2.16, Security type: 0, Supplicant state: COMPLETED, Wi-Fi standard: legacy, RSSI: -50, Link speed: 1Mbps, Tx Link speed: 1Mbps, Max Supported Tx Link speed: 11Mbps, Rx Link speed: 2Mbps, Max Supported Rx Link speed: 11Mbps, Frequency: 2447MHz, Net ID: 0, Metered hint: false, score: 60, isUsable: true, CarrierMerged: false, SubscriptionId: -1, IsPrimary: 1, Trusted: true, Restricted: false, Ephemeral: false, OEM paid: false, OEM private: false, OSU AP: false, FQDN: <none>, Provider friendly name: <none>, Requesting package name: <none>"AndroidWifi"openMLO Information: , Is TID-To-Link negotiation supported by the AP: false, AP MLD Address: <none>, AP MLO Link Id: <none>, AP MLO Affiliated links: <none>, Vendor Data: <none>
03-06 14:01:50.351   685   829 D WifiScoreCard: txRate: 0 txSpeed: 1
03-06 14:01:50.351   685   829 D WifiScoreCard: network update SIGNAL_POLL "AndroidWifi" ID: 588763177 RSSI -50 txSpeed -1
03-06 14:01:50.352   685   829 D WifiClientModeImpl[10579:wlan0]:  ClientModeImpl$L2ConnectedState screen=on 1 0 "AndroidWifi" 00:13:10:85:fe:01 rssi=-50 f=2447 sc=60 link=1 tx=0.0, 0.0, 0.0 rx=0.2 bcn=0 [on:0 tx:0 rx:0 period:3007] from screen [on:0 period:-1019382896] score=60
03-06 14:01:51.321  2554  2575 D SohAnalyzer:   [3] SUCCESS: 4420 points, req=0.05231219920485473
03-06 14:01:51.321  2554  2575 D SohAnalyzer:   Processing [4/23] 0000-0000%3ADownloads%2FWheelLog%2F88_25_84_F0_38_D3%2F2024_09_17_17_37_05.csv
03-06 14:01:51.331  1550  1775 I MediaProvider: Open with lower FS for /storage/0000-0000/Downloads/WheelLog/88_25_84_F0_38_D3/2024_09_17_17_37_05.csv. Uid: 10066
03-06 14:01:51.461   685   770 I UsageStatsService: User[0] Flushing usage stats to disk
03-06 14:01:51.481   685   884 D BackgroundInstallControlService: Package event received: 0
03-06 14:01:52.913  2554  2575 D SohAnalyzer:   [4] SUCCESS: 2056 points, req=0.14603798297315024
03-06 14:01:52.913  2554  2575 D SohAnalyzer:   Processing [5/23] 0000-0000%3ADownloads%2FWheelLog%2F88_25_84_F0_38_D3%2F2026_01_31_15_51_11.csv
03-06 14:01:52.921  1550  1775 I MediaProvider: Open with lower FS for /storage/0000-0000/Downloads/WheelLog/88_25_84_F0_38_D3/2026_01_31_15_51_11.csv. Uid: 10066
03-06 14:01:53.353   685   829 D WifiClientModeImpl[10579:wlan0]: updateLinkLayerStatsRssiSpeedFrequencyCapabilities rssi=-50 TxLinkspeed=1 freq=2447 RxLinkSpeed=2
03-06 14:01:53.353   685   829 D WifiDataStall: tx tput in kbps: 11000
03-06 14:01:53.353   685   829 D WifiDataStall: rx tput in kbps: 11000
03-06 14:01:53.353   685   829 V WifiConfigManager: Updating scan detail cache freq=2447 BSSID=00:13:10:85:fe:01 RSSI=-50 for "AndroidWifi"NONE
03-06 14:01:53.353   685   829 D WifiThroughputPredictor:  utilization (LLS) 80 isBluetoothConnected: false final utilization: 80
03-06 14:01:53.353   685   829 D WifiThroughputPredictor:  BW: 0 RSSI: -50 Nss: 1 Mode: 1 symDur: 4000 snrDb 30 bitPerTone: 4500 rate: 54 throughput: 11
03-06 14:01:53.353   685   829 D WifiThroughputPredictor:  utilization (LLS) 80 isBluetoothConnected: false final utilization: 80
03-06 14:01:53.353   685   829 D WifiThroughputPredictor:  BW: 0 RSSI: -50 Nss: 1 Mode: 1 symDur: 4000 snrDb 30 bitPerTone: 4500 rate: 54 throughput: 11
03-06 14:01:53.353   685   829 D WifiThroughputPredictor:  utilization (LLS) 80 isBluetoothConnected: false final utilization: 80
03-06 14:01:53.353   685   829 D WifiThroughputPredictor:  BW: 0 RSSI: -50 Nss: 1 Mode: 1 symDur: 4000 snrDb 30 bitPerTone: 4500 rate: 54 throughput: 11
03-06 14:01:53.353   685   829 D WifiThroughputPredictor:  utilization (LLS) 80 isBluetoothConnected: false final utilization: 80
03-06 14:01:53.353   685   829 D WifiThroughputPredictor:  BW: 0 RSSI: -50 Nss: 1 Mode: 1 symDur: 4000 snrDb 30 bitPerTone: 4500 rate: 54 throughput: 11
03-06 14:01:53.354   685   829 D WifiScoreCard: BSSID update SIGNAL_POLL ID: 1112605923 SSID: "AndroidWifi", BSSID: 00:13:10:85:fe:01, MAC: 02:15:b2:00:00:00, IP: /10.0.2.16, Security type: 0, Supplicant state: COMPLETED, Wi-Fi standard: legacy, RSSI: -50, Link speed: 1Mbps, Tx Link speed: 1Mbps, Max Supported Tx Link speed: 11Mbps, Rx Link speed: 2Mbps, Max Supported Rx Link speed: 11Mbps, Frequency: 2447MHz, Net ID: 0, Metered hint: false, score: 60, isUsable: true, CarrierMerged: false, SubscriptionId: -1, IsPrimary: 1, Trusted: true, Restricted: false, Ephemeral: false, OEM paid: false, OEM private: false, OSU AP: false, FQDN: <none>, Provider friendly name: <none>, Requesting package name: <none>"AndroidWifi"openMLO Information: , Is TID-To-Link negotiation supported by the AP: false, AP MLD Address: <none>, AP MLO Link Id: <none>, AP MLO Affiliated links: <none>, Vendor Data: <none>
03-06 14:01:53.354   685   829 D WifiScoreCard: txRate: 0 txSpeed: 1
03-06 14:01:53.354   685   829 D WifiScoreCard: network update SIGNAL_POLL "AndroidWifi" ID: 588763177 RSSI -50 txSpeed -1
03-06 14:01:53.354   685   829 D WifiClientModeImpl[10579:wlan0]:  ClientModeImpl$L2ConnectedState screen=on 1 0 "AndroidWifi" 00:13:10:85:fe:01 rssi=-50 f=2447 sc=60 link=1 tx=0.0, 0.0, 0.0 rx=0.0 bcn=0 [on:0 tx:0 rx:0 period:3002] from screen [on:0 period:-1019379894] score=60
03-06 14:01:53.363  2554  2575 D SohAnalyzer:   [5] SUCCESS: 1587 points, req=0.14059514059514075
03-06 14:01:53.363  2554  2575 D SohAnalyzer:   Processing [6/23] 0000-0000%3ADownloads%2FWheelLog%2F88_25_84_F0_38_D3%2F2026_03_03_11_36_58.csv
03-06 14:01:53.368  1550  1775 I MediaProvider: Open with lower FS for /storage/0000-0000/Downloads/WheelLog/88_25_84_F0_38_D3/2026_03_03_11_36_58.csv. Uid: 10066
03-06 14:01:53.383  2554  2575 D SohAnalyzer:   [6] SUCCESS: 0.0 points, req=0.0
03-06 14:01:53.383  2554  2575 D SohAnalyzer:   Processing [7/23] 0000-0000%3ADownloads%2FWheelLog%2F88_25_84_F0_38_D3%2F2024_10_04_17_15_53.csv
03-06 14:01:53.388  1550  1775 I MediaProvider: Open with lower FS for /storage/0000-0000/Downloads/WheelLog/88_25_84_F0_38_D3/2024_10_04_17_15_53.csv. Uid: 10066
03-06 14:01:55.053  2554  2575 D SohAnalyzer:   [7] SUCCESS: 2779 points, req=0.17199459702836592
03-06 14:01:55.054  2554  2575 D SohAnalyzer:   Processing [8/23] 0000-0000%3ADownloads%2FWheelLog%2F88_25_84_F0_38_D3%2F2026_02_08_14_43_03.csv
03-06 14:01:55.064  1550  1775 I MediaProvider: Open with lower FS for /storage/0000-0000/Downloads/WheelLog/88_25_84_F0_38_D3/2026_02_08_14_43_03.csv. Uid: 10066
03-06 14:01:56.186  2554  2575 D SohAnalyzer:   [8] SUCCESS: 4784 points, req=0.13534162846540126
03-06 14:01:56.186  2554  2575 D SohAnalyzer:   Processing [9/23] 0000-0000%3ADownloads%2FEUC%20World%2FJournal%20des%20donn%C3%A9es%20EUC%20-%20Begode%20Master%20Pro%20(GotWay_69594)%20-%202025-05-27%20165242.csv
03-06 14:01:56.191  1550  1775 I MediaProvider: Open with lower FS for /storage/0000-0000/Downloads/EUC World/Journal des données EUC - Begode Master Pro (GotWay_69594) - 2025-05-27 165242.csv. Uid: 10066
03-06 14:01:56.357   685   829 D WifiClientModeImpl[10579:wlan0]: updateLinkLayerStatsRssiSpeedFrequencyCapabilities rssi=-50 TxLinkspeed=1 freq=2447 RxLinkSpeed=2
03-06 14:01:56.357   685   829 D WifiDataStall: tx tput in kbps: 11000
03-06 14:01:56.357   685   829 D WifiDataStall: rx tput in kbps: 11000
03-06 14:01:56.357   685   829 V WifiConfigManager: Updating scan detail cache freq=2447 BSSID=00:13:10:85:fe:01 RSSI=-50 for "AndroidWifi"NONE
03-06 14:01:56.357   685   829 D WifiThroughputPredictor:  utilization (LLS) 80 isBluetoothConnected: false final utilization: 80
03-06 14:01:56.357   685   829 D WifiThroughputPredictor:  BW: 0 RSSI: -50 Nss: 1 Mode: 1 symDur: 4000 snrDb 30 bitPerTone: 4500 rate: 54 throughput: 11
03-06 14:01:56.357   685   829 D WifiThroughputPredictor:  utilization (LLS) 80 isBluetoothConnected: false final utilization: 80
03-06 14:01:56.357   685   829 D WifiThroughputPredictor:  BW: 0 RSSI: -50 Nss: 1 Mode: 1 symDur: 4000 snrDb 30 bitPerTone: 4500 rate: 54 throughput: 11
03-06 14:01:56.357   685   829 D WifiThroughputPredictor:  utilization (LLS) 80 isBluetoothConnected: false final utilization: 80
03-06 14:01:56.357   685   829 D WifiThroughputPredictor:  BW: 0 RSSI: -50 Nss: 1 Mode: 1 symDur: 4000 snrDb 30 bitPerTone: 4500 rate: 54 throughput: 11
03-06 14:01:56.357   685   829 D WifiThroughputPredictor:  utilization (LLS) 80 isBluetoothConnected: false final utilization: 80
03-06 14:01:56.357   685   829 D WifiThroughputPredictor:  BW: 0 RSSI: -50 Nss: 1 Mode: 1 symDur: 4000 snrDb 30 bitPerTone: 4500 rate: 54 throughput: 11
03-06 14:01:56.358   685   829 D WifiScoreCard: BSSID update SIGNAL_POLL ID: 1112605923 SSID: "AndroidWifi", BSSID: 00:13:10:85:fe:01, MAC: 02:15:b2:00:00:00, IP: /10.0.2.16, Security type: 0, Supplicant state: COMPLETED, Wi-Fi standard: legacy, RSSI: -50, Link speed: 1Mbps, Tx Link speed: 1Mbps, Max Supported Tx Link speed: 11Mbps, Rx Link speed: 2Mbps, Max Supported Rx Link speed: 11Mbps, Frequency: 2447MHz, Net ID: 0, Metered hint: false, score: 60, isUsable: true, CarrierMerged: false, SubscriptionId: -1, IsPrimary: 1, Trusted: true, Restricted: false, Ephemeral: false, OEM paid: false, OEM private: false, OSU AP: false, FQDN: <none>, Provider friendly name: <none>, Requesting package name: <none>"AndroidWifi"openMLO Information: , Is TID-To-Link negotiation supported by the AP: false, AP MLD Address: <none>, AP MLO Link Id: <none>, AP MLO Affiliated links: <none>, Vendor Data: <none>
03-06 14:01:56.358   685   829 D WifiScoreCard: txRate: 0 txSpeed: 1
03-06 14:01:56.358   685   829 D WifiScoreCard: network update SIGNAL_POLL "AndroidWifi" ID: 588763177 RSSI -50 txSpeed -1
03-06 14:01:56.358   685   829 D WifiClientModeImpl[10579:wlan0]:  ClientModeImpl$L2ConnectedState screen=on 1 0 "AndroidWifi" 00:13:10:85:fe:01 rssi=-50 f=2447 sc=60 link=1 tx=0.0, 0.0, 0.0 rx=0.0 bcn=0 [on:0 tx:0 rx:0 period:3004] from screen [on:0 period:-1019376890] score=60
03-06 14:01:58.972   917   917 D wpa_supplicant: WNM: Send keep-alive to AP 00:13:10:85:fe:01
03-06 14:01:59.118  2554  2575 D SohAnalyzer:   [9] SUCCESS: 2727 points, req=-4.820671037408407
03-06 14:01:59.118  2554  2575 D SohAnalyzer:   Processing [10/23] 0000-0000%3ADownloads%2FEUC%20World%2FJournal%20des%20donn%C3%A9es%20EUC%20-%20Begode%20Master%20Pro%20(GotWay_69594)%20-%202025-07-18%20161409.csv
03-06 14:01:59.135  1550  1775 I MediaProvider: Open with lower FS for /storage/0000-0000/Downloads/EUC World/Journal des données EUC - Begode Master Pro (GotWay_69594) - 2025-07-18 161409.csv. Uid: 10066
03-06 14:01:59.279  1056  1253 D SatelliteController: iisInCarrierRoamingNbIotNtn: satellite is disabled
03-06 14:01:59.361   685   829 D WifiClientModeImpl[10579:wlan0]: updateLinkLayerStatsRssiSpeedFrequencyCapabilities rssi=-50 TxLinkspeed=5 freq=2447 RxLinkSpeed=2
03-06 14:01:59.361   685   829 D WifiDataStall: tx tput in kbps: 11000
03-06 14:01:59.361   685   829 D WifiDataStall: rx tput in kbps: 11000
03-06 14:01:59.361   685   829 V WifiConfigManager: Updating scan detail cache freq=2447 BSSID=00:13:10:85:fe:01 RSSI=-50 for "AndroidWifi"NONE
03-06 14:01:59.361   685   829 D WifiThroughputPredictor:  utilization (LLS) 80 isBluetoothConnected: false final utilization: 80
03-06 14:01:59.361   685   829 D WifiThroughputPredictor:  BW: 0 RSSI: -50 Nss: 1 Mode: 1 symDur: 4000 snrDb 30 bitPerTone: 4500 rate: 54 throughput: 11
03-06 14:01:59.361   685   829 D WifiThroughputPredictor:  utilization (LLS) 80 isBluetoothConnected: false final utilization: 80
03-06 14:01:59.361   685   829 D WifiThroughputPredictor:  BW: 0 RSSI: -50 Nss: 1 Mode: 1 symDur: 4000 snrDb 30 bitPerTone: 4500 rate: 54 throughput: 11
03-06 14:01:59.361   685   829 D WifiThroughputPredictor:  utilization (LLS) 80 isBluetoothConnected: false final utilization: 80
03-06 14:01:59.361   685   829 D WifiThroughputPredictor:  BW: 0 RSSI: -50 Nss: 1 Mode: 1 symDur: 4000 snrDb 30 bitPerTone: 4500 rate: 54 throughput: 11
03-06 14:01:59.361   685   829 D WifiThroughputPredictor:  utilization (LLS) 80 isBluetoothConnected: false final utilization: 80
03-06 14:01:59.361   685   829 D WifiThroughputPredictor:  BW: 0 RSSI: -50 Nss: 1 Mode: 1 symDur: 4000 snrDb 30 bitPerTone: 4500 rate: 54 throughput: 11
03-06 14:01:59.362   685   829 D WifiScoreCard: BSSID update SIGNAL_POLL ID: 1112605923 SSID: "AndroidWifi", BSSID: 00:13:10:85:fe:01, MAC: 02:15:b2:00:00:00, IP: /10.0.2.16, Security type: 0, Supplicant state: COMPLETED, Wi-Fi standard: legacy, RSSI: -50, Link speed: 5Mbps, Tx Link speed: 5Mbps, Max Supported Tx Link speed: 11Mbps, Rx Link speed: 2Mbps, Max Supported Rx Link speed: 11Mbps, Frequency: 2447MHz, Net ID: 0, Metered hint: false, score: 60, isUsable: true, CarrierMerged: false, SubscriptionId: -1, IsPrimary: 1, Trusted: true, Restricted: false, Ephemeral: false, OEM paid: false, OEM private: false, OSU AP: false, FQDN: <none>, Provider friendly name: <none>, Requesting package name: <none>"AndroidWifi"openMLO Information: , Is TID-To-Link negotiation supported by the AP: false, AP MLD Address: <none>, AP MLO Link Id: <none>, AP MLO Affiliated links: <none>, Vendor Data: <none>
03-06 14:01:59.362   685   829 D WifiScoreCard: txRate: 0 txSpeed: 5
03-06 14:01:59.362   685   829 D WifiScoreCard: network update SIGNAL_POLL "AndroidWifi" ID: 588763177 RSSI -50 txSpeed -1
03-06 14:01:59.362   685   829 D WifiClientModeImpl[10579:wlan0]:  ClientModeImpl$L2ConnectedState screen=on 1 0 "AndroidWifi" 00:13:10:85:fe:01 rssi=-50 f=2447 sc=60 link=5 tx=0.0, 0.0, 0.0 rx=0.0 bcn=0 [on:0 tx:0 rx:0 period:3004] from screen [on:0 period:-1019373886] score=60
03-06 14:01:59.632  2554  2575 D SohAnalyzer:   [10] SUCCESS: 2 points, req=-4.383607658716829
03-06 14:01:59.632  2554  2575 D SohAnalyzer:   Processing [11/23] 0000-0000%3ADownloads%2FEUC%20World%2FJournal%20des%20donn%C3%A9es%20EUC%20-%20Begode%20Master%20Pro%20(GotWay_69594)%20-%202025-07-25%20082020.csv
03-06 14:01:59.638  1550  1775 I MediaProvider: Open with lower FS for /storage/0000-0000/Downloads/EUC World/Journal des données EUC - Begode Master Pro (GotWay_69594) - 2025-07-25 082020.csv. Uid: 10066
03-06 14:02:00.682  2554  2575 D SohAnalyzer:   [11] SUCCESS: 744 points, req=-5.302680412371134
03-06 14:02:00.682  2554  2575 D SohAnalyzer:   Processing [12/23] 0000-0000%3ADownloads%2FEUC%20World%2FJournal%20des%20donn%C3%A9es%20EUC%20-%20Begode%20Master%20Pro%20(GotWay_69594)%20-%202025-05-20%20171415.csv
03-06 14:02:00.688  1550  1775 I MediaProvider: Open with lower FS for /storage/0000-0000/Downloads/EUC World/Journal des données EUC - Begode Master Pro (GotWay_69594) - 2025-05-20 171415.csv. Uid: 10066
03-06 14:02:02.365   685   829 D WifiClientModeImpl[10579:wlan0]: updateLinkLayerStatsRssiSpeedFrequencyCapabilities rssi=-50 TxLinkspeed=5 freq=2447 RxLinkSpeed=2
03-06 14:02:02.365   685   829 D WifiDataStall: tx tput in kbps: 11000
03-06 14:02:02.365   685   829 D WifiDataStall: rx tput in kbps: 11000
03-06 14:02:02.365   685   829 V WifiConfigManager: Updating scan detail cache freq=2447 BSSID=00:13:10:85:fe:01 RSSI=-50 for "AndroidWifi"NONE
03-06 14:02:02.365   685   829 D WifiThroughputPredictor:  utilization (LLS) 80 isBluetoothConnected: false final utilization: 80
03-06 14:02:02.365   685   829 D WifiThroughputPredictor:  BW: 0 RSSI: -50 Nss: 1 Mode: 1 symDur: 4000 snrDb 30 bitPerTone: 4500 rate: 54 throughput: 11
03-06 14:02:02.365   685   829 D WifiThroughputPredictor:  utilization (LLS) 80 isBluetoothConnected: false final utilization: 80
03-06 14:02:02.365   685   829 D WifiThroughputPredictor:  BW: 0 RSSI: -50 Nss: 1 Mode: 1 symDur: 4000 snrDb 30 bitPerTone: 4500 rate: 54 throughput: 11
03-06 14:02:02.365   685   829 D WifiThroughputPredictor:  utilization (LLS) 80 isBluetoothConnected: false final utilization: 80
03-06 14:02:02.365   685   829 D WifiThroughputPredictor:  BW: 0 RSSI: -50 Nss: 1 Mode: 1 symDur: 4000 snrDb 30 bitPerTone: 4500 rate: 54 throughput: 11
03-06 14:02:02.365   685   829 D WifiThroughputPredictor:  utilization (LLS) 80 isBluetoothConnected: false final utilization: 80
03-06 14:02:02.365   685   829 D WifiThroughputPredictor:  BW: 0 RSSI: -50 Nss: 1 Mode: 1 symDur: 4000 snrDb 30 bitPerTone: 4500 rate: 54 throughput: 11
03-06 14:02:02.366   685   829 D WifiScoreCard: BSSID update SIGNAL_POLL ID: 1112605923 SSID: "AndroidWifi", BSSID: 00:13:10:85:fe:01, MAC: 02:15:b2:00:00:00, IP: /10.0.2.16, Security type: 0, Supplicant state: COMPLETED, Wi-Fi standard: legacy, RSSI: -50, Link speed: 5Mbps, Tx Link speed: 5Mbps, Max Supported Tx Link speed: 11Mbps, Rx Link speed: 2Mbps, Max Supported Rx Link speed: 11Mbps, Frequency: 2447MHz, Net ID: 0, Metered hint: false, score: 60, isUsable: true, CarrierMerged: false, SubscriptionId: -1, IsPrimary: 1, Trusted: true, Restricted: false, Ephemeral: false, OEM paid: false, OEM private: false, OSU AP: false, FQDN: <none>, Provider friendly name: <none>, Requesting package name: <none>"AndroidWifi"openMLO Information: , Is TID-To-Link negotiation supported by the AP: false, AP MLD Address: <none>, AP MLO Link Id: <none>, AP MLO Affiliated links: <none>, Vendor Data: <none>
03-06 14:02:02.366   685   829 D WifiScoreCard: txRate: 0 txSpeed: 5
03-06 14:02:02.366   685   829 D WifiScoreCard: network update SIGNAL_POLL "AndroidWifi" ID: 588763177 RSSI -50 txSpeed -1
03-06 14:02:02.366   685   829 D WifiClientModeImpl[10579:wlan0]:  ClientModeImpl$L2ConnectedState screen=on 1 0 "AndroidWifi" 00:13:10:85:fe:01 rssi=-50 f=2447 sc=60 link=5 tx=0.0, 0.0, 0.0 rx=0.0 bcn=0 [on:0 tx:0 rx:0 period:3004] from screen [on:0 period:-1019370882] score=60
03-06 14:02:02.765  2554  2559 I .eucsoh.android: Background concurrent mark compact GC freed 28MB AllocSpace bytes, 0(0B) LOS objects, 39% free, 37MB/61MB, paused 362us,2.323ms total 107.747ms
03-06 14:02:03.335   685   725 I WifiService: isFeatureSupported uid=1000 returns [WIFI_FEATURE_INFRA, WIFI_FEATURE_P2P, WIFI_FEATURE_MOBILE_HOTSPOT, WIFI_FEATURE_WPA3_SAE, WIFI_FEATURE_WPA3_SUITE_B, WIFI_FEATURE_OWE, WIFI_FEATURE_DPP, WIFI_FEATURE_AP_RAND_MAC, WIFI_FEATURE_MBO, WIFI_FEATURE_FILS_SHA256, WIFI_FEATURE_FILS_SHA384, WIFI_FEATURE_SAE_PK, WIFI_FEATURE_DPP_ENROLLEE_RESPONDER, WIFI_FEATURE_PASSPOINT_TERMS_AND_CONDITIONS, WIFI_FEATURE_WFD_R2, WIFI_FEATURE_DECORATED_IDENTITY, WIFI_FEATURE_TRUST_ON_FIRST_USE, WIFI_FEATURE_SET_TLS_MINIMUM_VERSION, WIFI_FEATURE_TLS_V1_3, WIFI_FEATURE_WEP, WIFI_FEATURE_WPA_PERSONAL]
03-06 14:02:03.412  2554  2559 I .eucsoh.android: Background concurrent mark compact GC freed 31MB AllocSpace bytes, 0(0B) LOS objects, 36% free, 40MB/64MB, paused 289us,1.894ms total 105.998ms
03-06 14:02:03.630  2554  2575 D SohAnalyzer:   [12] SUCCESS: 1976 points, req=-4.491593567251462
03-06 14:02:03.630  2554  2575 D SohAnalyzer:   Processing [13/23] 0000-0000%3ADownloads%2FEUC%20World%2FJournal%20des%20donn%C3%A9es%20EUC%20-%20Begode%20Master%20Pro%20(GotWay_69594)%20-%202025-07-15%20165628.csv
03-06 14:02:03.638  1550  1775 I MediaProvider: Open with lower FS for /storage/0000-0000/Downloads/EUC World/Journal des données EUC - Begode Master Pro (GotWay_69594) - 2025-07-15 165628.csv. Uid: 10066
03-06 14:02:03.797   685   829 D WifiNetworkSelector: Current connected network: 0
03-06 14:02:03.797   685   829 V WifiConnectivityManager: No full band scan because current network is sufficient
03-06 14:02:03.797   685   829 V WifiConnectivityManager: schedulePeriodicScanTimer intervalMs 160000
03-06 14:02:03.797   685   835 I WifiScanningService: Registering listener= com.android.server.wifi.scanner.WifiScannerInternal$ScanListener@d6c312c uid=1000 packageName=null workSource=WorkSource{1000}
03-06 14:02:03.798   685   835 I WifiScanningService: start scan: ClientInfo[uid=1000, package=null, attributionTag=null, com.android.server.wifi.scanner.WifiScannerInternal$ScanListener@d6c312c] package null AttributionTag null
03-06 14:02:03.798   685   835 I WifiScanningService: addSingleScanRequest: ClientInfo[uid=1000, package=null, attributionTag=null, com.android.server.wifi.scanner.WifiScannerInternal$ScanListener@d6c312c],WorkSource{1010}, ScanSettings {  type:HIGH ACCURACY band:unspecified ignoreLocationSettings:false period:0 reportEvents:3 numBssidsPerScan:0 maxScansToCache:0 rnrSetting:2 6GhzPscOnlyEnabled:false channels:[ 2447  ]  } 
03-06 14:02:03.798   685   835 D WifiScanningService: replySucceeded onSuccess
03-06 14:02:03.803   917   917 D wpa_supplicant: nl80211: Drv Event 33 (NL80211_CMD_TRIGGER_SCAN) received for wlan0
03-06 14:02:03.803   917   917 D wpa_supplicant: wlan0: nl80211: Scan trigger
03-06 14:02:03.804   917   917 D wpa_supplicant: wlan0: Event SCAN_STARTED (47) received
03-06 14:02:03.804   917   917 D wpa_supplicant: wlan0: External program started a scan
03-06 14:02:03.852   917   917 D wpa_supplicant: nl80211: Drv Event 34 (NL80211_CMD_NEW_SCAN_RESULTS) received for wlan0
03-06 14:02:03.852   917   917 D wpa_supplicant: wlan0: nl80211: New scan results available
03-06 14:02:03.852   917   917 D wpa_supplicant: nl80211: Scan probed for SSID ''
03-06 14:02:03.852   917   917 D wpa_supplicant: nl80211: Scan included frequencies: 2447
03-06 14:02:03.852   917   917 D wpa_supplicant: wlan0: Event SCAN_RESULTS (3) received
03-06 14:02:03.853   917   917 D wpa_supplicant: nl80211: Received scan results (1 BSSes)
03-06 14:02:03.853   917   917 D wpa_supplicant: nl80211: Scan results indicate BSS status with 00:13:10:85:fe:01 as associated
03-06 14:02:03.853   917   917 D wpa_supplicant: wlan0: BSS: Start scan result update 19
03-06 14:02:03.853   917   917 D wpa_supplicant: BSS: last_scan_res_used=1/32
03-06 14:02:03.853   917   917 D wpa_supplicant: wlan0: New scan results available (own=0 ext=1)
03-06 14:02:03.853   917   917 D wpa_supplicant: wlan0: Do not use results from externally requested scan operation for network selection
03-06 14:02:03.853   917   917 D wpa_supplicant: p2p-dev-wlan0: Updating scan results from sibling
03-06 14:02:03.853   917   917 D wpa_supplicant: nl80211: Received scan results (1 BSSes)
03-06 14:02:03.853   917   917 D wpa_supplicant: p2p-dev-wlan0: BSS: Start scan result update 19
03-06 14:02:03.853   917   917 D wpa_supplicant: BSS: last_scan_res_used=1/32
03-06 14:02:03.853   917   917 D wpa_supplicant: p2p-dev-wlan0: New scan results available (own=0 ext=1)
03-06 14:02:03.853   917   917 D wpa_supplicant: p2p-dev-wlan0: Do not use results from externally requested scan operation for network selection
03-06 14:02:03.853   685  1611 D WifiNl80211Manager: Scan result ready event
03-06 14:02:03.853   685  1611 D WifiNative: Scan result ready event
03-06 14:02:03.854   685   835 D WifiNl80211Manager: get 1 scan results from wificond
03-06 14:02:03.854   685   835 D WifiNative: get 1 scan results from wificond
03-06 14:02:03.855   685   835 I WifiScanningService: singleScanResults: ClientInfo[uid=1000, package=null, attributionTag=null, com.android.server.wifi.scanner.WifiScannerInternal$ScanListener@d6c312c],results=1
03-06 14:02:03.855   685   835 I WifiScanningService: singleScanResults listener: ClientInfo[uid=1000, package=android, attributionTag=null, com.android.server.wifi.scanner.WifiScannerInternal$ScanListener@896bc5b],results=1
03-06 14:02:03.855   685   835 I WifiScanningService: singleScanResults listener: ClientInfo[uid=1000, package=android, attributionTag=null, com.android.server.wifi.scanner.WifiScannerInternal$ScanListener@62e5bd3],results=1
03-06 14:02:03.855   685   835 I WifiScanningService: singleScanResults listener: ClientInfo[uid=1000, package=android, attributionTag=null, com.android.server.wifi.scanner.WifiScannerInternal$ScanListener@a5dcb2],results=1
03-06 14:02:03.855   685   829 D WifiScanRequestProxy: Scan results received
03-06 14:02:03.855   685   835 I WifiScanningService: Unregistering listener= com.android.server.wifi.scanner.WifiScannerInternal$ScanListener@d6c312c uid=1000 packageName=null workSource=WorkSource{1000}
03-06 14:02:03.855   685   829 D WifiScanRequestProxy: Received 1 scan results
03-06 14:02:03.856   685   829 I HalDevMgr: bestIfaceCreationProposal is null, requestIface=STA, existingIface=[name=wlan0 type=STA]
03-06 14:02:03.856   685   829 V WifiConnectivityManager: AllSingleScanListener onResults: start network selection
03-06 14:02:03.856   685   829 V WifiConfigManager: getSavedNetworkFromScanResult Found "AndroidWifi"NONE for AndroidWifi[[ESS]]
03-06 14:02:03.857   685   829 D WifiNetworkSelector: Current connected network: 0
03-06 14:02:03.857   685   829 D WifiNetworkSelector: wlan0: Current connected network already sufficient. Skip network selection.
03-06 14:02:03.857   685   829 V WifiLastResortWatchdog: updateAvailableNetworks: size = 0
03-06 14:02:03.857   685   829 V WifiLastResortWatchdog: mWatchdogFeatureEnabled: true
03-06 14:02:03.857   685   829 V WifiLastResortWatchdog: mWatchdogAllowedToTrigger: true
03-06 14:02:03.857   685   829 V WifiLastResortWatchdog: mRecentAvailableNetworks: 0
03-06 14:02:03.857   685   829 V WifiLastResortWatchdog: mSsidFailureCount:
03-06 14:02:03.857   685   829 V WifiConnectivityManager: AllSingleScanListener:  No candidates
03-06 14:02:05.368   685   829 D WifiClientModeImpl[10579:wlan0]: updateLinkLayerStatsRssiSpeedFrequencyCapabilities rssi=-50 TxLinkspeed=1 freq=2447 RxLinkSpeed=2
03-06 14:02:05.368   685   829 D WifiDataStall: tx tput in kbps: 11000
03-06 14:02:05.368   685   829 D WifiDataStall: rx tput in kbps: 11000
03-06 14:02:05.369   685   829 V WifiConfigManager: Updating scan detail cache freq=2447 BSSID=00:13:10:85:fe:01 RSSI=-50 for "AndroidWifi"NONE
03-06 14:02:05.369   685   829 D WifiThroughputPredictor:  utilization (LLS) 80 isBluetoothConnected: false final utilization: 80
03-06 14:02:05.369   685   829 D WifiThroughputPredictor:  BW: 0 RSSI: -50 Nss: 1 Mode: 1 symDur: 4000 snrDb 30 bitPerTone: 4500 rate: 54 throughput: 11
03-06 14:02:05.369   685   829 D WifiThroughputPredictor:  utilization (LLS) 80 isBluetoothConnected: false final utilization: 80
03-06 14:02:05.369   685   829 D WifiThroughputPredictor:  BW: 0 RSSI: -50 Nss: 1 Mode: 1 symDur: 4000 snrDb 30 bitPerTone: 4500 rate: 54 throughput: 11
