03-06 14:02:36.647  2554  2559 I .eucsoh.android: Background concurrent mark compact GC freed 30MB AllocSpace bytes, 0(0B) LOS objects, 41% free, 33MB/57MB, paused 766us,5.148ms total 175.985ms
03-06 14:02:37.029  2554  2559 I .eucsoh.android: Background concurrent mark compact GC freed 31MB AllocSpace bytes, 0(0B) LOS objects, 41% free, 33MB/57MB, paused 455us,1.949ms total 114.159ms
03-06 14:02:37.426  2554  2559 I .eucsoh.android: Background concurrent mark compact GC freed 29MB AllocSpace bytes, 0(0B) LOS objects, 41% free, 33MB/57MB, paused 717us,9.878ms total 141.990ms
03-06 14:02:37.944  2554  2559 I .eucsoh.android: Background concurrent mark compact GC freed 26MB AllocSpace bytes, 0(0B) LOS objects, 38% free, 38MB/62MB, paused 242us,2.193ms total 135.701ms
03-06 14:02:38.417   685   829 D WifiClientModeImpl[10579:wlan0]: updateLinkLayerStatsRssiSpeedFrequencyCapabilities rssi=-50 TxLinkspeed=2 freq=2447 RxLinkSpeed=2
03-06 14:02:38.417   685   829 D WifiDataStall: tx tput in kbps: 11000
03-06 14:02:38.417   685   829 D WifiDataStall: rx tput in kbps: 11000
03-06 14:02:38.417   685   829 V WifiConfigManager: Updating scan detail cache freq=2447 BSSID=00:13:10:85:fe:01 RSSI=-50 for "AndroidWifi"NONE
03-06 14:02:38.417   685   829 D WifiThroughputPredictor:  utilization (LLS) 80 isBluetoothConnected: false final utilization: 80
03-06 14:02:38.417   685   829 D WifiThroughputPredictor:  BW: 0 RSSI: -50 Nss: 1 Mode: 1 symDur: 4000 snrDb 30 bitPerTone: 4500 rate: 54 throughput: 11
03-06 14:02:38.417   685   829 D WifiThroughputPredictor:  utilization (LLS) 80 isBluetoothConnected: false final utilization: 80
03-06 14:02:38.417   685   829 D WifiThroughputPredictor:  BW: 0 RSSI: -50 Nss: 1 Mode: 1 symDur: 4000 snrDb 30 bitPerTone: 4500 rate: 54 throughput: 11
03-06 14:02:38.418   685   829 D WifiThroughputPredictor:  utilization (LLS) 80 isBluetoothConnected: false final utilization: 80
03-06 14:02:38.418   685   829 D WifiThroughputPredictor:  BW: 0 RSSI: -50 Nss: 1 Mode: 1 symDur: 4000 snrDb 30 bitPerTone: 4500 rate: 54 throughput: 11
03-06 14:02:38.418   685   829 D WifiThroughputPredictor:  utilization (LLS) 80 isBluetoothConnected: false final utilization: 80
03-06 14:02:38.418   685   829 D WifiThroughputPredictor:  BW: 0 RSSI: -50 Nss: 1 Mode: 1 symDur: 4000 snrDb 30 bitPerTone: 4500 rate: 54 throughput: 11
03-06 14:02:38.418   685   829 D WifiScoreCard: BSSID update SIGNAL_POLL ID: 1112605923 SSID: "AndroidWifi", BSSID: 00:13:10:85:fe:01, MAC: 02:15:b2:00:00:00, IP: /10.0.2.16, Security type: 0, Supplicant state: COMPLETED, Wi-Fi standard: legacy, RSSI: -50, Link speed: 2Mbps, Tx Link speed: 2Mbps, Max Supported Tx Link speed: 11Mbps, Rx Link speed: 2Mbps, Max Supported Rx Link speed: 11Mbps, Frequency: 2447MHz, Net ID: 0, Metered hint: false, score: 60, isUsable: true, CarrierMerged: false, SubscriptionId: -1, IsPrimary: 1, Trusted: true, Restricted: false, Ephemeral: false, OEM paid: false, OEM private: false, OSU AP: false, FQDN: <none>, Provider friendly name: <none>, Requesting package name: <none>"AndroidWifi"openMLO Information: , Is TID-To-Link negotiation supported by the AP: false, AP MLD Address: <none>, AP MLO Link Id: <none>, AP MLO Affiliated links: <none>, Vendor Data: <none>
03-06 14:02:38.418   685   829 D WifiScoreCard: txRate: 0 txSpeed: 2
03-06 14:02:38.418   685   829 D WifiScoreCard: network update SIGNAL_POLL "AndroidWifi" ID: 588763177 RSSI -50 txSpeed -1
03-06 14:02:38.418   685   829 D WifiClientModeImpl[10579:wlan0]:  ClientModeImpl$L2ConnectedState screen=on 1 0 "AndroidWifi" 00:13:10:85:fe:01 rssi=-50 f=2447 sc=60 link=2 tx=0.0, 0.0, 0.0 rx=0.0 bcn=0 [on:0 tx:0 rx:0 period:3004] from screen [on:0 period:-1019334830] score=60
03-06 14:02:38.439  2554  2559 I .eucsoh.android: Background concurrent mark compact GC freed 31MB AllocSpace bytes, 0(0B) LOS objects, 37% free, 40MB/64MB, paused 914us,3.064ms total 156.369ms
03-06 14:02:38.818  2554  2559 I .eucsoh.android: Background concurrent mark compact GC freed 31MB AllocSpace bytes, 0(0B) LOS objects, 36% free, 41MB/65MB, paused 560us,1.849ms total 135.164ms
03-06 14:02:38.955  1550  1775 I MediaProvider: Open with lower FS for /storage/0000-0000/Downloads/EUC World/Journal des données EUC - Begode Master Pro (GotWay_69594) - 2025-10-24 110914.csv. Uid: 10066
03-06 14:02:38.983  1550  1775 I MediaProvider: Open with lower FS for /storage/0000-0000/Downloads/EUC World/Journal des données EUC - Begode Master Pro (GotWay_69594) - 2025-10-27 165416.csv. Uid: 10066
03-06 14:02:39.012  1550  1775 I MediaProvider: Open with lower FS for /storage/0000-0000/Downloads/EUC World/Journal des données EUC - Begode Master Pro (GotWay_69594) - 2025-07-15 083013.csv. Uid: 10066
03-06 14:02:39.280  1056  1253 D SatelliteController: iisInCarrierRoamingNbIotNtn: satellite is disabled
03-06 14:02:39.878  2554  2559 I .eucsoh.android: Background concurrent mark compact GC freed 14MB AllocSpace bytes, 0(0B) LOS objects, 45% free, 28MB/52MB, paused 727us,2.630ms total 108.698ms
03-06 14:02:40.245  2554  2559 I .eucsoh.android: Background concurrent mark compact GC freed 30MB AllocSpace bytes, 0(0B) LOS objects, 44% free, 29MB/53MB, paused 1.042ms,2.483ms total 109.738ms
03-06 14:02:40.632  2554  2559 I .eucsoh.android: Background concurrent mark compact GC freed 30MB AllocSpace bytes, 0(0B) LOS objects, 43% free, 31MB/55MB, paused 569us,2.509ms total 122.946ms
03-06 14:02:41.011  2554  2559 I .eucsoh.android: Background concurrent mark compact GC freed 29MB AllocSpace bytes, 0(0B) LOS objects, 43% free, 30MB/54MB, paused 424us,2.879ms total 114.424ms
03-06 14:02:41.421   685   829 D WifiClientModeImpl[10579:wlan0]: updateLinkLayerStatsRssiSpeedFrequencyCapabilities rssi=-50 TxLinkspeed=2 freq=2447 RxLinkSpeed=2
03-06 14:02:41.422   685   829 D WifiDataStall: tx tput in kbps: 11000
03-06 14:02:41.422   685   829 D WifiDataStall: rx tput in kbps: 11000
03-06 14:02:41.422   685   829 V WifiConfigManager: Updating scan detail cache freq=2447 BSSID=00:13:10:85:fe:01 RSSI=-50 for "AndroidWifi"NONE
03-06 14:02:41.422   685   829 D WifiThroughputPredictor:  utilization (LLS) 80 isBluetoothConnected: false final utilization: 80
03-06 14:02:41.422   685   829 D WifiThroughputPredictor:  BW: 0 RSSI: -50 Nss: 1 Mode: 1 symDur: 4000 snrDb 30 bitPerTone: 4500 rate: 54 throughput: 11
03-06 14:02:41.422   685   829 D WifiThroughputPredictor:  utilization (LLS) 80 isBluetoothConnected: false final utilization: 80
03-06 14:02:41.422   685   829 D WifiThroughputPredictor:  BW: 0 RSSI: -50 Nss: 1 Mode: 1 symDur: 4000 snrDb 30 bitPerTone: 4500 rate: 54 throughput: 11
03-06 14:02:41.422   685   829 D WifiThroughputPredictor:  utilization (LLS) 80 isBluetoothConnected: false final utilization: 80
03-06 14:02:41.422   685   829 D WifiThroughputPredictor:  BW: 0 RSSI: -50 Nss: 1 Mode: 1 symDur: 4000 snrDb 30 bitPerTone: 4500 rate: 54 throughput: 11
03-06 14:02:41.422   685   829 D WifiThroughputPredictor:  utilization (LLS) 80 isBluetoothConnected: false final utilization: 80
03-06 14:02:41.422   685   829 D WifiThroughputPredictor:  BW: 0 RSSI: -50 Nss: 1 Mode: 1 symDur: 4000 snrDb 30 bitPerTone: 4500 rate: 54 throughput: 11
03-06 14:02:41.425   685   829 D WifiScoreCard: BSSID update SIGNAL_POLL ID: 1112605923 SSID: "AndroidWifi", BSSID: 00:13:10:85:fe:01, MAC: 02:15:b2:00:00:00, IP: /10.0.2.16, Security type: 0, Supplicant state: COMPLETED, Wi-Fi standard: legacy, RSSI: -50, Link speed: 2Mbps, Tx Link speed: 2Mbps, Max Supported Tx Link speed: 11Mbps, Rx Link speed: 2Mbps, Max Supported Rx Link speed: 11Mbps, Frequency: 2447MHz, Net ID: 0, Metered hint: false, score: 60, isUsable: true, CarrierMerged: false, SubscriptionId: -1, IsPrimary: 1, Trusted: true, Restricted: false, Ephemeral: false, OEM paid: false, OEM private: false, OSU AP: false, FQDN: <none>, Provider friendly name: <none>, Requesting package name: <none>"AndroidWifi"openMLO Information: , Is TID-To-Link negotiation supported by the AP: false, AP MLD Address: <none>, AP MLO Link Id: <none>, AP MLO Affiliated links: <none>, Vendor Data: <none>
03-06 14:02:41.425   685   829 D WifiScoreCard: txRate: 0 txSpeed: 2
03-06 14:02:41.425   685   829 D WifiScoreCard: network update SIGNAL_POLL "AndroidWifi" ID: 588763177 RSSI -50 txSpeed -1
03-06 14:02:41.425   685   829 D WifiClientModeImpl[10579:wlan0]:  ClientModeImpl$L2ConnectedState screen=on 1 0 "AndroidWifi" 00:13:10:85:fe:01 rssi=-50 f=2447 sc=60 link=2 tx=0.0, 0.0, 0.0 rx=0.0 bcn=0 [on:0 tx:0 rx:0 period:3007] from screen [on:0 period:-1019331823] score=60
03-06 14:02:41.443  2554  2559 I .eucsoh.android: Background concurrent mark compact GC freed 26MB AllocSpace bytes, 0(0B) LOS objects, 39% free, 36MB/60MB, paused 418us,4.115ms total 129.606ms
03-06 14:02:41.848  2554  2559 I .eucsoh.android: Background concurrent mark compact GC freed 33MB AllocSpace bytes, 0(0B) LOS objects, 38% free, 38MB/62MB, paused 635us,2.483ms total 145.658ms
03-06 14:02:42.256  1550  1775 I MediaProvider: Open with lower FS for /storage/0000-0000/Downloads/EUC World/Journal des données EUC - Begode Master Pro (GotWay_69594) - 2025-10-24 080950.csv. Uid: 10066
03-06 14:02:42.282  1550  1775 I MediaProvider: Open with lower FS for /storage/0000-0000/Downloads/EUC World/Journal des données EUC - Begode Master Pro (GotWay_69594) - 2025-09-25 184951.csv. Uid: 10066
03-06 14:02:42.329  1550  1775 I MediaProvider: Open with lower FS for /storage/0000-0000/Downloads/EUC World/Journal des données EUC - Begode Master Pro (GotWay_69594) - 2025-07-25 174421.csv. Uid: 10066
03-06 14:02:43.259  2554  2559 I .eucsoh.android: Background concurrent mark compact GC freed 19MB AllocSpace bytes, 0(0B) LOS objects, 44% free, 29MB/53MB, paused 563us,2.278ms total 105.898ms
03-06 14:02:43.618  2554  2559 I .eucsoh.android: Background concurrent mark compact GC freed 30MB AllocSpace bytes, 0(0B) LOS objects, 42% free, 32MB/56MB, paused 351us,2.909ms total 104.428ms
03-06 14:02:43.965  2554  2559 I .eucsoh.android: Background concurrent mark compact GC freed 31MB AllocSpace bytes, 0(0B) LOS objects, 42% free, 32MB/56MB, paused 219us,2.921ms total 101.205ms
03-06 14:02:44.331  2554  2559 I .eucsoh.android: Background concurrent mark compact GC freed 27MB AllocSpace bytes, 0(0B) LOS objects, 40% free, 35MB/59MB, paused 247us,2.339ms total 113.388ms
03-06 14:02:44.430   685   829 D WifiClientModeImpl[10579:wlan0]: updateLinkLayerStatsRssiSpeedFrequencyCapabilities rssi=-50 TxLinkspeed=2 freq=2447 RxLinkSpeed=2
03-06 14:02:44.431   685   829 D WifiDataStall: tx tput in kbps: 11000
03-06 14:02:44.431   685   829 D WifiDataStall: rx tput in kbps: 11000
03-06 14:02:44.431   685   829 V WifiConfigManager: Updating scan detail cache freq=2447 BSSID=00:13:10:85:fe:01 RSSI=-50 for "AndroidWifi"NONE
03-06 14:02:44.431   685   829 D WifiThroughputPredictor:  utilization (LLS) 80 isBluetoothConnected: false final utilization: 80
03-06 14:02:44.431   685   829 D WifiThroughputPredictor:  BW: 0 RSSI: -50 Nss: 1 Mode: 1 symDur: 4000 snrDb 30 bitPerTone: 4500 rate: 54 throughput: 11
03-06 14:02:44.431   685   829 D WifiThroughputPredictor:  utilization (LLS) 80 isBluetoothConnected: false final utilization: 80
03-06 14:02:44.431   685   829 D WifiThroughputPredictor:  BW: 0 RSSI: -50 Nss: 1 Mode: 1 symDur: 4000 snrDb 30 bitPerTone: 4500 rate: 54 throughput: 11
03-06 14:02:44.431   685   829 D WifiThroughputPredictor:  utilization (LLS) 80 isBluetoothConnected: false final utilization: 80
03-06 14:02:44.431   685   829 D WifiThroughputPredictor:  BW: 0 RSSI: -50 Nss: 1 Mode: 1 symDur: 4000 snrDb 30 bitPerTone: 4500 rate: 54 throughput: 11
03-06 14:02:44.431   685   829 D WifiThroughputPredictor:  utilization (LLS) 80 isBluetoothConnected: false final utilization: 80
03-06 14:02:44.431   685   829 D WifiThroughputPredictor:  BW: 0 RSSI: -50 Nss: 1 Mode: 1 symDur: 4000 snrDb 30 bitPerTone: 4500 rate: 54 throughput: 11
03-06 14:02:44.432   685   829 D WifiScoreCard: BSSID update SIGNAL_POLL ID: 1112605923 SSID: "AndroidWifi", BSSID: 00:13:10:85:fe:01, MAC: 02:15:b2:00:00:00, IP: /10.0.2.16, Security type: 0, Supplicant state: COMPLETED, Wi-Fi standard: legacy, RSSI: -50, Link speed: 2Mbps, Tx Link speed: 2Mbps, Max Supported Tx Link speed: 11Mbps, Rx Link speed: 2Mbps, Max Supported Rx Link speed: 11Mbps, Frequency: 2447MHz, Net ID: 0, Metered hint: false, score: 60, isUsable: true, CarrierMerged: false, SubscriptionId: -1, IsPrimary: 1, Trusted: true, Restricted: false, Ephemeral: false, OEM paid: false, OEM private: false, OSU AP: false, FQDN: <none>, Provider friendly name: <none>, Requesting package name: <none>"AndroidWifi"openMLO Information: , Is TID-To-Link negotiation supported by the AP: false, AP MLD Address: <none>, AP MLO Link Id: <none>, AP MLO Affiliated links: <none>, Vendor Data: <none>
03-06 14:02:44.432   685   829 D WifiScoreCard: txRate: 0 txSpeed: 2
03-06 14:02:44.432   685   829 D WifiScoreCard: network update SIGNAL_POLL "AndroidWifi" ID: 588763177 RSSI -50 txSpeed -1
03-06 14:02:44.432   685   829 D WifiClientModeImpl[10579:wlan0]:  ClientModeImpl$L2ConnectedState screen=on 1 0 "AndroidWifi" 00:13:10:85:fe:01 rssi=-50 f=2447 sc=60 link=2 tx=0.0, 0.0, 0.0 rx=0.0 bcn=0 [on:0 tx:0 rx:0 period:3007] from screen [on:0 period:-1019328816] score=60
03-06 14:02:44.708  2554  2559 I .eucsoh.android: Background concurrent mark compact GC freed 30MB AllocSpace bytes, 0(0B) LOS objects, 39% free, 37MB/61MB, paused 451us,2.038ms total 114.572ms
03-06 14:02:45.046  2554  2559 I .eucsoh.android: Background concurrent mark compact GC freed 32MB AllocSpace bytes, 0(0B) LOS objects, 38% free, 38MB/62MB, paused 444us,2.742ms total 109.838ms
03-06 14:02:45.275  1550  1775 I MediaProvider: Open with lower FS for /storage/0000-0000/Downloads/EUC World/Journal des données EUC - Begode Master Pro (GotWay_69594) - 2025-09-27 143437.csv. Uid: 10066
03-06 14:02:45.309  1550  1775 I MediaProvider: Open with lower FS for /storage/0000-0000/Downloads/EUC World/Journal des données EUC - Begode Master Pro (GotWay_69594) - 2025-09-25 185136.csv. Uid: 10066
03-06 14:02:45.357  1550  1775 I MediaProvider: Open with lower FS for /storage/0000-0000/Downloads/EUC World/Journal des données EUC - Begode Master Pro (GotWay_69594) - 2025-07-08 172940.csv. Uid: 10066
03-06 14:02:47.198  2554  2559 I .eucsoh.android: Background concurrent mark compact GC freed 28MB AllocSpace bytes, 0(0B) LOS objects, 42% free, 32MB/56MB, paused 289us,3.326ms total 104.550ms
03-06 14:02:47.433   685   829 D WifiClientModeImpl[10579:wlan0]: updateLinkLayerStatsRssiSpeedFrequencyCapabilities rssi=-50 TxLinkspeed=2 freq=2447 RxLinkSpeed=2
03-06 14:02:47.435   685   829 D WifiDataStall: tx tput in kbps: 11000
03-06 14:02:47.435   685   829 D WifiDataStall: rx tput in kbps: 11000
03-06 14:02:47.435   685   829 V WifiConfigManager: Updating scan detail cache freq=2447 BSSID=00:13:10:85:fe:01 RSSI=-50 for "AndroidWifi"NONE
03-06 14:02:47.435   685   829 D WifiThroughputPredictor:  utilization (LLS) 80 isBluetoothConnected: false final utilization: 80
03-06 14:02:47.435   685   829 D WifiThroughputPredictor:  BW: 0 RSSI: -50 Nss: 1 Mode: 1 symDur: 4000 snrDb 30 bitPerTone: 4500 rate: 54 throughput: 11
03-06 14:02:47.435   685   829 D WifiThroughputPredictor:  utilization (LLS) 80 isBluetoothConnected: false final utilization: 80
03-06 14:02:47.435   685   829 D WifiThroughputPredictor:  BW: 0 RSSI: -50 Nss: 1 Mode: 1 symDur: 4000 snrDb 30 bitPerTone: 4500 rate: 54 throughput: 11
03-06 14:02:47.436   685   829 D WifiThroughputPredictor:  utilization (LLS) 80 isBluetoothConnected: false final utilization: 80
03-06 14:02:47.436   685   829 D WifiThroughputPredictor:  BW: 0 RSSI: -50 Nss: 1 Mode: 1 symDur: 4000 snrDb 30 bitPerTone: 4500 rate: 54 throughput: 11
03-06 14:02:47.436   685   829 D WifiThroughputPredictor:  utilization (LLS) 80 isBluetoothConnected: false final utilization: 80
03-06 14:02:47.436   685   829 D WifiThroughputPredictor:  BW: 0 RSSI: -50 Nss: 1 Mode: 1 symDur: 4000 snrDb 30 bitPerTone: 4500 rate: 54 throughput: 11
03-06 14:02:47.436   685   829 D WifiScoreCard: BSSID update SIGNAL_POLL ID: 1112605923 SSID: "AndroidWifi", BSSID: 00:13:10:85:fe:01, MAC: 02:15:b2:00:00:00, IP: /10.0.2.16, Security type: 0, Supplicant state: COMPLETED, Wi-Fi standard: legacy, RSSI: -50, Link speed: 2Mbps, Tx Link speed: 2Mbps, Max Supported Tx Link speed: 11Mbps, Rx Link speed: 2Mbps, Max Supported Rx Link speed: 11Mbps, Frequency: 2447MHz, Net ID: 0, Metered hint: false, score: 60, isUsable: true, CarrierMerged: false, SubscriptionId: -1, IsPrimary: 1, Trusted: true, Restricted: false, Ephemeral: false, OEM paid: false, OEM private: false, OSU AP: false, FQDN: <none>, Provider friendly name: <none>, Requesting package name: <none>"AndroidWifi"openMLO Information: , Is TID-To-Link negotiation supported by the AP: false, AP MLD Address: <none>, AP MLO Link Id: <none>, AP MLO Affiliated links: <none>, Vendor Data: <none>
03-06 14:02:47.436   685   829 D WifiScoreCard: txRate: 0 txSpeed: 2
03-06 14:02:47.436   685   829 D WifiScoreCard: network update SIGNAL_POLL "AndroidWifi" ID: 588763177 RSSI -50 txSpeed -1
03-06 14:02:47.436   685   829 D WifiClientModeImpl[10579:wlan0]:  ClientModeImpl$L2ConnectedState screen=on 1 0 "AndroidWifi" 00:13:10:85:fe:01 rssi=-50 f=2447 sc=60 link=2 tx=0.0, 0.0, 0.0 rx=0.0 bcn=0 [on:0 tx:0 rx:0 period:3004] from screen [on:0 period:-1019325812] score=60
03-06 14:02:47.617  2554  2559 I .eucsoh.android: Background concurrent mark compact GC freed 27MB AllocSpace bytes, 0(0B) LOS objects, 39% free, 37MB/61MB, paused 360us,2.812ms total 116.135ms
03-06 14:02:47.966  2554  2559 I .eucsoh.android: Background concurrent mark compact GC freed 32MB AllocSpace bytes, 0(0B) LOS objects, 38% free, 38MB/62MB, paused 333us,2.668ms total 110.147ms
03-06 14:02:48.290  2554  2575 D SohAnalyzer: Pass 2: 16/23 files processed
03-06 14:02:48.290  2554  2575 D SohAnalyzer: Final: 8/16 stats valid
03-06 14:02:48.320  2554  2575 D SohAnalyzer: Pack config: Ns=32, Vnom=118.4, Rpack=0.448
03-06 14:02:48.350  2554  2575 D SohAnalyzer: Analysis complete: 4 alarms detected
03-06 14:02:48.350  2554  2575 D SohViewModel: Analysis completed successfully
03-06 14:02:48.350  2554  2575 D SohViewModel:   - Ns: 32
03-06 14:02:48.350  2554  2575 D SohViewModel:   - V nominal: 118.4
03-06 14:02:48.350  2554  2575 D SohViewModel:   - R pack nominal: 0.448
03-06 14:02:48.350  2554  2575 D SohViewModel:   - Ea: 10.0 kJ/mol
03-06 14:02:48.350  2554  2575 D SohViewModel:   - Alarms: 4
03-06 14:02:49.277  1056  1253 D SatelliteController: iisInCarrierRoamingNbIotNtn: satellite is disabled
03-06 14:02:50.441   685   829 D WifiClientModeImpl[10579:wlan0]: updateLinkLayerStatsRssiSpeedFrequencyCapabilities rssi=-50 TxLinkspeed=2 freq=2447 RxLinkSpeed=2
03-06 14:02:50.441   685   829 D WifiDataStall: tx tput in kbps: 11000
03-06 14:02:50.441   685   829 D WifiDataStall: rx tput in kbps: 11000
03-06 14:02:50.441   685   829 V WifiConfigManager: Updating scan detail cache freq=2447 BSSID=00:13:10:85:fe:01 RSSI=-50 for "AndroidWifi"NONE
03-06 14:02:50.441   685   829 D WifiThroughputPredictor:  utilization (LLS) 80 isBluetoothConnected: false final utilization: 80
03-06 14:02:50.441   685   829 D WifiThroughputPredictor:  BW: 0 RSSI: -50 Nss: 1 Mode: 1 symDur: 4000 snrDb 30 bitPerTone: 4500 rate: 54 throughput: 11
03-06 14:02:50.441   685   829 D WifiThroughputPredictor:  utilization (LLS) 80 isBluetoothConnected: false final utilization: 80
03-06 14:02:50.441   685   829 D WifiThroughputPredictor:  BW: 0 RSSI: -50 Nss: 1 Mode: 1 symDur: 4000 snrDb 30 bitPerTone: 4500 rate: 54 throughput: 11
03-06 14:02:50.441   685   829 D WifiThroughputPredictor:  utilization (LLS) 80 isBluetoothConnected: false final utilization: 80
03-06 14:02:50.441   685   829 D WifiThroughputPredictor:  BW: 0 RSSI: -50 Nss: 1 Mode: 1 symDur: 4000 snrDb 30 bitPerTone: 4500 rate: 54 throughput: 11
03-06 14:02:50.441   685   829 D WifiThroughputPredictor:  utilization (LLS) 80 isBluetoothConnected: false final utilization: 80
03-06 14:02:50.441   685   829 D WifiThroughputPredictor:  BW: 0 RSSI: -50 Nss: 1 Mode: 1 symDur: 4000 snrDb 30 bitPerTone: 4500 rate: 54 throughput: 11
03-06 14:02:50.441   685   829 D WifiScoreCard: BSSID update SIGNAL_POLL ID: 1112605923 SSID: "AndroidWifi", BSSID: 00:13:10:85:fe:01, MAC: 02:15:b2:00:00:00, IP: /10.0.2.16, Security type: 0, Supplicant state: COMPLETED, Wi-Fi standard: legacy, RSSI: -50, Link speed: 2Mbps, Tx Link speed: 2Mbps, Max Supported Tx Link speed: 11Mbps, Rx Link speed: 2Mbps, Max Supported Rx Link speed: 11Mbps, Frequency: 2447MHz, Net ID: 0, Metered hint: false, score: 60, isUsable: true, CarrierMerged: false, SubscriptionId: -1, IsPrimary: 1, Trusted: true, Restricted: false, Ephemeral: false, OEM paid: false, OEM private: false, OSU AP: false, FQDN: <none>, Provider friendly name: <none>, Requesting package name: <none>"AndroidWifi"openMLO Information: , Is TID-To-Link negotiation supported by the AP: false, AP MLD Address: <none>, AP MLO Link Id: <none>, AP MLO Affiliated links: <none>, Vendor Data: <none>
03-06 14:02:50.441   685   829 D WifiScoreCard: txRate: 0 txSpeed: 2
03-06 14:02:50.441   685   829 D WifiScoreCard: network update SIGNAL_POLL "AndroidWifi" ID: 588763177 RSSI -50 txSpeed -1
03-06 14:02:50.442   685   829 D WifiClientModeImpl[10579:wlan0]:  ClientModeImpl$L2ConnectedState screen=on 1 0 "AndroidWifi" 00:13:10:85:fe:01 rssi=-50 f=2447 sc=60 link=2 tx=0.0, 0.0, 0.0 rx=0.0 bcn=0 [on:0 tx:0 rx:0 period:3005] from screen [on:0 period:-1019322806] score=60
03-06 14:02:53.446   685   829 D WifiClientModeImpl[10579:wlan0]: updateLinkLayerStatsRssiSpeedFrequencyCapabilities rssi=-50 TxLinkspeed=2 freq=2447 RxLinkSpeed=2
03-06 14:02:53.446   685   829 D WifiDataStall: tx tput in kbps: 11000
03-06 14:02:53.446   685   829 D WifiDataStall: rx tput in kbps: 11000
03-06 14:02:53.446   685   829 V WifiConfigManager: Updating scan detail cache freq=2447 BSSID=00:13:10:85:fe:01 RSSI=-50 for "AndroidWifi"NONE
03-06 14:02:53.446   685   829 D WifiThroughputPredictor:  utilization (LLS) 80 isBluetoothConnected: false final utilization: 80
03-06 14:02:53.446   685   829 D WifiThroughputPredictor:  BW: 0 RSSI: -50 Nss: 1 Mode: 1 symDur: 4000 snrDb 30 bitPerTone: 4500 rate: 54 throughput: 11
03-06 14:02:53.446   685   829 D WifiThroughputPredictor:  utilization (LLS) 80 isBluetoothConnected: false final utilization: 80
03-06 14:02:53.446   685   829 D WifiThroughputPredictor:  BW: 0 RSSI: -50 Nss: 1 Mode: 1 symDur: 4000 snrDb 30 bitPerTone: 4500 rate: 54 throughput: 11
03-06 14:02:53.446   685   829 D WifiThroughputPredictor:  utilization (LLS) 80 isBluetoothConnected: false final utilization: 80
03-06 14:02:53.446   685   829 D WifiThroughputPredictor:  BW: 0 RSSI: -50 Nss: 1 Mode: 1 symDur: 4000 snrDb 30 bitPerTone: 4500 rate: 54 throughput: 11
03-06 14:02:53.446   685   829 D WifiThroughputPredictor:  utilization (LLS) 80 isBluetoothConnected: false final utilization: 80
03-06 14:02:53.446   685   829 D WifiThroughputPredictor:  BW: 0 RSSI: -50 Nss: 1 Mode: 1 symDur: 4000 snrDb 30 bitPerTone: 4500 rate: 54 throughput: 11
03-06 14:02:53.446   685   829 D WifiScoreCard: BSSID update SIGNAL_POLL ID: 1112605923 SSID: "AndroidWifi", BSSID: 00:13:10:85:fe:01, MAC: 02:15:b2:00:00:00, IP: /10.0.2.16, Security type: 0, Supplicant state: COMPLETED, Wi-Fi standard: legacy, RSSI: -50, Link speed: 2Mbps, Tx Link speed: 2Mbps, Max Supported Tx Link speed: 11Mbps, Rx Link speed: 2Mbps, Max Supported Rx Link speed: 11Mbps, Frequency: 2447MHz, Net ID: 0, Metered hint: false, score: 60, isUsable: true, CarrierMerged: false, SubscriptionId: -1, IsPrimary: 1, Trusted: true, Restricted: false, Ephemeral: false, OEM paid: false, OEM private: false, OSU AP: false, FQDN: <none>, Provider friendly name: <none>, Requesting package name: <none>"AndroidWifi"openMLO Information: , Is TID-To-Link negotiation supported by the AP: false, AP MLD Address: <none>, AP MLO Link Id: <none>, AP MLO Affiliated links: <none>, Vendor Data: <none>
03-06 14:02:53.446   685   829 D WifiScoreCard: txRate: 0 txSpeed: 2
03-06 14:02:53.446   685   829 D WifiScoreCard: network update SIGNAL_POLL "AndroidWifi" ID: 588763177 RSSI -50 txSpeed -1
03-06 14:02:53.446   685   829 D WifiClientModeImpl[10579:wlan0]:  ClientModeImpl$L2ConnectedState screen=on 1 0 "AndroidWifi" 00:13:10:85:fe:01 rssi=-50 f=2447 sc=60 link=2 tx=0.0, 0.0, 0.0 rx=0.0 bcn=0 [on:0 tx:0 rx:0 period:3004] from screen [on:0 period:-1019319802] score=60
